#
# A fatal error has been detected by the Java Runtime Environment:
#
#  EXCEPTION_ACCESS_VIOLATION (0xc0000005) at pc=0x00007ffa4cceaa89, pid=35296, tid=35996
#
# JRE version: Java(TM) SE Runtime Environment (24.0.2+12) (build 24.0.2+12-54)
# Java VM: Java HotSpot(TM) 64-Bit Server VM (24.0.2+12-54, mixed mode, sharing, tiered, compressed oops, compressed class ptrs, g1 gc, windows-amd64)
# Problematic frame:
# C  [awt.dll+0xdaa89]
#
# No core dump will be written. Minidumps are not enabled by default on client versions of Windows
#
# If you would like to submit a bug report, please visit:
#   https://bugreport.java.com/bugreport/crash.jsp
# The crash happened outside the Java Virtual Machine in native code.
# See problematic frame for where to report the bug.
#

---------------  S U M M A R Y ------------

Command Line: io.qameta.allure.CommandLine serve C:\Users\cmirzac\IdeaProjects\AutomationUpskilling\target\allure-results

Host: 11th Gen Intel(R) Core(TM) i7-11850H @ 2.50GHz, 16 cores, 15G,  Windows 11 , 64 bit Build 26100 (10.0.26100.4768)
Time: Thu Sep 11 08:32:35 2025 E. Europe Daylight Time elapsed time: 152602.710626 seconds (1d 18h 23m 22s)

---------------  T H R E A D  ---------------

Current thread (0x000001c074f2e7b0):  JavaThread "AWT-EventQueue-0"        [_thread_in_native, id=35996, stack(0x000000962eb00000,0x000000962ec00000) (1024K)]

Stack: [0x000000962eb00000,0x000000962ec00000],  sp=0x000000962ebfee40,  free space=1019k
Native frames: (J=compiled Java code, j=interpreted, Vv=VM code, C=native code)
C  [awt.dll+0xdaa89]  (no source info available)
C  [awt.dll+0xd9e48]  (no source info available)
C  0x000001c01deecf40  (no source info available)

The last pc belongs to native method entry point (kind = native) (printed below).
Java frames: (J=compiled Java code, j=interpreted, Vv=VM code)
j  sun.awt.Win32GraphicsConfig.getBounds(I)Ljava/awt/Rectangle;+0 java.desktop@24.0.2
j  sun.awt.Win32GraphicsConfig.getBounds()Ljava/awt/Rectangle;+8 java.desktop@24.0.2
j  sun.awt.Win32GraphicsDevice.displayChanged()V+23 java.desktop@24.0.2
j  sun.awt.Win32GraphicsEnvironment.displayChanged()V+271 java.desktop@24.0.2
j  sun.awt.windows.WToolkit.lambda$displayChanged$0()V+15 java.desktop@24.0.2
j  sun.awt.windows.WToolkit$$Lambda+0x000001c0303551e8.run()V+0 java.desktop@24.0.2
j  java.awt.event.InvocationEvent.dispatch()V+47 java.desktop@24.0.2
j  java.awt.EventQueue.dispatchEventImpl(Ljava/awt/AWTEvent;Ljava/lang/Object;)V+21 java.desktop@24.0.2
j  java.awt.EventQueue.dispatchEvent(Ljava/awt/AWTEvent;)V+22 java.desktop@24.0.2
j  java.awt.EventDispatchThread.pumpOneEventForFilters(I)V+81 java.desktop@24.0.2
j  java.awt.EventDispatchThread.pumpEventsForFilter(ILjava/awt/Conditional;Ljava/awt/EventFilter;)V+35 java.desktop@24.0.2
j  java.awt.EventDispatchThread.pumpEventsForHierarchy(ILjava/awt/Conditional;Ljava/awt/Component;)V+11 java.desktop@24.0.2
j  java.awt.EventDispatchThread.pumpEvents(ILjava/awt/Conditional;)V+4 java.desktop@24.0.2
j  java.awt.EventDispatchThread.pumpEvents(Ljava/awt/Conditional;)V+3 java.desktop@24.0.2
j  java.awt.EventDispatchThread.run()V+9 java.desktop@24.0.2
v  ~StubRoutines::call_stub 0x000001c01dee0fcd

siginfo: EXCEPTION_ACCESS_VIOLATION (0xc0000005), reading address 0x0000000000000028


Registers:
RAX=0x0000000000000000, RBX=0x000001c077aeead0, RCX=0x0000000000000000, RDX=0x0000000000000000
RSP=0x000000962ebfee40, RBP=0x0000000000000000, RSI=0x0000000000000000, RDI=0x0000000000000000
R8 =0x0000000000000001, R9 =0x000000962e8f3000, R10=0x000001c077aeee70, R11=0x000001c071def678
R12=0x0000000000000000, R13=0x000001c0753cdaa8, R14=0x000001c075851600, R15=0x0000000000000000
RIP=0x00007ffa4cceaa89, EFLAGS=0x0000000000010246

XMM[0]=0x0000000000000000 0x0000000000000000
XMM[1]=0x0000000000000000 0x000000962ebfef10
XMM[2]=0x0000000000000000 0x0000000000000000
XMM[3]=0x0000000000000000 0x0000000000000000
XMM[4]=0x0000000000000000 0x0000000000000000
XMM[5]=0x000001c074f2e7b0 0x0000000000000001
XMM[6]=0x0000000000000000 0x0000000000000000
XMM[7]=0x0000000000000000 0x0000000000000000
XMM[8]=0x0000000000000000 0x0000000000000000
XMM[9]=0x0000000000000000 0x0000000000000000
XMM[10]=0x0000000000000000 0x0000000000000000
XMM[11]=0x0000000000000000 0x0000000000000000
XMM[12]=0x0000000000000000 0x0000000000000000
XMM[13]=0x0000000000000000 0x0000000000000000
XMM[14]=0x0000000000000000 0x0000000000000000
XMM[15]=0x0000000000000000 0x0000000000000000
  MXCSR=0x00001fa0


Register to memory mapping:

RAX=0x0 is null
RBX=0x000001c077aeead0 points into unknown readable memory: 0x000001c077d93900 | 00 39 d9 77 c0 01 00 00
RCX=0x0 is null
RDX=0x0 is null
RSP=0x000000962ebfee40 is pointing into the stack for thread: 0x000001c074f2e7b0
RBP=0x0 is null
RSI=0x0 is null
RDI=0x0 is null
R8 =0x0000000000000001 is an unknown value
R9 =0x000000962e8f3000 points into unknown readable memory: 0x0000000000000000 | 00 00 00 00 00 00 00 00
R10=0x000001c077aeee70 points into unknown readable memory: 0x0000001e00000003 | 03 00 00 00 1e 00 00 00
R11={method} {0x000001c071def680} '<init>' '(IIII)V' in 'java/awt/Rectangle'
R12=0x0 is null
R13=0x000001c0753cdaa8 points into unknown readable memory: 0x000001c071def678 | 78 f6 de 71 c0 01 00 00
R14=0x000001c075851600 points into unknown readable memory: 0x00000007fff39768 | 68 97 f3 ff 07 00 00 00
R15=0x0 is null

Top of Stack: (sp=0x000000962ebfee40)
0x000000962ebfee40:   00007ffa4cd47838 000001c077aeead0   8x.L.......w....
0x000000962ebfee50:   000001c074f2eb78 000001c077aeead0   x..t.......w....
0x000000962ebfee60:   000001c074f2eb78 00007ffa4cce9e48   x..t....H..L....
0x000000962ebfee70:   000001c077aeead0 000001c077aeead0   ...w.......w....
0x000000962ebfee80:   0000000000000000 000001c074f2eb78   ........x..t....
0x000000962ebfee90:   00000007ffefc840 000001c071ced7c0   @..........q....
0x000000962ebfeea0:   0000000000000000 000000962ebfeec0   ................
0x000000962ebfeeb0:   0000000000000000 0000000000000000   ................
0x000000962ebfeec0:   00003d9ca04db821 00000007fff38118   !.M..=..........
0x000000962ebfeed0:   000001c074f2e7b0 000000962ebfefb8   ...t............
0x000000962ebfeee0:   000001c071deb358 0000000000000000   X..q............
0x000000962ebfeef0:   0000000000000001 0000000000000000   ................
0x000000962ebfef00:   000000962ebfef90 000001c01deecf40   ........@.......
0x000000962ebfef10:   000000962ebfef28 000001c071deb358   (.......X..q....
0x000000962ebfef20:   000001c01dee8800 0000000000000000   ................
0x000000962ebfef30:   00000007fff38118 00000007fff531c8   .........1......
0x000000962ebfef40:   00000007fff531c8 fffffffffffffff7   .1..............
0x000000962ebfef50:   0000000000000000 0000000000000005   ................
0x000000962ebfef60:   000001c071dedde0 0000000000000000   ...q............
0x000000962ebfef70:   00000007fff39338 000001c071deb358   8.......X..q....
0x000000962ebfef80:   0000000000000000 000000962ebfefb0   ................
0x000000962ebfef90:   000000962ebff008 000001c01dee899a   ................
0x000000962ebfefa0:   0000000000000000 000001c01deea43a   ........:.......
0x000000962ebfefb0:   0000000000000000 00000007fff531c8   .........1......
0x000000962ebfefc0:   fffffffffffffff7 000001c071deb400   ...........q....
0x000000962ebfefd0:   0000000000000002 000001c071dedde0   ...........q....
0x000000962ebfefe0:   0000000000000000 00000007fff39338   ........8.......
0x000000962ebfeff0:   000001c071deb418 fffffffffffffff5   ...q............
0x000000962ebff000:   000000962ebff018 000000962ebff068   ........h.......
0x000000962ebff010:   000001c01dee899a 00000007fff531c8   .........1......
0x000000962ebff020:   fffffffffffffff7 000001c071ced617   ...........q....
0x000000962ebff030:   0000000000000003 000001c071ceed98   ...........q....

Instructions: (pc=0x00007ffa4cceaa89)
  0x00007ffa4ccea989:   cc cc cc cc cc cc cc 48 89 5c 24 08 48 89 6c 24
  0x00007ffa4ccea999:   10 48 89 74 24 18 57 48 83 ec 20 41 8b f8 0f b6
  0x00007ffa4ccea9a9:   f2 48 8b e9 e8 9e d3 f4 ff 48 8b d8 48 89 44 24
  0x00007ffa4ccea9b9:   48 41 b8 01 00 00 00 8b d7 48 8b c8 e8 06 d3 f4
  0x00007ffa4ccea9c9:   ff 48 8b c8 44 0f b6 c6 48 8b d5 e8 97 fa ff ff
  0x00007ffa4ccea9d9:   48 8b f8 48 8b cb e8 2c d5 f4 ff 90 48 8b c7 48
  0x00007ffa4ccea9e9:   8b 5c 24 30 48 8b 6c 24 38 48 8b 74 24 40 48 83
  0x00007ffa4ccea9f9:   c4 20 5f c3 cc cc cc 48 8b 49 28 e9 07 07 00 00
  0x00007ffa4cceaa09:   cc cc cc cc cc cc cc 48 89 5c 24 08 57 48 83 ec
  0x00007ffa4cceaa19:   20 8b f9 e8 2f d3 f4 ff 48 8b d8 48 89 44 24 38
  0x00007ffa4cceaa29:   41 b8 01 00 00 00 8b d7 48 8b c8 e8 97 d2 f4 ff
  0x00007ffa4cceaa39:   48 8b 08 8b 39 48 8b cb e8 ca d4 f4 ff 90 8b c7
  0x00007ffa4cceaa49:   48 8b 5c 24 30 48 83 c4 20 5f c3 cc cc cc cc cc
  0x00007ffa4cceaa59:   cc cc cc cc cc cc cc 48 89 5c 24 08 57 48 83 ec
  0x00007ffa4cceaa69:   20 8b f9 e8 df d2 f4 ff 48 8b d8 48 89 44 24 38
  0x00007ffa4cceaa79:   41 b8 01 00 00 00 8b d7 48 8b c8 e8 47 d2 f4 ff
=>0x00007ffa4cceaa89:   48 8b 78 28 48 8b cb e8 7b d4 f4 ff 90 48 8b c7
  0x00007ffa4cceaa99:   48 8b 5c 24 30 48 83 c4 20 5f c3 cc cc cc cc cc
  0x00007ffa4cceaaa9:   cc cc cc cc cc cc cc 48 89 5c 24 08 57 48 83 ec
  0x00007ffa4cceaab9:   20 8b f9 e8 8f d2 f4 ff 48 8b d8 48 89 44 24 38
  0x00007ffa4cceaac9:   41 b8 01 00 00 00 8b d7 48 8b c8 e8 f7 d1 f4 ff
  0x00007ffa4cceaad9:   48 8b 78 30 48 8b cb e8 2b d4 f4 ff 90 48 8b c7
  0x00007ffa4cceaae9:   48 8b 5c 24 30 48 83 c4 20 5f c3 cc cc cc cc cc
  0x00007ffa4cceaaf9:   cc cc cc cc cc cc cc 48 89 5c 24 08 57 48 83 ec
  0x00007ffa4cceab09:   20 8b f9 e8 3f d2 f4 ff 48 8b d8 48 89 44 24 38
  0x00007ffa4cceab19:   41 b8 01 00 00 00 8b d7 48 8b c8 e8 a7 d1 f4 ff
  0x00007ffa4cceab29:   48 8b 78 08 48 85 ff 74 07 48 8b bf 08 0c 00 00
  0x00007ffa4cceab39:   48 8b cb e8 cf d3 f4 ff 90 48 8b c7 48 8b 5c 24
  0x00007ffa4cceab49:   30 48 83 c4 20 5f c3 f3 0f 10 41 48 c3 cc cc cc
  0x00007ffa4cceab59:   cc cc cc cc cc cc cc f3 0f 10 41 4c c3 cc cc cc
  0x00007ffa4cceab69:   cc cc cc cc cc cc cc 48 89 5c 24 10 48 89 74 24
  0x00007ffa4cceab79:   18 55 57 41 56 48 8d 6c 24 e0 48 81 ec 20 01 00


Stack slot to memory mapping:

stack at sp + 0 slots: 0x00007ffa4cd47838 awt.dll
stack at sp + 1 slots: 0x000001c077aeead0 points into unknown readable memory: 0x000001c077d93900 | 00 39 d9 77 c0 01 00 00
stack at sp + 2 slots: 0x000001c074f2eb78 points into unknown readable memory: 0x00007ff9eb2217b0 | b0 17 22 eb f9 7f 00 00
stack at sp + 3 slots: 0x000001c077aeead0 points into unknown readable memory: 0x000001c077d93900 | 00 39 d9 77 c0 01 00 00
stack at sp + 4 slots: 0x000001c074f2eb78 points into unknown readable memory: 0x00007ff9eb2217b0 | b0 17 22 eb f9 7f 00 00
stack at sp + 5 slots: 0x00007ffa4cce9e48 awt.dll
stack at sp + 6 slots: 0x000001c077aeead0 points into unknown readable memory: 0x000001c077d93900 | 00 39 d9 77 c0 01 00 00
stack at sp + 7 slots: 0x000001c077aeead0 points into unknown readable memory: 0x000001c077d93900 | 00 39 d9 77 c0 01 00 00

Lock stack of current Java thread (top to bottom):

native method entry point (kind = native)  [0x000001c01deecb60, 0x000001c01deed6a0]  2880 bytes
[MachCode]
  0x000001c01deecb60: 488b 4b08 | 0fb7 492e | 584c 8d74 | ccf8 6800 | 0000 0068 | 0000 0000 | 5055 488b | ec41 5568 
  0x000001c01deecb80: 0000 0000 | 4c8b 6b08 | 4d8d 6d38 | 5348 8b53 | 0848 8b52 | 0848 8b52 | 1848 8b52 | 7048 8b12 
  0x000001c01deecba0: 5248 8b53 | 1048 85d2 | 0f84 0700 | 0000 4881 | c208 0100 | 0052 488b | 5308 488b | 5208 488b 
  0x000001c01deecbc0: 5210 5249 | 8bc6 482b | c548 c1e8 | 0350 6800 | 0000 0068 | f7ff ffff | 41c6 8771 | 0400 0001 
  0x000001c01deecbe0: 488b 4310 | 4885 c074 | 208b 88cc | 0000 0083 | c102 8988 | cc00 0000 | 2388 e000 | 0000 0f84 
  0x000001c01deecc00: ea09 0000 | e9cd 0000 | 0048 8b43 | 1848 85c0 | 0f85 b000 | 0000 e805 | 0000 00e9 | 9900 0000 
  0x000001c01deecc20: 488b d348 | 8d44 2408 | 4c89 6dc0 | 498b cfc5 | f877 4989 | afb8 0300 | 0049 8987 | a803 0000 
  0x000001c01deecc40: 4883 ec20 | 40f6 c40f | 0f84 1900 | 0000 4883 | ec08 48b8 | a02f a0ea | f97f 0000 | ffd0 4883 
  0x000001c01deecc60: c408 e90c | 0000 0048 | b8a0 2fa0 | eaf9 7f00 | 00ff d048 | 83c4 2049 | c787 a803 | 0000 0000 
  0x000001c01deecc80: 0000 49c7 | 87b8 0300 | 0000 0000 | 0049 c787 | b003 0000 | 0000 0000 | c5f8 7749 | 837f 0800 
  0x000001c01deecca0: 0f84 0500 | 0000 e915 | 42ff ff4c | 8b6d c04c | 8b75 c84e | 8d74 f500 | c348 8b43 | 1848 85c0 
  0x000001c01deeccc0: 0f84 1000 | 0000 8b08 | 83c1 0289 | 0823 4814 | 0f84 1809 | 0000 493b | a7f0 0400 | 000f 8748 
  0x000001c01deecce0: 0000 0089 | 8424 00f0 | ffff 8984 | 2400 e0ff | ff89 8424 | 00d0 ffff | 8984 2400 | c0ff ff89 
  0x000001c01deecd00: 8424 00b0 | ffff 8984 | 2400 a0ff | ff89 8424 | 0090 ffff | 8984 2400 | 80ff ff49 | 3ba7 e804 
  0x000001c01deecd20: 0000 7607 | 4989 a7f0 | 0400 0041 | c687 7104 | 0000 0048 | 8b5d e84c | 8b5b 0845 | 0fb7 5b2e 
  0x000001c01deecd40: 41c1 e303 | 492b e348 | 83ec 2048 | 83e4 f04c | 8b5b 604d | 85db 0f85 | ab00 0000 | e805 0000 
  0x000001c01deecd60: 00e9 9900 | 0000 488b | d348 8d44 | 2408 4c89 | 6dc0 498b | cfc5 f877 | 4989 afb8 | 0300 0049 
  0x000001c01deecd80: 8987 a803 | 0000 4883 | ec20 40f6 | c40f 0f84 | 1900 0000 | 4883 ec08 | 48b8 e059 | a0ea f97f 
  0x000001c01deecda0: 0000 ffd0 | 4883 c408 | e90c 0000 | 0048 b8e0 | 59a0 eaf9 | 7f00 00ff | d048 83c4 | 2049 c787 
  0x000001c01deecdc0: a803 0000 | 0000 0000 | 49c7 87b8 | 0300 0000 | 0000 0049 | c787 b003 | 0000 0000 | 0000 c5f8 
  0x000001c01deecde0: 7749 837f | 0800 0f84 | 0500 0000 | e9cf 40ff | ff4c 8b6d | c04c 8b75 | c84e 8d74 | f500 c348 
  0x000001c01deece00: 8b5d e84c | 8b5b 6041 | ffd3 488b | 5de8 4889 | 4518 448b | 5b28 41f6 | c308 0f84 | 1b00 0000 
  0x000001c01deece20: 4c8b 5b08 | 4d8b 5b08 | 4d8b 5b18 | 4d8b 5b70 | 4d8b 1b4c | 895d 1048 | 8d55 1048 | 8b43 5849 
  0x000001c01deece40: baf0 72d9 | eaf9 7f00 | 0049 3bc2 | 0f85 ab00 | 0000 e805 | 0000 00e9 | 9900 0000 | 488b d348 
  0x000001c01deece60: 8d44 2408 | 4c89 6dc0 | 498b cfc5 | f877 4989 | afb8 0300 | 0049 8987 | a803 0000 | 4883 ec20 
  0x000001c01deece80: 40f6 c40f | 0f84 1900 | 0000 4883 | ec08 48b8 | e059 a0ea | f97f 0000 | ffd0 4883 | c408 e90c 
  0x000001c01deecea0: 0000 0048 | b8e0 59a0 | eaf9 7f00 | 00ff d048 | 83c4 2049 | c787 a803 | 0000 0000 | 0000 49c7 
  0x000001c01deecec0: 87b8 0300 | 0000 0000 | 0049 c787 | b003 0000 | 0000 0000 | c5f8 7749 | 837f 0800 | 0f84 0500 
  0x000001c01deecee0: 0000 e9d9 | 3fff ff4c | 8b6d c04c | 8b75 c84e | 8d74 f500 | c348 8b5d | e848 8b43 | 5849 8d8f 
  0x000001c01deecf00: c803 0000 | 4c8d 15d5 | 0000 004d | 8997 b003 | 0000 c5f8 | 7749 89af | b803 0000 | 4989 a7a8 
  0x000001c01deecf20: 0300 0041 | c787 5404 | 0000 0400 | 0000 493b | a748 0500 | 0076 0749 | 89a7 4805 | 0000 ffd0 
  0x000001c01deecf40: 493b a748 | 0500 0072 | 0b49 c787 | 4805 0000 | 0000 0000 | c5f8 7748 | 83ec 10c5 | fb11 0424 
  0x000001c01deecf60: 4883 ec10 | 4889 0424 | 48c7 4424 | 0800 0000 | 0041 c787 | 5404 0000 | 0500 0000 | f083 4424 
  0x000001c01deecf80: c000 493b | 6f28 0f87 | 0e00 0000 | 4183 bf50 | 0400 0000 | 0f84 2000 | 0000 498b | cf4c 8be4 
  0x000001c01deecfa0: 4883 ec20 | 4883 e4f0 | 48b8 10b9 | a1ea f97f | 0000 ffd0 | 498b e44d | 33e4 41c7 | 8754 0400 
  0x000001c01deecfc0: 0008 0000 | 004d 8b97 | 7005 0000 | 4983 fa00 | 7435 49c7 | 8770 0500 | 0000 0000 | 0041 ffe2 
  0x000001c01deecfe0: 49ba 00bb | ee1d c001 | 0000 41ff | d248 83ec | 10c5 fb11 | 0424 4883 | ec10 4889 | 0424 48c7 
  0x000001c01deed000: 4424 0800 | 0000 0049 | c787 a803 | 0000 0000 | 0000 49c7 | 87b8 0300 | 0000 0000 | 0049 c787 
  0x000001c01deed020: b003 0000 | 0000 0000 | c5f8 774d | 8b9f 3804 | 0000 41c7 | 8300 0100 | 0000 0000 | 0049 bb3a 
  0x000001c01deed040: a4ee 1dc0 | 0100 004c | 3b5d 180f | 855b 0200 | 0048 8b04 | 2448 83c4 | 1048 85c0 | 0f84 3502 
  0x000001c01deed060: 0000 a803 | 0f85 0800 | 0000 488b | 00e9 2502 | 0000 a801 | 0f85 0900 | 0000 488b | 40fe e914 
  0x000001c01deed080: 0200 0048 | 8b40 ff41 | 807f 4800 | 0f84 0502 | 0000 4883 | f800 0f84 | fb01 0000 | 4d8b 5f38 
  0x000001c01deed0a0: 4d85 db0f | 8414 0000 | 0049 83eb | 084d 895f | 384d 035f | 4049 8903 | e9da 0100 | 0048 81ec 
  0x000001c01deed0c0: f000 0000 | 4889 0424 | 4889 4c24 | 0848 8954 | 2410 4c89 | 4424 184c | 894c 2420 | 4c89 5424 
  0x000001c01deed0e0: 284c 895c | 2430 c5fb | 1144 2440 | c5fb 114c | 2448 c5fb | 1154 2450 | c5fb 115c | 2458 c5fb 
  0x000001c01deed100: 1164 2460 | c5fb 116c | 2468 62e1 | ff08 1144 | 240e 62e1 | ff08 114c | 240f 62e1 | ff08 1154 
  0x000001c01deed120: 2410 62e1 | ff08 115c | 2411 62e1 | ff08 1164 | 2412 62e1 | ff08 116c | 2413 62e1 | ff08 1174 
  0x000001c01deed140: 2414 62e1 | ff08 117c | 2415 6261 | ff08 1144 | 2416 6261 | ff08 114c | 2417 6261 | ff08 1154 
  0x000001c01deed160: 2418 6261 | ff08 115c | 2419 6261 | ff08 1164 | 241a 6261 | ff08 116c | 241b 6261 | ff08 1174 
  0x000001c01deed180: 241c 6261 | ff08 117c | 241d 498b | d748 8bc8 | 4883 ec20 | 40f6 c40f | 0f84 1900 | 0000 4883 
  0x000001c01deed1a0: ec08 48b8 | 5049 94ea | f97f 0000 | ffd0 4883 | c408 e90c | 0000 0048 | b850 4994 | eaf9 7f00 
  0x000001c01deed1c0: 00ff d048 | 83c4 2062 | 61ff 0810 | 7c24 1d62 | 61ff 0810 | 7424 1c62 | 61ff 0810 | 6c24 1b62 
  0x000001c01deed1e0: 61ff 0810 | 6424 1a62 | 61ff 0810 | 5c24 1962 | 61ff 0810 | 5424 1862 | 61ff 0810 | 4c24 1762 
  0x000001c01deed200: 61ff 0810 | 4424 1662 | e1ff 0810 | 7c24 1562 | e1ff 0810 | 7424 1462 | e1ff 0810 | 6c24 1362 
  0x000001c01deed220: e1ff 0810 | 6424 1262 | e1ff 0810 | 5c24 1162 | e1ff 0810 | 5424 1062 | e1ff 0810 | 4c24 0f62 
  0x000001c01deed240: e1ff 0810 | 4424 0ec5 | fb10 6c24 | 68c5 fb10 | 6424 60c5 | fb10 5c24 | 58c5 fb10 | 5424 50c5 
  0x000001c01deed260: fb10 4c24 | 48c5 fb10 | 4424 404c | 8b5c 2430 | 4c8b 5424 | 284c 8b4c | 2420 4c8b | 4424 1848 
  0x000001c01deed280: 8b54 2410 | 488b 4c24 | 0848 8b04 | 2448 81c4 | f000 0000 | c5f8 7748 | 8945 1048 | 83ec 1048 
  0x000001c01deed2a0: 8904 2448 | c744 2408 | 0000 0000 | 4183 bfd0 | 0400 0002 | 0f85 bf00 | 0000 4881 | ec80 0000 
  0x000001c01deed2c0: 0048 8944 | 2478 4889 | 4c24 7048 | 8954 2468 | 4889 5c24 | 6048 896c | 2450 4889 | 7424 4848 
  0x000001c01deed2e0: 897c 2440 | 4c89 4424 | 384c 894c | 2430 4c89 | 5424 284c | 895c 2420 | 4c89 6424 | 184c 896c 
  0x000001c01deed300: 2410 4c89 | 7424 084c | 893c 244c | 8be4 4883 | ec20 4883 | e4f0 48b8 | 8059 d9ea | f97f 0000 
  0x000001c01deed320: ffd0 498b | e44c 8b3c | 244c 8b74 | 2408 4c8b | 6c24 104c | 8b64 2418 | 4c8b 5c24 | 204c 8b54 
  0x000001c01deed340: 2428 4c8b | 4c24 304c | 8b44 2438 | 488b 7c24 | 4048 8b74 | 2448 488b | 6c24 5048 | 8b5c 2460 
  0x000001c01deed360: 488b 5424 | 6848 8b4c | 2470 488b | 4424 7848 | 81c4 8000 | 0000 4d33 | e448 8b5d | e84c 8b6b 
  0x000001c01deed380: 084d 8d6d | 3849 837f | 0800 0f84 | bb00 0000 | e805 0000 | 00e9 9600 | 0000 488d | 4424 084c 
  0x000001c01deed3a0: 896d c049 | 8bcf c5f8 | 7749 89af | b803 0000 | 4989 87a8 | 0300 0048 | 83ec 2040 | f6c4 0f0f 
  0x000001c01deed3c0: 8419 0000 | 0048 83ec | 0848 b880 | 78a0 eaf9 | 7f00 00ff | d048 83c4 | 08e9 0c00 | 0000 48b8 
  0x000001c01deed3e0: 8078 a0ea | f97f 0000 | ffd0 4883 | c420 49c7 | 87a8 0300 | 0000 0000 | 0049 c787 | b803 0000 
  0x000001c01deed400: 0000 0000 | 49c7 87b0 | 0300 0000 | 0000 00c5 | f877 4983 | 7f08 000f | 8405 0000 | 00e9 9e3a 
  0x000001c01deed420: ffff 4c8b | 6dc0 4c8b | 75c8 4e8d | 74f5 00c3 | 48b9 08ec | ffea f97f | 0000 4883 | e4f0 48b8 
  0x000001c01deed440: 00a9 c6ea | f97f 0000 | ffd0 f444 | 8b5b 2841 | f6c3 200f | 8472 0100 | 0048 8d55 | a84c 8b5a 
  0x000001c01deed460: 084d 85db | 0f85 bb00 | 0000 e805 | 0000 00e9 | 9600 0000 | 488d 4424 | 084c 896d | c049 8bcf 
  0x000001c01deed480: c5f8 7749 | 89af b803 | 0000 4989 | 87a8 0300 | 0048 83ec | 2040 f6c4 | 0f0f 8419 | 0000 0048 
  0x000001c01deed4a0: 83ec 0848 | b8b0 77a0 | eaf9 7f00 | 00ff d048 | 83c4 08e9 | 0c00 0000 | 48b8 b077 | a0ea f97f 
  0x000001c01deed4c0: 0000 ffd0 | 4883 c420 | 49c7 87a8 | 0300 0000 | 0000 0049 | c787 b803 | 0000 0000 | 0000 49c7 
  0x000001c01deed4e0: 87b0 0300 | 0000 0000 | 00c5 f877 | 4983 7f08 | 000f 8405 | 0000 00e9 | c439 ffff | 4c8b 6dc0 
  0x000001c01deed500: 4c8b 75c8 | 4e8d 74f5 | 00c3 48b9 | 08ec ffea | f97f 0000 | 4883 e4f0 | 48b8 00a9 | c6ea f97f 
  0x000001c01deed520: 0000 ffd0 | f44c 896d | c04c 8b4a | 0848 c742 | 0800 0000 | 0045 8b87 | 5806 0000 | 4f3b 4c07 
  0x000001c01deed540: f80f 8542 | 0000 0041 | 83af 5806 | 0000 084f | 3b4c 07f0 | 0f84 2a00 | 0000 498b | 01a8 020f 
  0x000001c01deed560: 8512 0000 | 004c 8bc0 | 4983 c801 | f04d 0fb1 | 010f 840d | 0000 0041 | 8387 5806 | 0000 08e9 
  0x000001c01deed580: 0500 0000 | e93e 0000 | 004c 894a | 0848 8bca | 4883 ec20 | 40f6 c40f | 0f84 1900 | 0000 4883 
  0x000001c01deed5a0: ec08 48b8 | d049 a0ea | f97f 0000 | ffd0 4883 | c408 e90c | 0000 0048 | b8d0 49a0 | eaf9 7f00 
  0x000001c01deed5c0: 00ff d048 | 83c4 204c | 8b6d c048 | 8b04 2448 | 83c4 10c5 | fb10 0424 | 4883 c410 | 4c8b 5d18 
  0x000001c01deed5e0: 41ff d34c | 8b5d f8c9 | 5f49 8be3 | ffe7 ba00 | 0000 00e8 | 0500 0000 | e996 0000 | 0048 8d44 
  0x000001c01deed600: 2408 4c89 | 6dc0 498b | cfc5 f877 | 4989 afb8 | 0300 0049 | 8987 a803 | 0000 4883 | ec20 40f6 
  0x000001c01deed620: c40f 0f84 | 1900 0000 | 4883 ec08 | 48b8 703e | a0ea f97f | 0000 ffd0 | 4883 c408 | e90c 0000 
  0x000001c01deed640: 0048 b870 | 3ea0 eaf9 | 7f00 00ff | d048 83c4 | 2049 c787 | a803 0000 | 0000 0000 | 49c7 87b8 
  0x000001c01deed660: 0300 0000 | 0000 0049 | c787 b003 | 0000 0000 | 0000 c5f8 | 7749 837f | 0800 0f84 | 0500 0000 
  0x000001c01deed680: e93b 38ff | ff4c 8b6d | c04c 8b75 | c84e 8d74 | f500 c348 | 8b5d e8e9 | 3af6 ffff | 0f1f 4000 
[/MachCode]

---------------  P R O C E S S  ---------------

Threads class SMR info:
_java_thread_list=0x000001c076af3fa0, length=27, elements={
0x000001c00bdb00a0, 0x000001c02e17e370, 0x000001c02e17ecb0, 0x000001c02e182ae0,
0x000001c02e183610, 0x000001c02e18a660, 0x000001c02e18ba20, 0x000001c02e196140,
0x000001c02e197b60, 0x000001c02e23fd90, 0x000001c02e250be0, 0x000001c075c13c70,
0x000001c075c143c0, 0x000001c075c18590, 0x000001c075c15260, 0x000001c075c18ce0,
0x000001c075c19b80, 0x000001c075c1a2d0, 0x000001c075c1aa20, 0x000001c077d88480,
0x000001c077d88bd0, 0x000001c077d89320, 0x000001c077d87d30, 0x000001c077d89a70,
0x000001c074f31390, 0x000001c074f2fda0, 0x000001c074f2e7b0
}

Java Threads: ( => current thread )
  0x000001c00bdb00a0 JavaThread "main"                              [_thread_blocked, id=17968, stack(0x000000962ed00000,0x000000962ee00000) (1024K)]
  0x000001c02e17e370 JavaThread "Reference Handler"          daemon [_thread_blocked, id=23132, stack(0x000000962f500000,0x000000962f600000) (1024K)]
  0x000001c02e17ecb0 JavaThread "Finalizer"                  daemon [_thread_blocked, id=25564, stack(0x000000962f600000,0x000000962f700000) (1024K)]
  0x000001c02e182ae0 JavaThread "Signal Dispatcher"          daemon [_thread_blocked, id=29812, stack(0x000000962f700000,0x000000962f800000) (1024K)]
  0x000001c02e183610 JavaThread "Attach Listener"            daemon [_thread_blocked, id=32900, stack(0x000000962f800000,0x000000962f900000) (1024K)]
  0x000001c02e18a660 JavaThread "Service Thread"             daemon [_thread_blocked, id=19844, stack(0x000000962f900000,0x000000962fa00000) (1024K)]
  0x000001c02e18ba20 JavaThread "Monitor Deflation Thread"   daemon [_thread_blocked, id=5676, stack(0x000000962fa00000,0x000000962fb00000) (1024K)]
  0x000001c02e196140 JavaThread "C2 CompilerThread0"         daemon [_thread_blocked, id=31576, stack(0x000000962fb00000,0x000000962fc00000) (1024K)]
  0x000001c02e197b60 JavaThread "C1 CompilerThread0"         daemon [_thread_blocked, id=33356, stack(0x000000962fc00000,0x000000962fd00000) (1024K)]
  0x000001c02e23fd90 JavaThread "Notification Thread"        daemon [_thread_blocked, id=28272, stack(0x000000962fd00000,0x000000962fe00000) (1024K)]
  0x000001c02e250be0 JavaThread "Common-Cleaner"             daemon [_thread_blocked, id=17520, stack(0x000000962fe00000,0x000000962ff00000) (1024K)]
  0x000001c075c13c70 JavaThread "qtp514793058-85"                   [_thread_in_native, id=23980, stack(0x0000009630400000,0x0000009630500000) (1024K)]
  0x000001c075c143c0 JavaThread "qtp514793058-89"                   [_thread_in_native, id=5876, stack(0x0000009630f00000,0x0000009631000000) (1024K)]
  0x000001c075c18590 JavaThread "qtp514793058-90"                   [_thread_in_native, id=20440, stack(0x0000009631700000,0x0000009631800000) (1024K)]
  0x000001c075c15260 JavaThread "qtp514793058-94-acceptor-0@7afcfe13-ServerConnector@ae7950d{HTTP/1.1, (http/1.1)}{0.0.0.0:58937}"        [_thread_blocked, id=24528, stack(0x0000009631b00000,0x0000009631c00000) (1024K)]
  0x000001c075c18ce0 JavaThread "qtp514793058-95-acceptor-1@35421ecd-ServerConnector@ae7950d{HTTP/1.1, (http/1.1)}{0.0.0.0:58937}"        [_thread_in_native, id=29672, stack(0x0000009631c00000,0x0000009631d00000) (1024K)]
  0x000001c075c19b80 JavaThread "Java2D Disposer"            daemon [_thread_blocked, id=14564, stack(0x000000962ff00000,0x0000009630000000) (1024K)]
  0x000001c075c1a2d0 JavaThread "AWT-Windows"                daemon [_thread_in_native, id=28136, stack(0x0000009631d00000,0x0000009631e00000) (1024K)]
  0x000001c075c1aa20 JavaThread "Swing-Shell"                daemon [_thread_blocked, id=26192, stack(0x0000009631e00000,0x0000009631f00000) (1024K)]
  0x000001c077d88480 JavaThread "Connector-Scheduler-ae7950d-1"        [_thread_blocked, id=5216, stack(0x0000009632500000,0x0000009632600000) (1024K)]
  0x000001c077d88bd0 JavaThread "qtp514793058-106"                  [_thread_in_native, id=27652, stack(0x0000009630200000,0x0000009630300000) (1024K)]
  0x000001c077d89320 JavaThread "qtp514793058-107"                  [_thread_in_native, id=3904, stack(0x0000009632700000,0x0000009632800000) (1024K)]
  0x000001c077d87d30 JavaThread "qtp514793058-108"                  [_thread_in_native, id=30288, stack(0x0000009632800000,0x0000009632900000) (1024K)]
  0x000001c077d89a70 JavaThread "qtp514793058-109"                  [_thread_in_native, id=23060, stack(0x0000009632900000,0x0000009632a00000) (1024K)]
  0x000001c074f31390 JavaThread "qtp514793058-111"                  [_thread_in_native, id=7932, stack(0x0000009632b00000,0x0000009632c00000) (1024K)]
  0x000001c074f2fda0 JavaThread "AWT-Shutdown"                      [_thread_blocked, id=31200, stack(0x000000962ea00000,0x000000962eb00000) (1024K)]
=>0x000001c074f2e7b0 JavaThread "AWT-EventQueue-0"                  [_thread_in_native, id=35996, stack(0x000000962eb00000,0x000000962ec00000) (1024K)]
Total: 27

Other Threads:
  0x000001c02e16c350 VMThread "VM Thread"                           [id=10348, stack(0x000000962f400000,0x000000962f500000) (1024K)]
  0x000001c02e021c90 WatcherThread "VM Periodic Task Thread"        [id=25084, stack(0x000000962f300000,0x000000962f400000) (1024K)]
  0x000001c00e255600 WorkerThread "GC Thread#0"                     [id=28948, stack(0x000000962ee00000,0x000000962ef00000) (1024K)]
  0x000001c0746077b0 WorkerThread "GC Thread#1"                     [id=19928, stack(0x0000009630600000,0x0000009630700000) (1024K)]
  0x000001c074609b70 WorkerThread "GC Thread#2"                     [id=31692, stack(0x0000009630700000,0x0000009630800000) (1024K)]
  0x000001c074609f20 WorkerThread "GC Thread#3"                     [id=8096, stack(0x0000009630800000,0x0000009630900000) (1024K)]
  0x000001c07460a2d0 WorkerThread "GC Thread#4"                     [id=36820, stack(0x0000009630900000,0x0000009630a00000) (1024K)]
  0x000001c07460a680 WorkerThread "GC Thread#5"                     [id=31972, stack(0x0000009630a00000,0x0000009630b00000) (1024K)]
  0x000001c07459c3e0 WorkerThread "GC Thread#6"                     [id=34748, stack(0x0000009630b00000,0x0000009630c00000) (1024K)]
  0x000001c07459c790 WorkerThread "GC Thread#7"                     [id=33656, stack(0x0000009630c00000,0x0000009630d00000) (1024K)]
  0x000001c07488fc10 WorkerThread "GC Thread#8"                     [id=1092, stack(0x0000009631000000,0x0000009631100000) (1024K)]
  0x000001c074891230 WorkerThread "GC Thread#9"                     [id=7892, stack(0x0000009631100000,0x0000009631200000) (1024K)]
  0x000001c07488f860 WorkerThread "GC Thread#10"                    [id=25544, stack(0x0000009631200000,0x0000009631300000) (1024K)]
  0x000001c07488ffc0 WorkerThread "GC Thread#11"                    [id=28460, stack(0x0000009631300000,0x0000009631400000) (1024K)]
  0x000001c076f647d0 WorkerThread "GC Thread#12"                    [id=35036, stack(0x0000009631a00000,0x0000009631b00000) (1024K)]
  0x000001c00e26a100 ConcurrentGCThread "G1 Main Marker"            [id=19240, stack(0x000000962ef00000,0x000000962f000000) (1024K)]
  0x000001c00e26ac10 WorkerThread "G1 Conc#0"                       [id=35688, stack(0x000000962f000000,0x000000962f100000) (1024K)]
  0x000001c074890370 WorkerThread "G1 Conc#1"                       [id=10532, stack(0x0000009631400000,0x0000009631500000) (1024K)]
  0x000001c074890720 WorkerThread "G1 Conc#2"                       [id=19992, stack(0x0000009631500000,0x0000009631600000) (1024K)]
  0x000001c02e00fc60 ConcurrentGCThread "G1 Refine#0"               [id=25392, stack(0x000000962f100000,0x000000962f200000) (1024K)]
  0x000001c02e011690 ConcurrentGCThread "G1 Service"                [id=20048, stack(0x000000962f200000,0x000000962f300000) (1024K)]
Total: 21

Threads with active compile tasks:
Total: 0

VM state: not at safepoint (normal execution)

VM Mutex/Monitor currently owned by a thread: None

Heap address: 0x0000000704400000, size: 4028 MB, Compressed Oops mode: Zero based, Oop shift amount: 3

CDS archive(s) mapped at: [0x000001c02f000000-0x000001c02fd40000-0x000001c02fd40000), size 13893632, SharedBaseAddress: 0x000001c02f000000, ArchiveRelocationMode: 1.
Compressed class space mapped at: 0x000001c030000000-0x000001c070000000, reserved size: 1073741824
UseCompressedClassPointers 1, UseCompactObjectHeaders 0
Narrow klass pointer bits 32, Max shift 3
Narrow klass base: 0x000001c02f000000, Narrow klass shift: 0
Encoding Range: [0x000001c02f000000 - 0x000001c12f000000), (4294967296 bytes)
Klass Range:    [0x000001c02f000000 - 0x000001c070000000), (1090519040 bytes)
Klass ID Range:  [8 - 1090519033) (1090519025)

GC Precious Log:
 CardTable entry size: 512
 Card Set container configuration: InlinePtr #cards 4 size 8 Array Of Cards #cards 16 size 48 Howl #buckets 8 coarsen threshold 3686 Howl Bitmap #cards 512 size 80 coarsen threshold 460 Card regions per heap region 1 cards per card region 4096
 CPUs: 16 total, 16 available
 Memory: 16106M
 Large Page Support: Disabled
 NUMA Support: Disabled
 Compressed Oops: Enabled (Zero based)
 Heap Region Size: 2M
 Heap Min Capacity: 8M
 Heap Initial Capacity: 252M
 Heap Max Capacity: 4028M
 Pre-touch: Disabled
 Parallel Workers: 13
 Concurrent Workers: 3
 Concurrent Refinement Workers: 13
 Periodic GC: Disabled

Heap:
 garbage-first heap   total reserved 4124672K, committed 63488K, used 15950K [0x0000000704400000, 0x0000000800000000)
  region size 2048K, 2 young (4096K), 1 survivors (2048K)
 Metaspace       used 33990K, committed 34304K, reserved 1114112K
  class space    used 3408K, committed 3520K, reserved 1048576K

Heap Regions: E=young(eden), S=young(survivor), O=old, HS=humongous(starts), HC=humongous(continues), CS=collection set, F=free, TAMS=top-at-mark-start, PB=parsable bottom
|   0|0x0000000704400000, 0x0000000704411540, 0x0000000704600000|  3%| O|  |TAMS 0x0000000704400000| PB 0x0000000704400000| Untracked |  0
|   1|0x0000000704600000, 0x0000000704800000, 0x0000000704800000|100%| O|  |TAMS 0x0000000704600000| PB 0x0000000704600000| Untracked |  0
|   2|0x0000000704800000, 0x0000000704a00000, 0x0000000704a00000|100%| O|  |TAMS 0x0000000704800000| PB 0x0000000704800000| Untracked |  0
|   3|0x0000000704a00000, 0x0000000704c00000, 0x0000000704c00000|100%| O|  |TAMS 0x0000000704a00000| PB 0x0000000704a00000| Untracked |  0
|   4|0x0000000704c00000, 0x0000000704da7428, 0x0000000704e00000| 82%| O|  |TAMS 0x0000000704c00000| PB 0x0000000704c00000| Untracked |  0
|   5|0x0000000704e00000, 0x0000000704e00000, 0x0000000705000000|  0%| F|  |TAMS 0x0000000704e00000| PB 0x0000000704e00000| Untracked |  0
|   6|0x0000000705000000, 0x0000000705000000, 0x0000000705200000|  0%| F|  |TAMS 0x0000000705000000| PB 0x0000000705000000| Untracked |  0
|   7|0x0000000705200000, 0x0000000705200000, 0x0000000705400000|  0%| F|  |TAMS 0x0000000705200000| PB 0x0000000705200000| Untracked |  0
|   8|0x0000000705400000, 0x0000000705400000, 0x0000000705600000|  0%| F|  |TAMS 0x0000000705400000| PB 0x0000000705400000| Untracked |  0
|   9|0x0000000705600000, 0x00000007057daf20, 0x0000000705800000| 92%| S|CS|TAMS 0x0000000705600000| PB 0x0000000705600000| Complete |  0
|  10|0x0000000705800000, 0x0000000705800000, 0x0000000705a00000|  0%| F|  |TAMS 0x0000000705800000| PB 0x0000000705800000| Untracked |  0
|  11|0x0000000705a00000, 0x0000000705a00000, 0x0000000705c00000|  0%| F|  |TAMS 0x0000000705a00000| PB 0x0000000705a00000| Untracked |  0
|  12|0x0000000705c00000, 0x0000000705c00000, 0x0000000705e00000|  0%| F|  |TAMS 0x0000000705c00000| PB 0x0000000705c00000| Untracked |  0
|  13|0x0000000705e00000, 0x0000000705e00000, 0x0000000706000000|  0%| F|  |TAMS 0x0000000705e00000| PB 0x0000000705e00000| Untracked |  0
|  14|0x0000000706000000, 0x0000000706000000, 0x0000000706200000|  0%| F|  |TAMS 0x0000000706000000| PB 0x0000000706000000| Untracked |  0
|  15|0x0000000706200000, 0x0000000706200000, 0x0000000706400000|  0%| F|  |TAMS 0x0000000706200000| PB 0x0000000706200000| Untracked |  0
|  16|0x0000000706400000, 0x0000000706400000, 0x0000000706600000|  0%| F|  |TAMS 0x0000000706400000| PB 0x0000000706400000| Untracked |  0
|  17|0x0000000706600000, 0x0000000706600000, 0x0000000706800000|  0%| F|  |TAMS 0x0000000706600000| PB 0x0000000706600000| Untracked |  0
|  18|0x0000000706800000, 0x0000000706800000, 0x0000000706a00000|  0%| F|  |TAMS 0x0000000706800000| PB 0x0000000706800000| Untracked |  0
|  19|0x0000000706a00000, 0x0000000706a00000, 0x0000000706c00000|  0%| F|  |TAMS 0x0000000706a00000| PB 0x0000000706a00000| Untracked |  0
|  20|0x0000000706c00000, 0x0000000706c00000, 0x0000000706e00000|  0%| F|  |TAMS 0x0000000706c00000| PB 0x0000000706c00000| Untracked |  0
|  89|0x000000070f600000, 0x000000070f600000, 0x000000070f800000|  0%| F|  |TAMS 0x000000070f600000| PB 0x000000070f600000| Untracked |  0
|  90|0x000000070f800000, 0x000000070f800000, 0x000000070fa00000|  0%| F|  |TAMS 0x000000070f800000| PB 0x000000070f800000| Untracked |  0
|  91|0x000000070fa00000, 0x000000070fa00000, 0x000000070fc00000|  0%| F|  |TAMS 0x000000070fa00000| PB 0x000000070fa00000| Untracked |  0
|  92|0x000000070fc00000, 0x000000070fc00000, 0x000000070fe00000|  0%| F|  |TAMS 0x000000070fc00000| PB 0x000000070fc00000| Untracked |  0
|  93|0x000000070fe00000, 0x000000070fe00000, 0x0000000710000000|  0%| F|  |TAMS 0x000000070fe00000| PB 0x000000070fe00000| Untracked |  0
| 125|0x0000000713e00000, 0x0000000713e00000, 0x0000000714000000|  0%| F|  |TAMS 0x0000000713e00000| PB 0x0000000713e00000| Untracked |  0
|2010|0x00000007ff800000, 0x00000007ffa00000, 0x00000007ffa00000|100%| O|  |TAMS 0x00000007ff800000| PB 0x00000007ff800000| Untracked |  0
|2011|0x00000007ffa00000, 0x00000007ffc00000, 0x00000007ffc00000|100%| O|  |TAMS 0x00000007ffa00000| PB 0x00000007ffa00000| Untracked |  0
|2012|0x00000007ffc00000, 0x00000007ffe00000, 0x00000007ffe00000|100%| O|  |TAMS 0x00000007ffc00000| PB 0x00000007ffc00000| Untracked |  0
|2013|0x00000007ffe00000, 0x00000007fff62ec8, 0x0000000800000000| 69%| E|  |TAMS 0x00000007ffe00000| PB 0x00000007ffe00000| Complete |  0

Card table byte_map: [0x000001c026af0000,0x000001c0272d0000] _byte_map_base: 0x000001c0232ce000

Marking Bits: (CMBitMap*) 0x000001c00e255d10
 Bits: [0x000001c0272d0000, 0x000001c02b1c0000)

Polling page: 0x000001c00c040000

Metaspace:

Usage:
  Non-class:     29.87 MB used.
      Class:      3.33 MB used.
       Both:     33.19 MB used.

Virtual space:
  Non-class space:       64.00 MB reserved,      30.06 MB ( 47%) committed,  1 nodes.
      Class space:        1.00 GB reserved,       3.44 MB ( <1%) committed,  1 nodes.
             Both:        1.06 GB reserved,      33.50 MB (  3%) committed. 

Chunk freelists:
   Non-Class:  1.99 MB
       Class:  12.45 MB
        Both:  14.44 MB

MaxMetaspaceSize: unlimited
CompressedClassSpaceSize: 1.00 GB
Initial GC threshold: 21.00 MB
Current GC threshold: 35.12 MB
CDS: on
 - commit_granule_bytes: 65536.
 - commit_granule_words: 8192.
 - virtual_space_node_default_size: 8388608.
 - enlarge_chunks_in_place: 1.
UseCompressedClassPointers 1, UseCompactObjectHeaders 0
Narrow klass pointer bits 32, Max shift 3
Narrow klass base: 0x000001c02f000000, Narrow klass shift: 0
Encoding Range: [0x000001c02f000000 - 0x000001c12f000000), (4294967296 bytes)
Klass Range:    [0x000001c02f000000 - 0x000001c070000000), (1090519040 bytes)
Klass ID Range:  [8 - 1090519033) (1090519025)


Internal statistics:

num_allocs_failed_limit: 3.
num_arena_births: 246.
num_arena_deaths: 0.
num_vsnodes_births: 2.
num_vsnodes_deaths: 0.
num_space_committed: 536.
num_space_uncommitted: 0.
num_chunks_returned_to_freelist: 3.
num_chunks_taken_from_freelist: 1087.
num_chunk_merges: 3.
num_chunk_splits: 776.
num_chunks_enlarged: 627.
num_inconsistent_stats: 0.

CodeHeap 'non-profiled nmethods': size=119232Kb used=1728Kb max_used=1728Kb free=117503Kb
 bounds [0x000001c01e620000, 0x000001c01e890000, 0x000001c025a90000]
CodeHeap 'profiled nmethods': size=119104Kb used=8040Kb max_used=8040Kb free=111063Kb
 bounds [0x000001c016a90000, 0x000001c017270000, 0x000001c01dee0000]
CodeHeap 'non-nmethods': size=7424Kb used=1680Kb max_used=3407Kb free=5743Kb
 bounds [0x000001c01dee0000, 0x000001c01e250000, 0x000001c01e620000]
CodeCache: size=245760Kb, used=11448Kb, max_used=13175Kb, free=234309Kb
 total_blobs=5291, nmethods=4610, adapters=585, full_count=0
Compilation: enabled, stopped_count=0, restarted_count=0

Compilation events (20 events):
Event: 89807.348 Thread 0x000001c02e197b60 4599       3       sun.awt.MostRecentKeyValue::setPair (11 bytes)
Event: 89807.348 Thread 0x000001c02e197b60 nmethod 4599 0x000001c017268088 code [0x000001c0172681a0, 0x000001c017268370]
Event: 90050.792 Thread 0x000001c02e197b60 4600       3       java.util.IdentityHashMap$ValueIterator::next (12 bytes)
Event: 90050.793 Thread 0x000001c02e197b60 nmethod 4600 0x000001c017268388 code [0x000001c0172684a0, 0x000001c0172686a0]
Event: 90050.793 Thread 0x000001c02e197b60 4601       1       java.util.EventObject::getSource (5 bytes)
Event: 90050.794 Thread 0x000001c02e197b60 nmethod 4601 0x000001c01e7cf308 code [0x000001c01e7cf400, 0x000001c01e7cf4c8]
Event: 150426.853 Thread 0x000001c02e197b60 4602       3       java.lang.Thread::getPriority (17 bytes)
Event: 150426.855 Thread 0x000001c02e197b60 nmethod 4602 0x000001c017268708 code [0x000001c017268820, 0x000001c017268b40]
Event: 150449.780 Thread 0x000001c02e197b60 4603       3       java.lang.Thread::isDaemon (17 bytes)
Event: 150449.780 Thread 0x000001c02e197b60 nmethod 4603 0x000001c017268b88 code [0x000001c017268ca0, 0x000001c017268fc8]
Event: 150450.848 Thread 0x000001c02e197b60 4604       3       java.util.HashSet::<init> (29 bytes)
Event: 150450.854 Thread 0x000001c02e197b60 nmethod 4604 0x000001c017269008 code [0x000001c017269180, 0x000001c017269668]
Event: 152597.761 Thread 0x000001c02e197b60 4605       3       sun.awt.AWTAutoShutdown::notifyToolkitThreadBusy (8 bytes)
Event: 152597.763 Thread 0x000001c02e197b60 nmethod 4605 0x000001c017269708 code [0x000001c017269820, 0x000001c0172699a8]
Event: 152598.320 Thread 0x000001c02e197b60 4606       3       java.util.concurrent.ConcurrentHashMap::containsKey (14 bytes)
Event: 152598.323 Thread 0x000001c02e197b60 nmethod 4606 0x000001c017269a08 code [0x000001c017269b20, 0x000001c017269d28]
Event: 152598.341 Thread 0x000001c02e197b60 4607       3       sun.awt.AWTAutoShutdown::notifyToolkitThreadFree (8 bytes)
Event: 152598.341 Thread 0x000001c02e197b60 nmethod 4607 0x000001c017269d88 code [0x000001c017269ea0, 0x000001c01726a028]
Event: 152599.496 Thread 0x000001c02e196140 4609       4       jdk.internal.classfile.impl.BufWriterImpl::writeIndex (11 bytes)
Event: 152599.513 Thread 0x000001c02e196140 nmethod 4609 0x000001c01e7cfc08 code [0x000001c01e7cfd60, 0x000001c01e7d0230]

GC Heap History (8 events):
Event: 0.878 GC heap before
{Heap before GC invocations=0 (full 0):
 garbage-first heap   total reserved 4124672K, committed 260096K, used 48244K [0x0000000704400000, 0x0000000800000000)
  region size 2048K, 24 young (49152K), 0 survivors (0K)
 Metaspace       used 14685K, committed 14912K, reserved 1114112K
  class space    used 1403K, committed 1472K, reserved 1048576K
}
Event: 0.883 GC heap after
{Heap after GC invocations=1 (full 0):
 garbage-first heap   total reserved 4124672K, committed 260096K, used 7353K [0x0000000704400000, 0x0000000800000000)
  region size 2048K, 3 young (6144K), 3 survivors (6144K)
 Metaspace       used 14685K, committed 14912K, reserved 1114112K
  class space    used 1403K, committed 1472K, reserved 1048576K
}
Event: 1.471 GC heap before
{Heap before GC invocations=1 (full 0):
 garbage-first heap   total reserved 4124672K, committed 260096K, used 64697K [0x0000000704400000, 0x0000000800000000)
  region size 2048K, 32 young (65536K), 3 survivors (6144K)
 Metaspace       used 21287K, committed 21504K, reserved 1114112K
  class space    used 2142K, committed 2240K, reserved 1048576K
}
Event: 1.479 GC heap after
{Heap after GC invocations=2 (full 0):
 garbage-first heap   total reserved 4124672K, committed 260096K, used 11332K [0x0000000704400000, 0x0000000800000000)
  region size 2048K, 5 young (10240K), 5 survivors (10240K)
 Metaspace       used 21287K, committed 21504K, reserved 1114112K
  class space    used 2142K, committed 2240K, reserved 1048576K
}
Event: 2.280 GC heap before
{Heap before GC invocations=3 (full 0):
 garbage-first heap   total reserved 4124672K, committed 49152K, used 44100K [0x0000000704400000, 0x0000000800000000)
  region size 2048K, 22 young (45056K), 5 survivors (10240K)
 Metaspace       used 30590K, committed 30912K, reserved 1114112K
  class space    used 3115K, committed 3264K, reserved 1048576K
}
Event: 2.288 GC heap after
{Heap after GC invocations=4 (full 0):
 garbage-first heap   total reserved 4124672K, committed 63488K, used 14452K [0x0000000704400000, 0x0000000800000000)
  region size 2048K, 4 young (8192K), 4 survivors (8192K)
 Metaspace       used 30590K, committed 30912K, reserved 1114112K
  class space    used 3115K, committed 3264K, reserved 1048576K
}
Event: 150427.884 GC heap before
{Heap before GC invocations=4 (full 0):
 garbage-first heap   total reserved 4124672K, committed 63488K, used 41076K [0x0000000704400000, 0x0000000800000000)
  region size 2048K, 17 young (34816K), 4 survivors (8192K)
 Metaspace       used 33505K, committed 33792K, reserved 1114112K
  class space    used 3373K, committed 3520K, reserved 1048576K
}
Event: 150427.965 GC heap after
{Heap after GC invocations=5 (full 0):
 garbage-first heap   total reserved 4124672K, committed 63488K, used 15950K [0x0000000704400000, 0x0000000800000000)
  region size 2048K, 1 young (2048K), 1 survivors (2048K)
 Metaspace       used 33505K, committed 33792K, reserved 1114112K
  class space    used 3373K, committed 3520K, reserved 1048576K
}

Dll operation events (12 events):
Event: 0.010 Loaded shared library C:\Program Files\Java\jdk-24\bin\java.dll
Event: 0.036 Loaded shared library C:\Program Files\Java\jdk-24\bin\jsvml.dll
Event: 0.065 Loaded shared library C:\Program Files\Java\jdk-24\bin\net.dll
Event: 0.067 Loaded shared library C:\Program Files\Java\jdk-24\bin\nio.dll
Event: 0.070 Loaded shared library C:\Program Files\Java\jdk-24\bin\zip.dll
Event: 0.132 Loaded shared library C:\Program Files\Java\jdk-24\bin\jimage.dll
Event: 1.272 Loaded shared library C:\Program Files\Java\jdk-24\bin\verify.dll
Event: 1.859 Loaded shared library C:\Program Files\Java\jdk-24\bin\extnet.dll
Event: 1.926 Loaded shared library C:\Program Files\Java\jdk-24\bin\sunmscapi.dll
Event: 2.218 Loaded shared library C:\Program Files\Java\jdk-24\bin\management.dll
Event: 2.220 Loaded shared library C:\Program Files\Java\jdk-24\bin\management_ext.dll
Event: 2.604 Loaded shared library C:\Program Files\Java\jdk-24\bin\awt.dll

Deoptimization events (20 events):
Event: 3.421 Thread 0x000001c077d8a1c0 Uncommon trap: trap_request=0xffffff76 fr.pc=0x000001c01e7ad914 relative=0x0000000000000834
Event: 3.421 Thread 0x000001c077d8a1c0 Uncommon trap: reason=predicate action=maybe_recompile pc=0x000001c01e7ad914 method=java.util.Properties$LineReader.readLine()I @ 209 c2
Event: 3.421 Thread 0x000001c077d8a1c0 DEOPT PACKING pc=0x000001c01e7ad914 sp=0x00000096324fdff0
Event: 3.421 Thread 0x000001c077d8a1c0 DEOPT UNPACKING pc=0x000001c01e007b82 sp=0x00000096324fdf78 mode 2
Event: 3.434 Thread 0x000001c077d8a910 Uncommon trap: trap_request=0xffffffde fr.pc=0x000001c01e748260 relative=0x0000000000008e40
Event: 3.434 Thread 0x000001c077d8a910 Uncommon trap: reason=class_check action=maybe_recompile pc=0x000001c01e748260 method=jdk.internal.util.ReferencedKeyMap.existingKey(Ljdk/internal/util/ReferencedKeyMap;Ljava/lang/Object;)Ljava/lang/Object; @ 13 c2
Event: 3.434 Thread 0x000001c077d8a910 DEOPT PACKING pc=0x000001c01e748260 sp=0x0000009631ffe400
Event: 3.434 Thread 0x000001c077d8a910 DEOPT UNPACKING pc=0x000001c01e007b82 sp=0x0000009631ffe260 mode 2
Event: 3.434 Thread 0x000001c077d8a910 Uncommon trap: trap_request=0xffffffde fr.pc=0x000001c01e720c80 relative=0x0000000000000060
Event: 3.434 Thread 0x000001c077d8a910 Uncommon trap: reason=class_check action=maybe_recompile pc=0x000001c01e720c80 method=java.lang.Thread.yield()V @ 5 c2
Event: 3.434 Thread 0x000001c077d8a910 DEOPT PACKING pc=0x000001c01e720c80 sp=0x0000009631fff2a0
Event: 3.434 Thread 0x000001c077d8a910 DEOPT UNPACKING pc=0x000001c01e007b82 sp=0x0000009631fff230 mode 2
Event: 3.435 Thread 0x000001c075c17e40 Uncommon trap: trap_request=0xffffffc6 fr.pc=0x000001c01e73c974 relative=0x0000000000000ed4
Event: 3.435 Thread 0x000001c075c17e40 Uncommon trap: reason=bimorphic_or_optimized_type_check action=maybe_recompile pc=0x000001c01e73c974 method=java.util.concurrent.ConcurrentHashMap.putVal(Ljava/lang/Object;Ljava/lang/Object;Z)Ljava/lang/Object; @ 242 c2
Event: 3.435 Thread 0x000001c075c17e40 DEOPT PACKING pc=0x000001c01e73c974 sp=0x00000096319fe060
Event: 3.435 Thread 0x000001c075c17e40 DEOPT UNPACKING pc=0x000001c01e007b82 sp=0x00000096319fdfc0 mode 2
Event: 3.435 Thread 0x000001c075c17e40 Uncommon trap: trap_request=0xffffff54 fr.pc=0x000001c01e746370 relative=0x0000000000006f50
Event: 3.435 Thread 0x000001c075c17e40 Uncommon trap: reason=speculate_null_assert action=make_not_entrant pc=0x000001c01e746370 method=jdk.internal.util.ReferencedKeyMap.internKey(Ljdk/internal/util/ReferencedKeyMap;Ljava/lang/Object;)Ljava/lang/Object; @ 28 c2
Event: 3.435 Thread 0x000001c075c17e40 DEOPT PACKING pc=0x000001c01e746370 sp=0x00000096319fe100
Event: 3.435 Thread 0x000001c075c17e40 DEOPT UNPACKING pc=0x000001c01e007b82 sp=0x00000096319fdf50 mode 2

Classes loaded (20 events):
Event: 152599.640 Loading class sun/awt/image/SurfaceManager$ProxyCache
Event: 152599.641 Loading class sun/awt/image/SurfaceManager$ProxyCache done
Event: 152599.667 Loading class sun/awt/Win32GraphicsConfig
Event: 152599.681 Loading class sun/awt/image/SurfaceManager$ProxiedGraphicsConfig
Event: 152599.682 Loading class sun/awt/image/SurfaceManager$ProxiedGraphicsConfig done
Event: 152599.682 Loading class java/awt/GraphicsConfiguration
Event: 152599.683 Loading class java/awt/GraphicsConfiguration done
Event: 152599.683 Loading class sun/awt/Win32GraphicsConfig done
Event: 152599.692 Loading class java/awt/Rectangle
Event: 152599.694 Loading class java/awt/Shape
Event: 152599.695 Loading class java/awt/Shape done
Event: 152599.698 Loading class java/awt/geom/Rectangle2D
Event: 152599.703 Loading class java/awt/geom/RectangularShape
Event: 152599.717 Loading class java/awt/geom/RectangularShape done
Event: 152599.717 Loading class java/awt/geom/Rectangle2D done
Event: 152599.717 Loading class java/awt/Rectangle done
Event: 152600.743 Loading class java/awt/MenuComponent
Event: 152600.745 Loading class java/awt/MenuComponent done
Event: 152600.748 Loading class java/awt/TrayIcon
Event: 152600.749 Loading class java/awt/TrayIcon done

Classes unloaded (0 events):
No events

Classes redefined (0 events):
No events

Internal exceptions (20 events):
Event: 2.175 Thread 0x000001c075c159b0 Exception <a 'java/lang/NoSuchMethodError'{0x00000007052d79a8}: 'void java.lang.invoke.DelegatingMethodHandle$Holder.delegate(java.lang.Object, java.lang.Object, int, java.lang.Object)'> (0x00000007052d79a8) 
thrown [s\open\src\hotspot\share\interpreter\linkResolver.cpp, line 805]
Event: 2.184 Thread 0x000001c00bdb00a0 Exception <a 'sun/nio/fs/WindowsException'{0x00000007062918c8}> (0x00000007062918c8) 
thrown [s\open\src\hotspot\share\prims\jni.cpp, line 518]
Event: 2.187 Thread 0x000001c00bdb00a0 Exception <a 'sun/nio/fs/WindowsException'{0x00000007062bc638}> (0x00000007062bc638) 
thrown [s\open\src\hotspot\share\prims\jni.cpp, line 518]
Event: 2.191 Thread 0x000001c00bdb00a0 Exception <a 'java/lang/ClassNotFoundException'{0x0000000705079700}: io/qameta/allure/csv/CsvExportBehaviorBeanInfo> (0x0000000705079700) 
thrown [s\open\src\hotspot\share\classfile\systemDictionary.cpp, line 327]
Event: 2.191 Thread 0x000001c00bdb00a0 Exception <a 'java/lang/ClassNotFoundException'{0x000000070507ac50}: io/qameta/allure/csv/CsvExportBehaviorCustomizer> (0x000000070507ac50) 
thrown [s\open\src\hotspot\share\classfile\systemDictionary.cpp, line 327]
Event: 2.196 Thread 0x000001c00bdb00a0 Exception <a 'sun/nio/fs/WindowsException'{0x00000007050bf660}> (0x00000007050bf660) 
thrown [s\open\src\hotspot\share\prims\jni.cpp, line 518]
Event: 2.198 Thread 0x000001c00bdb00a0 Exception <a 'sun/nio/fs/WindowsException'{0x00000007050f91e8}> (0x00000007050f91e8) 
thrown [s\open\src\hotspot\share\prims\jni.cpp, line 518]
Event: 2.223 Thread 0x000001c00bdb00a0 Exception <a 'java/lang/NoSuchMethodError'{0x00000007048ac938}: 'java.lang.Object java.lang.invoke.DirectMethodHandle$Holder.invokeStatic(java.lang.Object, int, java.lang.Object)'> (0x00000007048ac938) 
thrown [s\open\src\hotspot\share\interpreter\linkResolver.cpp, line 805]
Event: 2.226 Thread 0x000001c00bdb00a0 Exception <a 'java/lang/NoSuchMethodError'{0x00000007048deb68}: 'void java.lang.invoke.DirectMethodHandle$Holder.invokeStaticInit(java.lang.Object)'> (0x00000007048deb68) 
thrown [s\open\src\hotspot\share\interpreter\linkResolver.cpp, line 805]
Event: 2.251 Thread 0x000001c00bdb00a0 Exception <a 'java/lang/NoSuchMethodError'{0x0000000704671a18}: 'int java.lang.invoke.DirectMethodHandle$Holder.invokeSpecial(java.lang.Object, java.lang.Object, int)'> (0x0000000704671a18) 
thrown [s\open\src\hotspot\share\interpreter\linkResolver.cpp, line 805]
Event: 2.310 Thread 0x000001c00bdb00a0 Exception <a 'java/lang/NoSuchMethodError'{0x000000070fc826f0}: 'void java.lang.invoke.DirectMethodHandle$Holder.invokeInterface(java.lang.Object, java.lang.Object)'> (0x000000070fc826f0) 
thrown [s\open\src\hotspot\share\interpreter\linkResolver.cpp, line 805]
Event: 2.320 Thread 0x000001c00bdb00a0 Exception <a 'java/lang/ClassNotFoundException'{0x000000070fca0b40}: sun/awt/resources/spi/awtProvider> (0x000000070fca0b40) 
thrown [s\open\src\hotspot\share\classfile\systemDictionary.cpp, line 327]
Event: 2.606 Thread 0x000001c00bdb00a0 Exception <a 'java/io/FileNotFoundException'{0x000000070fcb4e58}> (0x000000070fcb4e58) 
thrown [s\open\src\hotspot\share\prims\jni.cpp, line 518]
Event: 2.608 Thread 0x000001c00bdb00a0 Exception <a 'java/io/FileNotFoundException'{0x000000070fcc6960}> (0x000000070fcc6960) 
thrown [s\open\src\hotspot\share\prims\jni.cpp, line 518]
Event: 3.450 Thread 0x000001c077d8a910 Exception <a 'java/lang/NoSuchMethodError'{0x000000070f601510}: 'void java.lang.invoke.DirectMethodHandle$Holder.invokeVirtual(java.lang.Object, java.lang.Object, int)'> (0x000000070f601510) 
thrown [s\open\src\hotspot\share\interpreter\linkResolver.cpp, line 805]
Event: 152599.488 Thread 0x000001c074f2fda0 Exception <a 'java/lang/NoSuchMethodError'{0x00000007fff0cce0}: 'long java.lang.invoke.DirectMethodHandle$Holder.invokeStatic(java.lang.Object, java.lang.Object)'> (0x00000007fff0cce0) 
thrown [s\open\src\hotspot\share\interpreter\linkResolver.cpp, line 805]
Event: 152599.501 Thread 0x000001c074f2fda0 Exception <a 'java/lang/NoSuchMethodError'{0x00000007fff14d00}: 'long java.lang.invoke.DirectMethodHandle$Holder.invokeStaticInit(java.lang.Object, java.lang.Object)'> (0x00000007fff14d00) 
thrown [s\open\src\hotspot\share\interpreter\linkResolver.cpp, line 805]
Event: 152599.513 Thread 0x000001c074f2fda0 Exception <a 'java/lang/NoSuchMethodError'{0x00000007fff191f0}: 'java.lang.Object java.lang.invoke.DirectMethodHandle$Holder.invokeStatic(java.lang.Object, long, java.lang.Object)'> (0x00000007fff191f0) 
thrown [s\open\src\hotspot\share\interpreter\linkResolver.cpp, line 805]
Event: 152599.515 Thread 0x000001c074f2fda0 Exception <a 'java/lang/NoSuchMethodError'{0x00000007fff255a0}: 'java.lang.Object java.lang.invoke.DirectMethodHandle$Holder.invokeStaticInit(java.lang.Object, long, java.lang.Object)'> (0x00000007fff255a0) 
thrown [s\open\src\hotspot\share\interpreter\linkResolver.cpp, line 805]
Event: 152599.516 Thread 0x000001c074f2fda0 Exception <a 'java/lang/NoSuchMethodError'{0x00000007fff2d7f8}: 'java.lang.Object java.lang.invoke.DirectMethodHandle$Holder.invokeStaticInit(java.lang.Object, long)'> (0x00000007fff2d7f8) 
thrown [s\open\src\hotspot\share\interpreter\linkResolver.cpp, line 805]

VM Operations (20 events):
Event: 151062.378 Executing VM operation: HandshakeAllThreads (HandshakeForDeflation)
Event: 151062.378 Executing VM operation: HandshakeAllThreads (HandshakeForDeflation) done
Event: 151062.378 Executing VM operation: RendezvousGCThreads
Event: 151062.378 Executing VM operation: RendezvousGCThreads done
Event: 151362.954 Executing VM operation: HandshakeAllThreads (HandshakeForDeflation)
Event: 151362.954 Executing VM operation: HandshakeAllThreads (HandshakeForDeflation) done
Event: 151362.955 Executing VM operation: RendezvousGCThreads
Event: 151362.955 Executing VM operation: RendezvousGCThreads done
Event: 151423.058 Executing VM operation: HandshakeAllThreads (HandshakeForDeflation)
Event: 151423.058 Executing VM operation: HandshakeAllThreads (HandshakeForDeflation) done
Event: 151423.059 Executing VM operation: RendezvousGCThreads
Event: 151423.059 Executing VM operation: RendezvousGCThreads done
Event: 151964.108 Executing VM operation: HandshakeAllThreads (HandshakeForDeflation)
Event: 151964.108 Executing VM operation: HandshakeAllThreads (HandshakeForDeflation) done
Event: 151964.108 Executing VM operation: RendezvousGCThreads
Event: 151964.108 Executing VM operation: RendezvousGCThreads done
Event: 152598.464 Executing VM operation: HandshakeAllThreads (Deoptimize)
Event: 152598.465 Executing VM operation: HandshakeAllThreads (Deoptimize) done
Event: 152599.468 Executing VM operation: HandshakeAllThreads (Deoptimize)
Event: 152599.468 Executing VM operation: HandshakeAllThreads (Deoptimize) done

Memory protections (0 events):
No events

Nmethod flushes (0 events):
No events

Events (20 events):
Event: 151010.301 Thread 0x000001c075c1a2d0 Thread added: 0x000001c074f2fda0
Event: 151011.345 Thread 0x000001c074f2fda0 Thread exited: 0x000001c074f2fda0
Event: 151326.950 Thread 0x000001c075c1a2d0 Thread added: 0x000001c074f2e060
Event: 151327.951 Thread 0x000001c074f2e060 Thread exited: 0x000001c074f2e060
Event: 151389.543 Thread 0x000001c075c1a2d0 Thread added: 0x000001c074f30c40
Event: 151390.619 Thread 0x000001c074f30c40 Thread exited: 0x000001c074f30c40
Event: 151949.261 Thread 0x000001c075c1a2d0 Thread added: 0x000001c074f2e7b0
Event: 151950.276 Thread 0x000001c074f2e7b0 Thread exited: 0x000001c074f2e7b0
Event: 151952.764 Thread 0x000001c075c1a2d0 Thread added: 0x000001c074f304f0
Event: 151953.780 Thread 0x000001c074f304f0 Thread exited: 0x000001c074f304f0
Event: 152590.265 Thread 0x000001c075c1a2d0 Thread added: 0x000001c074f30c40
Event: 152592.988 Thread 0x000001c074f30c40 Thread exited: 0x000001c074f30c40
Event: 152593.707 Thread 0x000001c075c1a2d0 Thread added: 0x000001c074f30c40
Event: 152597.029 Thread 0x000001c074f30c40 Thread exited: 0x000001c074f30c40
Event: 152597.761 Thread 0x000001c075c1a2d0 Thread added: 0x000001c074f2f650
Event: 152598.334 Thread 0x000001c075c1a2d0 Thread added: 0x000001c074f2fda0
Event: 152600.743 Thread 0x000001c074f2f650 Thread exited: 0x000001c074f2f650
Event: 152600.750 Thread 0x000001c074f2fda0 Thread exited: 0x000001c074f2fda0
Event: 152602.477 Thread 0x000001c075c1a2d0 Thread added: 0x000001c074f2fda0
Event: 152602.692 Thread 0x000001c075c1a2d0 Thread added: 0x000001c074f2e7b0


Dynamic libraries:
0x00007ff610e70000 - 0x00007ff610e80000 	C:\Program Files\Java\jdk-24\bin\java.exe
0x00007ffa9fd80000 - 0x00007ffa9ffe7000 	C:\Windows\SYSTEM32\ntdll.dll
0x00007ffa9e490000 - 0x00007ffa9e559000 	C:\Windows\System32\KERNEL32.DLL
0x00007ffa9ceb0000 - 0x00007ffa9d2a0000 	C:\Windows\System32\KERNELBASE.dll
0x00007ffa9d3f0000 - 0x00007ffa9d53b000 	C:\Windows\System32\ucrtbase.dll
0x00007ffa96a40000 - 0x00007ffa96a5b000 	C:\Program Files\Java\jdk-24\bin\VCRUNTIME140.dll
0x00007ffa96a20000 - 0x00007ffa96a36000 	C:\Program Files\Java\jdk-24\bin\jli.dll
0x00007ffa9ea90000 - 0x00007ffa9ec55000 	C:\Windows\System32\USER32.dll
0x00007ffa80060000 - 0x00007ffa802fa000 	C:\Windows\WinSxS\amd64_microsoft.windows.common-controls_6595b64144ccf1df_6.0.26100.4768_none_3e0c112ce331287c\COMCTL32.dll
0x00007ffa9d5d0000 - 0x00007ffa9d5f7000 	C:\Windows\System32\win32u.dll
0x00007ffa9e8f0000 - 0x00007ffa9e999000 	C:\Windows\System32\msvcrt.dll
0x00007ffa9f190000 - 0x00007ffa9f1bb000 	C:\Windows\System32\GDI32.dll
0x00007ffa9d2b0000 - 0x00007ffa9d3e8000 	C:\Windows\System32\gdi32full.dll
0x00007ffa9d8e0000 - 0x00007ffa9d983000 	C:\Windows\System32\msvcp_win.dll
0x00007ffa9e2c0000 - 0x00007ffa9e2ef000 	C:\Windows\System32\IMM32.DLL
0x00007ffa98ad0000 - 0x00007ffa98adc000 	C:\Program Files\Java\jdk-24\bin\vcruntime140_1.dll
0x00007ffa85ff0000 - 0x00007ffa8607e000 	C:\Program Files\Java\jdk-24\bin\msvcp140.dll
0x00007ff9ea5f0000 - 0x00007ff9eb391000 	C:\Program Files\Java\jdk-24\bin\server\jvm.dll
0x00007ffa9e9d0000 - 0x00007ffa9ea84000 	C:\Windows\System32\ADVAPI32.dll
0x00007ffa9eee0000 - 0x00007ffa9ef86000 	C:\Windows\System32\sechost.dll
0x00007ffa9e300000 - 0x00007ffa9e418000 	C:\Windows\System32\RPCRT4.dll
0x00007ffa9fc40000 - 0x00007ffa9fcb4000 	C:\Windows\System32\WS2_32.dll
0x00007ffa9cd10000 - 0x00007ffa9cd6e000 	C:\Windows\SYSTEM32\POWRPROF.dll
0x00007ffa91e10000 - 0x00007ffa91e45000 	C:\Windows\SYSTEM32\WINMM.dll
0x00007ffa92fb0000 - 0x00007ffa92fbb000 	C:\Windows\SYSTEM32\VERSION.dll
0x00007ffa9ccf0000 - 0x00007ffa9cd04000 	C:\Windows\SYSTEM32\UMPDC.dll
0x00007ffa9bac0000 - 0x00007ffa9badb000 	C:\Windows\SYSTEM32\kernel.appcore.dll
0x00007ffa989e0000 - 0x00007ffa989ea000 	C:\Program Files\Java\jdk-24\bin\jimage.dll
0x00007ffa9a180000 - 0x00007ffa9a3c1000 	C:\Windows\SYSTEM32\DBGHELP.DLL
0x00007ffa9e560000 - 0x00007ffa9e8e5000 	C:\Windows\System32\combase.dll
0x00007ffa9ec60000 - 0x00007ffa9ed40000 	C:\Windows\System32\OLEAUT32.dll
0x00007ffa62480000 - 0x00007ffa624c3000 	C:\Windows\SYSTEM32\dbgcore.DLL
0x00007ffa9d840000 - 0x00007ffa9d8d9000 	C:\Windows\System32\bcryptPrimitives.dll
0x00007ffa96a00000 - 0x00007ffa96a1e000 	C:\Program Files\Java\jdk-24\bin\java.dll
0x00007ffa9efe0000 - 0x00007ffa9f180000 	C:\Windows\System32\ole32.dll
0x00007ffa9f230000 - 0x00007ffa9f97d000 	C:\Windows\System32\SHELL32.dll
0x00007ffa9d600000 - 0x00007ffa9d773000 	C:\Windows\System32\wintypes.dll
0x00007ffa9a860000 - 0x00007ffa9b0c0000 	C:\Windows\SYSTEM32\windows.storage.dll
0x00007ffa9f980000 - 0x00007ffa9fa75000 	C:\Windows\System32\SHCORE.dll
0x00007ffa9f1c0000 - 0x00007ffa9f22a000 	C:\Windows\System32\shlwapi.dll
0x00007ffa9cdd0000 - 0x00007ffa9cdf9000 	C:\Windows\SYSTEM32\profapi.dll
0x00007ffa6ed80000 - 0x00007ffa6ee57000 	C:\Program Files\Java\jdk-24\bin\jsvml.dll
0x00007ffa969e0000 - 0x00007ffa969f0000 	C:\Program Files\Java\jdk-24\bin\net.dll
0x00007ffa9c160000 - 0x00007ffa9c1cb000 	C:\Windows\system32\mswsock.dll
0x00007ffa939c0000 - 0x00007ffa939d6000 	C:\Program Files\Java\jdk-24\bin\nio.dll
0x00007ffa86160000 - 0x00007ffa86177000 	C:\Program Files\Java\jdk-24\bin\zip.dll
0x00007ffa9c540000 - 0x00007ffa9c55b000 	C:\Windows\SYSTEM32\CRYPTSP.dll
0x00007ffa9ba20000 - 0x00007ffa9ba5b000 	C:\Windows\system32\rsaenh.dll
0x00007ffa9c200000 - 0x00007ffa9c22b000 	C:\Windows\SYSTEM32\USERENV.dll
0x00007ffa9cda0000 - 0x00007ffa9cdc6000 	C:\Windows\SYSTEM32\bcrypt.dll
0x00007ffa9c520000 - 0x00007ffa9c52c000 	C:\Windows\SYSTEM32\CRYPTBASE.dll
0x00007ffa9b2f0000 - 0x00007ffa9b323000 	C:\Windows\SYSTEM32\IPHLPAPI.DLL
0x00007ffa9eed0000 - 0x00007ffa9eeda000 	C:\Windows\System32\NSI.dll
0x00007ffa969d0000 - 0x00007ffa969e0000 	C:\Program Files\Java\jdk-24\bin\verify.dll
0x00007ffa9bd20000 - 0x00007ffa9bd56000 	C:\Windows\SYSTEM32\ntmarta.dll
0x00007ffa6b130000 - 0x00007ffa6b148000 	C:\Windows\system32\napinsp.dll
0x00007ffa9b390000 - 0x00007ffa9b4b6000 	C:\Windows\SYSTEM32\DNSAPI.dll
0x00007ffa6a590000 - 0x00007ffa6a5a2000 	C:\Windows\System32\winrnr.dll
0x00007ffa65540000 - 0x00007ffa65570000 	C:\Windows\system32\nlansp_c.dll
0x00007ffa91350000 - 0x00007ffa91370000 	C:\Windows\system32\wshbth.dll
0x00007ffa91e00000 - 0x00007ffa91e0b000 	C:\Windows\System32\rasadhlp.dll
0x00007ffa95920000 - 0x00007ffa959a6000 	C:\Windows\System32\fwpuclnt.dll
0x00007ffa96900000 - 0x00007ffa96909000 	C:\Program Files\Java\jdk-24\bin\extnet.dll
0x00007ffa939b0000 - 0x00007ffa939be000 	C:\Program Files\Java\jdk-24\bin\sunmscapi.dll
0x00007ffa9d990000 - 0x00007ffa9db07000 	C:\Windows\System32\CRYPT32.dll
0x00007ffa9c6a0000 - 0x00007ffa9c6d0000 	C:\Windows\SYSTEM32\ncrypt.dll
0x00007ffa9c650000 - 0x00007ffa9c68f000 	C:\Windows\SYSTEM32\NTASN1.dll
0x00007ffa913d0000 - 0x00007ffa913da000 	C:\Program Files\Java\jdk-24\bin\management.dll
0x00007ffa91340000 - 0x00007ffa9134b000 	C:\Program Files\Java\jdk-24\bin\management_ext.dll
0x00007ffa9fb30000 - 0x00007ffa9fb38000 	C:\Windows\System32\PSAPI.DLL
0x00007ffa4a1b0000 - 0x00007ffa4a1b8000 	C:\Windows\system32\wshunix.dll
0x00007ffa4cc10000 - 0x00007ffa4cd8f000 	C:\Program Files\Java\jdk-24\bin\awt.dll
0x00007ffa99220000 - 0x00007ffa992be000 	C:\Windows\SYSTEM32\apphelp.dll
0x00007ffa99760000 - 0x00007ffa9980f000 	C:\Windows\system32\uxtheme.dll
0x00007ffa9ed50000 - 0x00007ffa9eeb1000 	C:\Windows\System32\MSCTF.dll
0x00007ffa99640000 - 0x00007ffa99656000 	C:\Windows\system32\Wtsapi32.dll
0x00007ffa9cac0000 - 0x00007ffa9cb2a000 	C:\Windows\SYSTEM32\WINSTA.dll
0x00007ffa9a560000 - 0x00007ffa9a66d000 	C:\Windows\SYSTEM32\PROPSYS.dll
0x00007ffa856c0000 - 0x00007ffa858a5000 	C:\Windows\SYSTEM32\urlmon.dll
0x00007ffa852e0000 - 0x00007ffa855aa000 	C:\Windows\SYSTEM32\iertutil.dll
0x00007ffa87160000 - 0x00007ffa87189000 	C:\Windows\SYSTEM32\srvcli.dll
0x00007ffa9b240000 - 0x00007ffa9b24d000 	C:\Windows\SYSTEM32\netutils.dll
0x00007ffa9fa80000 - 0x00007ffa9fb28000 	C:\Windows\System32\clbcatq.dll
0x00007ffa53840000 - 0x00007ffa5385f000 	C:\Windows\System32\Windows.Shell.ServiceHostBuilder.dll
0x00007ffa88690000 - 0x00007ffa88cd4000 	C:\Windows\System32\OneCoreUAPCommonProxyStub.dll
0x00007ffa624d0000 - 0x00007ffa62651000 	C:\Windows\System32\Windows.System.Launcher.dll
0x00007ffa867e0000 - 0x00007ffa867fa000 	C:\Windows\SYSTEM32\windows.staterepositorycore.dll
0x00007ffa99620000 - 0x00007ffa9962d000 	C:\Windows\SYSTEM32\Secur32.dll
0x00007ffa9bea0000 - 0x00007ffa9bee9000 	C:\Windows\SYSTEM32\SSPICLI.DLL
0x00007ffa44940000 - 0x00007ffa44984000 	C:\Windows\SYSTEM32\MLANG.dll
0x00007ffa80300000 - 0x00007ffa80589000 	C:\Windows\SYSTEM32\WININET.dll
0x00007ffa63180000 - 0x00007ffa63244000 	C:\Windows\System32\Windows.StateRepositoryPS.dll
0x00007ffa872b0000 - 0x00007ffa87300000 	C:\Windows\SYSTEM32\windows.staterepositoryclient.dll
0x00007ffa81020000 - 0x00007ffa8113f000 	C:\Windows\SYSTEM32\mrmcorer.dll
0x00007ffa644c0000 - 0x00007ffa644f4000 	C:\Windows\SYSTEM32\bcp47mrm.dll
0x00007ffa87bb0000 - 0x00007ffa87d08000 	C:\Windows\System32\Windows.UI.dll
0x00007ffa62450000 - 0x00007ffa62479000 	C:\Windows\SYSTEM32\edputil.dll
0x00007ffa9ca30000 - 0x00007ffa9ca87000 	C:\Windows\SYSTEM32\CFGMGR32.dll
0x00007ffa99ae0000 - 0x00007ffa99b15000 	C:\Windows\system32\DWMAPI.DLL
0x00007ffa55850000 - 0x00007ffa55968000 	C:\Windows\system32\opengl32.dll
0x00007ffa55c30000 - 0x00007ffa55c5d000 	C:\Windows\SYSTEM32\GLU32.dll
0x00007ffa99a70000 - 0x00007ffa99abd000 	C:\Windows\SYSTEM32\dxcore.dll

JVMTI agents: none

dbghelp: loaded successfully - version: 4.0.5 - missing functions: none
symbol engine: initialized successfully - sym options: 0x614 - pdb path: .;C:\Program Files\Java\jdk-24\bin;C:\Windows\SYSTEM32;C:\Windows\WinSxS\amd64_microsoft.windows.common-controls_6595b64144ccf1df_6.0.26100.4768_none_3e0c112ce331287c;C:\Program Files\Java\jdk-24\bin\server

VM Arguments:
java_command: io.qameta.allure.CommandLine serve C:\Users\cmirzac\IdeaProjects\AutomationUpskilling\target\allure-results
java_class_path (initial): C:\Users\cmirzac\IdeaProjects\AutomationUpskilling\.allure\allure-2.20.1\lib\activation-1.1.jar;C:\Users\cmirzac\IdeaProjects\AutomationUpskilling\.allure\allure-2.20.1\lib\allure-commandline-2.20.1.jar;C:\Users\cmirzac\IdeaProjects\AutomationUpskilling\.allure\allure-2.20.1\lib\allure-generator-2.20.1.jar;C:\Users\cmirzac\IdeaProjects\AutomationUpskilling\.allure\allure-2.20.1\lib\allure-model-2.20.0.jar;C:\Users\cmirzac\IdeaProjects\AutomationUpskilling\.allure\allure-2.20.1\lib\allure-plugin-api-2.20.1.jar;C:\Users\cmirzac\IdeaProjects\AutomationUpskilling\.allure\allure-2.20.1\lib\allure1-model-1.0.jar;C:\Users\cmirzac\IdeaProjects\AutomationUpskilling\.allure\allure-2.20.1\lib\annotations-15.0.jar;C:\Users\cmirzac\IdeaProjects\AutomationUpskilling\.allure\allure-2.20.1\lib\commons-beanutils-1.9.4.jar;C:\Users\cmirzac\IdeaProjects\AutomationUpskilling\.allure\allure-2.20.1\lib\commons-codec-1.11.jar;C:\Users\cmirzac\IdeaProjects\AutomationUpskilling\.allure\allure-2.20.1\lib\commons-collections-3.2.2.jar;C:\Users\cmirzac\IdeaProjects\AutomationUpskilling\.allure\allure-2.20.1\lib\commons-collections4-4.2.jar;C:\Users\cmirzac\IdeaProjects\AutomationUpskilling\.allure\allure-2.20.1\lib\commons-io-2.11.0.jar;C:\Users\cmirzac\IdeaProjects\AutomationUpskilling\.allure\allure-2.20.1\lib\commons-lang3-3.12.0.jar;C:\Users\cmirzac\IdeaProjects\AutomationUpskilling\.allure\allure-2.20.1\lib\commons-logging-1.2.jar;C:\Users\cmirzac\IdeaProjects\AutomationUpskilling\.allure\allure-2.20.1\lib\commons-text-1.3.jar;C:\Users\cmirzac\IdeaProjects\AutomationUpskilling\.allure\allure-2.20.1\lib\flexmark-0.62.2.jar;C:\Users\cmirzac\IdeaProjects\AutomationUpskilling\.allure\allure-2.20.1\lib\flexmark-ext-tables-0.62.2.jar;C:\Users\cmirzac\IdeaProjects\AutomationUpskilling\.allure\allure-2.20.1\lib\flexmark-util-0.62.2.jar;C:\Users\cmirzac\IdeaProjects\AutomationUpskilling\.allure\allure-2.20.1\lib\flexmark-util-ast-0.62.2.jar;C:\Users\cmirzac\IdeaProjects\AutomationUpskilling\.allure\allure-2.20.1\lib\flexmark-util-builder-0.62.2.jar;C:\Users\cmirzac\IdeaProjects\AutomationUpskilling\.allure\allure-2.20.1\lib\flexmark-util-collection-0.62.2.jar;C:\Users\cmirzac\IdeaProjects\AutomationUpskilling\.allure\allure-2.20.1\lib\flexmark-util-data-0.62.2.jar;C:\Users\cmirzac\IdeaProjects\AutomationUpskilling\.allure\allure-2.20.1\lib\flexmark-util-dependency-0.62.2.jar;C:\Users\cmirzac\IdeaProjects\AutomationUpskilling\.allure\allure-2.20.1\lib\flexmark-util-format-0.62.2.jar;C:\Users\cmirzac\IdeaProjects\AutomationUpskilling\.allure\allure-2.20.1\lib\flexmark-util-html-0.62.2.jar;C:\Users\cmirzac\IdeaProjects\AutomationUpskilling\.allure\allure-2.20.1\lib\flexmark-util-misc-0.62.2.jar;C:\Users\cmirzac\IdeaProjects\AutomationUpskilling\.allure\allure-2.20.1\lib\flexmark-util-options-0.62.2.jar;C:\Users\cmirzac\IdeaProjects\AutomationUpskilling\.allure\allure-2.20.1\lib\flexmark-util-sequence-0.62.2.jar;C:\Users\cmirzac\IdeaProjects\AutomationUpskilling\.allure\allure-2.20.1\lib\flexmark-util-visitor-0.62.2.jar;C:\Users\cmirzac\IdeaProjects\AutomationUpskilling\.allure\allure-2.20.1\lib\freemarker-2.3.31.jar;C:\Users\cmirzac\IdeaProjects\AutomationUpskilling\.allure\allure-2.20.1\lib\httpclient-4.5.13.jar;C:\Users\cmirzac\IdeaProjects\AutomationUpskilling\.allure\allure-2.20.1\lib\httpcore-4.4.13.jar;C:\Users\cmirzac\IdeaProjects\AutomationUpskilling\.allure\allure-2.20.1\lib\jackson-annotations-2.14.0.jar;C:\Users\cmirzac\IdeaProjects\AutomationUpskilling\.allure\allure-2.20.1\lib\jackson-core-2.14.0.jar;C:\Users\cmirzac\IdeaProjects\AutomationUpskilling\.allure\allure-2.20.1\lib\jackson-databind-2.14.0.jar;C:\Users\cmirzac\IdeaProjects\AutomationUpskilling\.allure\allure-2.20.1\lib\jackson-dataformat-xml-2.14.0.jar;C:\Users\cmirzac\IdeaProjects\AutomationUpskilling\.allure\allure-2.20.1\lib\jackson-dataformat-yaml-2.14.0.jar;C:\Users\cmirzac\IdeaProjects\AutomationUpskilling\.allure\allure-2.20.1\lib\jackson-module-jaxb-annotations-2.14.0.jar;C:\Users\cmirzac\IdeaProjects\AutomationUpskilling\.allure\allure-2.20.1\lib\jakarta.activation-api-1.2.2.jar;C:\Users\cmirzac\IdeaProjects\AutomationUpskilling\.allure\allure-2.20.1\lib\jakarta.xml.bind-api-2.3.3.jar;C:\Users\cmirzac\IdeaProjects\AutomationUpskilling\.allure\allure-2.20.1\lib\javax.activation-api-1.2.0.jar;C:\Users\cmirzac\IdeaProjects\AutomationUpskilling\.allure\allure-2.20.1\lib\javax.mail-1.6.2.jar;C:\Users\cmirzac\IdeaProjects\AutomationUpskilling\.allure\allure-2.20.1\lib\javax.servlet-api-3.1.0.jar;C:\Users\cmirzac\IdeaProjects\AutomationUpskilling\.allure\allure-2.20.1\lib\jaxb-api-2.3.1.jar;C:\Users\cmirzac\IdeaProjects\AutomationUpskilling\.allure\allure-2.20.1\lib\jaxb-utils-1.0.jar;C:\Users\cmirzac\IdeaProjects\AutomationUpskilling\.allure\allure-2.20.1\lib\jcommander-1.82.jar;C:\Users\cmirzac\IdeaProjects\AutomationUpskilling\.allure\allure-2.20.1\lib\jetty-http-9.4.49.v20220914.jar;C:\Users\cmirzac\IdeaProjects\AutomationUpskilling\.allure\allure-2.20.1\lib\jetty-io-9.4.49.v20220914.jar;C:\Users\cmirzac\IdeaProjects\AutomationUpskilling\.allure\allure-2.20.1\lib\jetty-server-9.4.49.v20220914.jar;C:\Users\cmirzac\IdeaProjects\AutomationUpskilling\.allure\allure-2.20.1\lib\jetty-util-9.4.49.v20220914.jar;C:\Users\cmirzac\IdeaProjects\AutomationUpskilling\.allure\allure-2.20.1\lib\logback-classic-1.3.4.jar;C:\Users\cmirzac\IdeaProjects\AutomationUpskilling\.allure\allure-2.20.1\lib\logback-core-1.3.4.jar;C:\Users\cmirzac\IdeaProjects\AutomationUpskilling\.allure\allure-2.20.1\lib\opencsv-4.6.jar;C:\Users\cmirzac\IdeaProjects\AutomationUpskilling\.allure\allure-2.20.1\lib\properties-2.0.RC5.jar;C:\Users\cmirzac\IdeaProjects\AutomationUpskilling\.allure\allure-2.20.1\lib\slf4j-api-2.0.3.jar;C:\Users\cmirzac\IdeaProjects\AutomationUpskilling\.allure\allure-2.20.1\lib\snakeyaml-1.33.jar;C:\Users\cmirzac\IdeaProjects\AutomationUpskilling\.allure\allure-2.20.1\lib\stax2-api-4.2.1.jar;C:\Users\cmirzac\IdeaProjects\AutomationUpskilling\.allure\allure-2.20.1\lib\tika-core-2.6.0.jar;C:\Users\cmirzac\IdeaProjects\AutomationUpskilling\.allure\allure-2.20.1\lib\woodstox-core-6.4.0.jar;C:\Users\cmirzac\IdeaProjects\AutomationUpskilling\.allure\allure-2.20.1\lib\config
Launcher Type: SUN_STANDARD

[Global flags]
     intx CICompilerCount                          = 12                                        {product} {ergonomic}
     uint ConcGCThreads                            = 3                                         {product} {ergonomic}
     uint G1ConcRefinementThreads                  = 13                                        {product} {ergonomic}
   size_t G1HeapRegionSize                         = 2097152                                   {product} {ergonomic}
   size_t InitialHeapSize                          = 264241152                                 {product} {ergonomic}
   size_t MarkStackSize                            = 4194304                                   {product} {ergonomic}
   size_t MarkStackSizeMax                         = 536870912                                 {product} {ergonomic}
   size_t MaxHeapSize                              = 4223664128                                {product} {ergonomic}
   size_t MaxNewSize                               = 2533359616                                {product} {ergonomic}
   size_t MinHeapDeltaBytes                        = 2097152                                   {product} {ergonomic}
   size_t MinHeapSize                              = 8388608                                   {product} {ergonomic}
    uintx NonNMethodCodeHeapSize                   = 7602176                                {pd product} {ergonomic}
    uintx NonProfiledCodeHeapSize                  = 122093568                              {pd product} {ergonomic}
    uintx ProfiledCodeHeapSize                     = 121962496                              {pd product} {ergonomic}
    uintx ReservedCodeCacheSize                    = 251658240                              {pd product} {ergonomic}
     bool SegmentedCodeCache                       = true                                      {product} {ergonomic}
   size_t SoftMaxHeapSize                          = 4223664128                             {manageable} {ergonomic}
     bool UseCompressedOops                        = true                           {product lp64_product} {ergonomic}
     bool UseG1GC                                  = true                                      {product} {ergonomic}
     bool UseLargePagesIndividualAllocation        = false                                  {pd product} {ergonomic}

Logging:
Log output configuration:
 #0: stdout all=warning uptime,level,tags foldmultilines=false
 #1: stderr all=off uptime,level,tags foldmultilines=false

Environment Variables:
JAVA_HOME=C:\Program Files\Java\jdk-24
CLASSPATH=C:\Users\cmirzac\IdeaProjects\AutomationUpskilling\.allure\allure-2.20.1\lib\*;C:\Users\cmirzac\IdeaProjects\AutomationUpskilling\.allure\allure-2.20.1\lib\config
PATH=C:\Program Files\Common Files\Oracle\Java\javapath;C:\Windows\system32;C:\Windows;C:\Windows\System32\Wbem;C:\Windows\System32\WindowsPowerShell\v1.0\;C:\Windows\System32\OpenSSH\;C:\Program Files\dotnet\;C:\allure\bin;C:\Program Files\Git\cmd;C:\Users\cmirzac\AppData\Local\Microsoft\WindowsApps;C:\allure\bin;
USERNAME=cmirzac
OS=Windows_NT
PROCESSOR_IDENTIFIER=Intel64 Family 6 Model 141 Stepping 1, GenuineIntel
TMP=C:\Users\cmirzac\AppData\Local\Temp
TEMP=C:\Users\cmirzac\AppData\Local\Temp




Periodic native trim disabled

---------------  S Y S T E M  ---------------

OS:
 Windows 11 , 64 bit Build 26100 (10.0.26100.4768)
OS uptime: 5 days 23:41 hours
Hyper-V role detected

CPU: total 16 (initial active 16) (8 cores per cpu, 2 threads per core) family 6 model 141 stepping 1 microcode 0x56, cx8, cmov, fxsr, ht, mmx, 3dnowpref, sse, sse2, sse3, ssse3, sse4.1, sse4.2, popcnt, lzcnt, tsc, tscinvbit, avx, avx2, aes, erms, clmul, bmi1, bmi2, adx, avx512f, avx512dq, avx512cd, avx512bw, avx512vl, sha, fma, vzeroupper, avx512_vpopcntdq, avx512_vpclmulqdq, avx512_vaes, avx512_vnni, clflush, clflushopt, clwb, avx512_vbmi2, avx512_vbmi, hv, rdtscp, rdpid, fsrm, gfni, avx512_bitalg, f16c, cet_ibt, cet_ss, avx512_ifma
Processor Information for processor 0
  Max Mhz: 2496, Current Mhz: 2496, Mhz Limit: 2496
Processor Information for processor 1
  Max Mhz: 2496, Current Mhz: 2496, Mhz Limit: 2496
Processor Information for processor 2
  Max Mhz: 2496, Current Mhz: 2496, Mhz Limit: 2496
Processor Information for processor 3
  Max Mhz: 2496, Current Mhz: 2496, Mhz Limit: 2496
Processor Information for processor 4
  Max Mhz: 2496, Current Mhz: 2496, Mhz Limit: 2496
Processor Information for processor 5
  Max Mhz: 2496, Current Mhz: 2496, Mhz Limit: 2496
Processor Information for processor 6
  Max Mhz: 2496, Current Mhz: 2496, Mhz Limit: 2496
Processor Information for processor 7
  Max Mhz: 2496, Current Mhz: 1996, Mhz Limit: 2496
Processor Information for processor 8
  Max Mhz: 2496, Current Mhz: 1996, Mhz Limit: 2496
Processor Information for processor 9
  Max Mhz: 2496, Current Mhz: 2496, Mhz Limit: 2496
Processor Information for processor 10
  Max Mhz: 2496, Current Mhz: 2496, Mhz Limit: 2496
Processor Information for processor 11
  Max Mhz: 2496, Current Mhz: 1996, Mhz Limit: 2496
Processor Information for processor 12
  Max Mhz: 2496, Current Mhz: 2496, Mhz Limit: 2496
Processor Information for processor 13
  Max Mhz: 2496, Current Mhz: 2496, Mhz Limit: 2496
Processor Information for processor 14
  Max Mhz: 2496, Current Mhz: 2496, Mhz Limit: 2496
Processor Information for processor 15
  Max Mhz: 2496, Current Mhz: 1996, Mhz Limit: 2496

Memory: 4k page, system-wide physical 16106M (4007M free)
TotalPageFile size 24667M (AvailPageFile size 1811M)
current process WorkingSet (physical memory assigned to process): 48M, peak: 237M
current process commit charge ("private bytes"): 219M, peak: 435M

vm_info: Java HotSpot(TM) 64-Bit Server VM (24.0.2+12-54) for windows-amd64 JRE (24.0.2+12-54), built on 2025-07-08T12:10:27Z with MS VC++ 17.6 (VS2022)

END.
