#
# A fatal error has been detected by the Java Runtime Environment:
#
#  EXCEPTION_ACCESS_VIOLATION (0xc0000005) at pc=0x00007ffa4ccead06, pid=13128, tid=29036
#
# JRE version: Java(TM) SE Runtime Environment (24.0.2+12) (build 24.0.2+12-54)
# Java VM: Java HotSpot(TM) 64-Bit Server VM (24.0.2+12-54, mixed mode, sharing, tiered, compressed oops, compressed class ptrs, g1 gc, windows-amd64)
# Problematic frame:
# C  [awt.dll+0xdad06]
#
# No core dump will be written. Minidumps are not enabled by default on client versions of Windows
#
# If you would like to submit a bug report, please visit:
#   https://bugreport.java.com/bugreport/crash.jsp
# The crash happened outside the Java Virtual Machine in native code.
# See problematic frame for where to report the bug.
#

---------------  S U M M A R Y ------------

Command Line: io.qameta.allure.CommandLine serve C:\Users\cmirzac\IdeaProjects\AutomationUpskilling\target\allure-results

Host: 11th Gen Intel(R) Core(TM) i7-11850H @ 2.50GHz, 16 cores, 15G,  Windows 11 , 64 bit Build 26100 (10.0.26100.4768)
Time: Thu Sep 11 08:32:35 2025 E. Europe Daylight Time elapsed time: 498260.313144 seconds (5d 18h 24m 20s)

---------------  T H R E A D  ---------------

Current thread (0x0000018ee4b11140):  JavaThread "AWT-EventQueue-0"        [_thread_in_native, id=29036, stack(0x0000002980500000,0x0000002980600000) (1024K)]

Stack: [0x0000002980500000,0x0000002980600000],  sp=0x00000029805fee70,  free space=1019k
Native frames: (J=compiled Java code, j=interpreted, Vv=VM code, C=native code)
C  [awt.dll+0xdad06]  (no source info available)
C  [awt.dll+0xdc542]  (no source info available)
C  0x0000018e8fc3cf40  (no source info available)

The last pc belongs to native method entry point (kind = native) (printed below).
Java frames: (J=compiled Java code, j=interpreted, Vv=VM code)
j  sun.awt.Win32GraphicsDevice.initNativeScale(I)V+0 java.desktop@24.0.2
j  sun.awt.Win32GraphicsDevice.initScaleFactors()V+60 java.desktop@24.0.2
j  sun.awt.Win32GraphicsDevice.displayChanged()V+16 java.desktop@24.0.2
j  sun.awt.Win32GraphicsEnvironment.displayChanged()V+271 java.desktop@24.0.2
j  sun.awt.windows.WToolkit.lambda$displayChanged$0()V+15 java.desktop@24.0.2
j  sun.awt.windows.WToolkit$$Lambda+0x0000018e9b354b58.run()V+0 java.desktop@24.0.2
j  java.awt.event.InvocationEvent.dispatch()V+47 java.desktop@24.0.2
j  java.awt.EventQueue.dispatchEventImpl(Ljava/awt/AWTEvent;Ljava/lang/Object;)V+21 java.desktop@24.0.2
j  java.awt.EventQueue.dispatchEvent(Ljava/awt/AWTEvent;)V+22 java.desktop@24.0.2
j  java.awt.EventDispatchThread.pumpOneEventForFilters(I)V+81 java.desktop@24.0.2
j  java.awt.EventDispatchThread.pumpEventsForFilter(ILjava/awt/Conditional;Ljava/awt/EventFilter;)V+35 java.desktop@24.0.2
j  java.awt.EventDispatchThread.pumpEventsForHierarchy(ILjava/awt/Conditional;Ljava/awt/Component;)V+11 java.desktop@24.0.2
j  java.awt.EventDispatchThread.pumpEvents(ILjava/awt/Conditional;)V+4 java.desktop@24.0.2
j  java.awt.EventDispatchThread.pumpEvents(Ljava/awt/Conditional;)V+3 java.desktop@24.0.2
j  java.awt.EventDispatchThread.run()V+9 java.desktop@24.0.2
v  ~StubRoutines::call_stub 0x0000018e8fc30fcd

siginfo: EXCEPTION_ACCESS_VIOLATION (0xc0000005), reading address 0x000000010000004e


Registers:
RAX=0x00000000fffffffe, RBX=0x0000018ee04046c0, RCX=0x00000000fffffffe, RDX=0x0000000000000000
RSP=0x00000029805fee70, RBP=0x00000029805fef50, RSI=0x0000000000000001, RDI=0x0000000000000000
R8 =0x0000000000000001, R9 =0x00000029fdea8000, R10=0x0000018e8fc3cfe0, R11=0x0000000000000100
R12=0x0000000000000000, R13=0x0000018edccf5110, R14=0x00000029805fef78, R15=0x0000018ee4b11140
RIP=0x00007ffa4ccead06, EFLAGS=0x0000000000010202

XMM[0]=0x0000000000000000 0x0000000000000000
XMM[1]=0x0000000000000000 0x00000000bf800000
XMM[2]=0x0000000000000000 0x0000000000000000
XMM[3]=0x0000000000000000 0x0000000000000000
XMM[4]=0x0000000000000000 0x0000000000000000
XMM[5]=0x0000000000000000 0x0000000000000000
XMM[6]=0x0000000000000000 0x0000000000000000
XMM[7]=0x0000000000000000 0x0000000000000000
XMM[8]=0x0000000000000000 0x0000000000000000
XMM[9]=0x0000000000000000 0x0000000000000000
XMM[10]=0x0000000000000000 0x0000000000000000
XMM[11]=0x0000000000000000 0x0000000000000000
XMM[12]=0x0000000000000000 0x0000000000000000
XMM[13]=0x0000000000000000 0x0000000000000000
XMM[14]=0x0000000000000000 0x0000000000000000
XMM[15]=0x0000000000000000 0x0000000000000000
  MXCSR=0x00001fa0


Register to memory mapping:

RAX=0x00000000fffffffe is an unknown value
RBX=0x0000018ee04046c0 points into unknown readable memory: 0x0000018ee3007ef0 | f0 7e 00 e3 8e 01 00 00
RCX=0x00000000fffffffe is an unknown value
RDX=0x0 is null
RSP=0x00000029805fee70 is pointing into the stack for thread: 0x0000018ee4b11140
RBP=0x00000029805fef50 is pointing into the stack for thread: 0x0000018ee4b11140
RSI=0x0000000000000001 is an unknown value
RDI=0x0 is null
R8 =0x0000000000000001 is an unknown value
R9 =0x00000029fdea8000 points into unknown readable memory: 0x0000000000000000 | 00 00 00 00 00 00 00 00
R10=0x0000018e8fc3cfe0 is at code_begin+1152 in an Interpreter codelet
native method entry point (kind = native)  [0x0000018e8fc3cb60, 0x0000018e8fc3d6a0]  2880 bytes
R11=0x0000000000000100 is an unknown value
R12=0x0 is null
R13={method} {0x0000018edccf5118} 'initNativeScale' '(I)V' in 'sun/awt/Win32GraphicsDevice'
R14=0x00000029805fef78 is pointing into the stack for thread: 0x0000018ee4b11140
R15=0x0000018ee4b11140 is a thread

Top of Stack: (sp=0x00000029805fee70)
0x00000029805fee70:   0000018ee04046c0 0000018e8fc67d69   .F@.....i}......
0x00000029805fee80:   0000018e9a202ce0 0000018ee04046c0   ., ......F@.....
0x00000029805fee90:   0000018ee04046c0 00007ffa4ccec542   .F@.....B..L....
0x00000029805feea0:   00007ffa4cd47838 0000018edccf5110   8x.L.....Q......
0x00000029805feeb0:   0000000000000000 0000000000000000   ................
0x00000029805feec0:   0000018e8fc3899a 0000018e8fc3cf40   ........@.......
0x00000029805feed0:   0000018edccf5110 0000000000000000   .Q..............
0x00000029805feee0:   0000000000000000 0000000000000000   ................
0x00000029805feef0:   0000000000000000 0000000000000000   ................
0x00000029805fef00:   0000000000000000 fffffffffffffff7   ................
0x00000029805fef10:   0000000000000000 0000000000000005   ................
0x00000029805fef20:   0000018edccf86b8 0000000000000000   ................
0x00000029805fef30:   0000000706331698 0000018edccf5110   ..3......Q......
0x00000029805fef40:   0000000000000000 00000029805fef70   ........p._.)...
0x00000029805fef50:   00000029805fefc8 0000018e8fc38800   .._.)...........
0x00000029805fef60:   0000000000000000 0000018e8fc3a437   ........7.......
0x00000029805fef70:   0000000000000000 000000070636cf70   ........p.6.....
0x00000029805fef80:   fffffffffffffff7 0000018edccf5774   ........tW......
0x00000029805fef90:   0000000000000002 0000018edccf86b8   ................
0x00000029805fefa0:   0000000000000000 0000000706331698   ..........3.....
0x00000029805fefb0:   0000018edccf57c0 fffffffffffffff5   .W..............
0x00000029805fefc0:   00000029805fefd8 00000029805ff028   .._.)...(._.)...
0x00000029805fefd0:   0000018e8fc38800 000000070636cf70   ........p.6.....
0x00000029805fefe0:   fffffffffffffff7 0000018edccf6f30   ........0o......
0x00000029805feff0:   0000000000000003 0000018edccf86b8   ................
0x00000029805ff000:   0000000000000000 0000000706331698   ..........3.....
0x00000029805ff010:   0000018edccf6f78 fffffffffffffff6   xo..............
0x00000029805ff020:   00000029805ff040 00000029805ff090   @._.)....._.)...
0x00000029805ff030:   0000018e8fc38800 0000000000000000   ................
0x00000029805ff040:   000000070636cf70 fffffffffffffff7   p.6.............
0x00000029805ff050:   0000018edcce646f 0000000000000008   od..............
0x00000029805ff060:   0000018edccea6f8 0000000000000000   ................

Instructions: (pc=0x00007ffa4ccead06)
  0x00007ffa4cceac06:   11 45 d4 0f 11 45 e4 0f 11 45 f4 89 45 04 c7 45
  0x00007ffa4cceac16:   a0 68 00 00 00 0f 11 44 24 34 0f 11 44 24 44 0f
  0x00007ffa4cceac26:   11 44 24 54 0f 11 44 24 64 0f 11 44 24 74 0f 11
  0x00007ffa4cceac36:   45 84 89 45 94 c7 44 24 30 68 00 00 00 48 8d 55
  0x00007ffa4cceac46:   a0 49 8b ce ff 15 c8 5c 06 00 85 c0 74 41 48 8d
  0x00007ffa4cceac56:   54 24 30 48 8b ce ff 15 b6 5c 06 00 85 c0 74 2f
  0x00007ffa4cceac66:   48 8d 54 24 34 48 8d 4d a4 ff 15 eb 5b 06 00 85
  0x00007ffa4cceac76:   c0 74 1c 48 8d 54 24 44 48 8d 4d b4 ff 15 d8 5b
  0x00007ffa4cceac86:   06 00 85 c0 74 09 8b 44 24 54 39 45 c4 74 11 ff
  0x00007ffa4cceac96:   c7 3b 7b 0c 0f 8c 40 ff ff ff 8b 3d 7a 96 06 00
  0x00007ffa4cceaca6:   48 8b cb e8 62 d2 f4 ff 90 8b c7 48 8b 4d 10 48
  0x00007ffa4cceacb6:   33 cc e8 93 ee 00 00 4c 8d 9c 24 20 01 00 00 49
  0x00007ffa4cceacc6:   8b 5b 28 49 8b 73 30 49 8b e3 41 5e 5f 5d c3 cc
  0x00007ffa4cceacd6:   cc cc cc cc cc cc cc cc cc cc 48 8b 41 08 48 8b
  0x00007ffa4cceace6:   80 18 0c 00 00 c3 cc cc cc cc 48 8b 41 08 48 05
  0x00007ffa4cceacf6:   00 04 00 00 c3 cc cc cc cc cc 40 53 48 83 ec 20
=>0x00007ffa4ccead06:   83 79 50 00 48 8b d9 75 56 48 8b 49 28 4c 8d 44
  0x00007ffa4ccead16:   24 38 48 8d 54 24 30 c7 44 24 30 00 00 80 bf c7
  0x00007ffa4ccead26:   44 24 38 00 00 80 bf e8 2e ce 00 00 f3 0f 10 54
  0x00007ffa4ccead36:   24 30 0f 57 c0 0f 2f d0 76 25 f3 0f 10 4c 24 38
  0x00007ffa4ccead46:   0f 2f c8 76 1a f3 0f 5e 15 b9 8f 02 00 f3 0f 5e
  0x00007ffa4ccead56:   0d b1 8f 02 00 f3 0f 11 53 48 f3 0f 11 4b 4c 48
  0x00007ffa4ccead66:   83 c4 20 5b c3 cc cc cc cc cc 48 89 5c 24 10 48
  0x00007ffa4ccead76:   89 74 24 18 57 41 56 41 57 48 83 ec 40 48 8b d9
  0x00007ffa4ccead86:   48 83 79 18 00 75 14 b9 28 04 00 00 e8 89 85 00
  0x00007ffa4ccead96:   00 48 89 43 18 c7 00 28 00 00 00 48 8b 43 18 33
  0x00007ffa4cceada6:   ff 66 89 78 0e 48 8b 4b 28 e8 5c 03 00 00 48 8b
  0x00007ffa4cceadb6:   f0 41 bf 01 00 00 00 45 8b c7 41 8b d7 48 8b c8
  0x00007ffa4cceadc6:   ff 15 f4 57 06 00 4c 8b f0 89 7c 24 30 48 8b 4b
  0x00007ffa4cceadd6:   18 48 89 4c 24 28 48 89 7c 24 20 45 8b cf 45 33
  0x00007ffa4cceade6:   c0 48 8b d0 48 8b ce ff 15 ed 56 06 00 48 8b 53
  0x00007ffa4cceadf6:   30 48 8b 0b 8b 05 24 95 06 00 83 79 04 08 0f 8e


Stack slot to memory mapping:

stack at sp + 0 slots: 0x0000018ee04046c0 points into unknown readable memory: 0x0000018ee3007ef0 | f0 7e 00 e3 8e 01 00 00
stack at sp + 1 slots: 0x0000018e8fc67d69 is at begin+201 in a stub
StubRoutines::nmethod_entry_barrier [0x0000018e8fc67ca0, 0x0000018e8fc67e63] (451 bytes)
stack at sp + 2 slots: {method} {0x0000018e9a202ce8} 'listIterator' '()Ljava/util/ListIterator;' in 'java/util/ArrayList'
stack at sp + 3 slots: 0x0000018ee04046c0 points into unknown readable memory: 0x0000018ee3007ef0 | f0 7e 00 e3 8e 01 00 00
stack at sp + 4 slots: 0x0000018ee04046c0 points into unknown readable memory: 0x0000018ee3007ef0 | f0 7e 00 e3 8e 01 00 00
stack at sp + 5 slots: 0x00007ffa4ccec542 awt.dll
stack at sp + 6 slots: 0x00007ffa4cd47838 awt.dll
stack at sp + 7 slots: {method} {0x0000018edccf5118} 'initNativeScale' '(I)V' in 'sun/awt/Win32GraphicsDevice'

Lock stack of current Java thread (top to bottom):

native method entry point (kind = native)  [0x0000018e8fc3cb60, 0x0000018e8fc3d6a0]  2880 bytes
[MachCode]
  0x0000018e8fc3cb60: 488b 4b08 | 0fb7 492e | 584c 8d74 | ccf8 6800 | 0000 0068 | 0000 0000 | 5055 488b | ec41 5568 
  0x0000018e8fc3cb80: 0000 0000 | 4c8b 6b08 | 4d8d 6d38 | 5348 8b53 | 0848 8b52 | 0848 8b52 | 1848 8b52 | 7048 8b12 
  0x0000018e8fc3cba0: 5248 8b53 | 1048 85d2 | 0f84 0700 | 0000 4881 | c208 0100 | 0052 488b | 5308 488b | 5208 488b 
  0x0000018e8fc3cbc0: 5210 5249 | 8bc6 482b | c548 c1e8 | 0350 6800 | 0000 0068 | f7ff ffff | 41c6 8771 | 0400 0001 
  0x0000018e8fc3cbe0: 488b 4310 | 4885 c074 | 208b 88cc | 0000 0083 | c102 8988 | cc00 0000 | 2388 e000 | 0000 0f84 
  0x0000018e8fc3cc00: ea09 0000 | e9cd 0000 | 0048 8b43 | 1848 85c0 | 0f85 b000 | 0000 e805 | 0000 00e9 | 9900 0000 
  0x0000018e8fc3cc20: 488b d348 | 8d44 2408 | 4c89 6dc0 | 498b cfc5 | f877 4989 | afb8 0300 | 0049 8987 | a803 0000 
  0x0000018e8fc3cc40: 4883 ec20 | 40f6 c40f | 0f84 1900 | 0000 4883 | ec08 48b8 | a02f a0ea | f97f 0000 | ffd0 4883 
  0x0000018e8fc3cc60: c408 e90c | 0000 0048 | b8a0 2fa0 | eaf9 7f00 | 00ff d048 | 83c4 2049 | c787 a803 | 0000 0000 
  0x0000018e8fc3cc80: 0000 49c7 | 87b8 0300 | 0000 0000 | 0049 c787 | b003 0000 | 0000 0000 | c5f8 7749 | 837f 0800 
  0x0000018e8fc3cca0: 0f84 0500 | 0000 e915 | 42ff ff4c | 8b6d c04c | 8b75 c84e | 8d74 f500 | c348 8b43 | 1848 85c0 
  0x0000018e8fc3ccc0: 0f84 1000 | 0000 8b08 | 83c1 0289 | 0823 4814 | 0f84 1809 | 0000 493b | a7f0 0400 | 000f 8748 
  0x0000018e8fc3cce0: 0000 0089 | 8424 00f0 | ffff 8984 | 2400 e0ff | ff89 8424 | 00d0 ffff | 8984 2400 | c0ff ff89 
  0x0000018e8fc3cd00: 8424 00b0 | ffff 8984 | 2400 a0ff | ff89 8424 | 0090 ffff | 8984 2400 | 80ff ff49 | 3ba7 e804 
  0x0000018e8fc3cd20: 0000 7607 | 4989 a7f0 | 0400 0041 | c687 7104 | 0000 0048 | 8b5d e84c | 8b5b 0845 | 0fb7 5b2e 
  0x0000018e8fc3cd40: 41c1 e303 | 492b e348 | 83ec 2048 | 83e4 f04c | 8b5b 604d | 85db 0f85 | ab00 0000 | e805 0000 
  0x0000018e8fc3cd60: 00e9 9900 | 0000 488b | d348 8d44 | 2408 4c89 | 6dc0 498b | cfc5 f877 | 4989 afb8 | 0300 0049 
  0x0000018e8fc3cd80: 8987 a803 | 0000 4883 | ec20 40f6 | c40f 0f84 | 1900 0000 | 4883 ec08 | 48b8 e059 | a0ea f97f 
  0x0000018e8fc3cda0: 0000 ffd0 | 4883 c408 | e90c 0000 | 0048 b8e0 | 59a0 eaf9 | 7f00 00ff | d048 83c4 | 2049 c787 
  0x0000018e8fc3cdc0: a803 0000 | 0000 0000 | 49c7 87b8 | 0300 0000 | 0000 0049 | c787 b003 | 0000 0000 | 0000 c5f8 
  0x0000018e8fc3cde0: 7749 837f | 0800 0f84 | 0500 0000 | e9cf 40ff | ff4c 8b6d | c04c 8b75 | c84e 8d74 | f500 c348 
  0x0000018e8fc3ce00: 8b5d e84c | 8b5b 6041 | ffd3 488b | 5de8 4889 | 4518 448b | 5b28 41f6 | c308 0f84 | 1b00 0000 
  0x0000018e8fc3ce20: 4c8b 5b08 | 4d8b 5b08 | 4d8b 5b18 | 4d8b 5b70 | 4d8b 1b4c | 895d 1048 | 8d55 1048 | 8b43 5849 
  0x0000018e8fc3ce40: baf0 72d9 | eaf9 7f00 | 0049 3bc2 | 0f85 ab00 | 0000 e805 | 0000 00e9 | 9900 0000 | 488b d348 
  0x0000018e8fc3ce60: 8d44 2408 | 4c89 6dc0 | 498b cfc5 | f877 4989 | afb8 0300 | 0049 8987 | a803 0000 | 4883 ec20 
  0x0000018e8fc3ce80: 40f6 c40f | 0f84 1900 | 0000 4883 | ec08 48b8 | e059 a0ea | f97f 0000 | ffd0 4883 | c408 e90c 
  0x0000018e8fc3cea0: 0000 0048 | b8e0 59a0 | eaf9 7f00 | 00ff d048 | 83c4 2049 | c787 a803 | 0000 0000 | 0000 49c7 
  0x0000018e8fc3cec0: 87b8 0300 | 0000 0000 | 0049 c787 | b003 0000 | 0000 0000 | c5f8 7749 | 837f 0800 | 0f84 0500 
  0x0000018e8fc3cee0: 0000 e9d9 | 3fff ff4c | 8b6d c04c | 8b75 c84e | 8d74 f500 | c348 8b5d | e848 8b43 | 5849 8d8f 
  0x0000018e8fc3cf00: c803 0000 | 4c8d 15d5 | 0000 004d | 8997 b003 | 0000 c5f8 | 7749 89af | b803 0000 | 4989 a7a8 
  0x0000018e8fc3cf20: 0300 0041 | c787 5404 | 0000 0400 | 0000 493b | a748 0500 | 0076 0749 | 89a7 4805 | 0000 ffd0 
  0x0000018e8fc3cf40: 493b a748 | 0500 0072 | 0b49 c787 | 4805 0000 | 0000 0000 | c5f8 7748 | 83ec 10c5 | fb11 0424 
  0x0000018e8fc3cf60: 4883 ec10 | 4889 0424 | 48c7 4424 | 0800 0000 | 0041 c787 | 5404 0000 | 0500 0000 | f083 4424 
  0x0000018e8fc3cf80: c000 493b | 6f28 0f87 | 0e00 0000 | 4183 bf50 | 0400 0000 | 0f84 2000 | 0000 498b | cf4c 8be4 
  0x0000018e8fc3cfa0: 4883 ec20 | 4883 e4f0 | 48b8 10b9 | a1ea f97f | 0000 ffd0 | 498b e44d | 33e4 41c7 | 8754 0400 
  0x0000018e8fc3cfc0: 0008 0000 | 004d 8b97 | 7005 0000 | 4983 fa00 | 7435 49c7 | 8770 0500 | 0000 0000 | 0041 ffe2 
  0x0000018e8fc3cfe0: 49ba 00bb | c38f 8e01 | 0000 41ff | d248 83ec | 10c5 fb11 | 0424 4883 | ec10 4889 | 0424 48c7 
  0x0000018e8fc3d000: 4424 0800 | 0000 0049 | c787 a803 | 0000 0000 | 0000 49c7 | 87b8 0300 | 0000 0000 | 0049 c787 
  0x0000018e8fc3d020: b003 0000 | 0000 0000 | c5f8 774d | 8b9f 3804 | 0000 41c7 | 8300 0100 | 0000 0000 | 0049 bb3a 
  0x0000018e8fc3d040: a4c3 8f8e | 0100 004c | 3b5d 180f | 855b 0200 | 0048 8b04 | 2448 83c4 | 1048 85c0 | 0f84 3502 
  0x0000018e8fc3d060: 0000 a803 | 0f85 0800 | 0000 488b | 00e9 2502 | 0000 a801 | 0f85 0900 | 0000 488b | 40fe e914 
  0x0000018e8fc3d080: 0200 0048 | 8b40 ff41 | 807f 4800 | 0f84 0502 | 0000 4883 | f800 0f84 | fb01 0000 | 4d8b 5f38 
  0x0000018e8fc3d0a0: 4d85 db0f | 8414 0000 | 0049 83eb | 084d 895f | 384d 035f | 4049 8903 | e9da 0100 | 0048 81ec 
  0x0000018e8fc3d0c0: f000 0000 | 4889 0424 | 4889 4c24 | 0848 8954 | 2410 4c89 | 4424 184c | 894c 2420 | 4c89 5424 
  0x0000018e8fc3d0e0: 284c 895c | 2430 c5fb | 1144 2440 | c5fb 114c | 2448 c5fb | 1154 2450 | c5fb 115c | 2458 c5fb 
  0x0000018e8fc3d100: 1164 2460 | c5fb 116c | 2468 62e1 | ff08 1144 | 240e 62e1 | ff08 114c | 240f 62e1 | ff08 1154 
  0x0000018e8fc3d120: 2410 62e1 | ff08 115c | 2411 62e1 | ff08 1164 | 2412 62e1 | ff08 116c | 2413 62e1 | ff08 1174 
  0x0000018e8fc3d140: 2414 62e1 | ff08 117c | 2415 6261 | ff08 1144 | 2416 6261 | ff08 114c | 2417 6261 | ff08 1154 
  0x0000018e8fc3d160: 2418 6261 | ff08 115c | 2419 6261 | ff08 1164 | 241a 6261 | ff08 116c | 241b 6261 | ff08 1174 
  0x0000018e8fc3d180: 241c 6261 | ff08 117c | 241d 498b | d748 8bc8 | 4883 ec20 | 40f6 c40f | 0f84 1900 | 0000 4883 
  0x0000018e8fc3d1a0: ec08 48b8 | 5049 94ea | f97f 0000 | ffd0 4883 | c408 e90c | 0000 0048 | b850 4994 | eaf9 7f00 
  0x0000018e8fc3d1c0: 00ff d048 | 83c4 2062 | 61ff 0810 | 7c24 1d62 | 61ff 0810 | 7424 1c62 | 61ff 0810 | 6c24 1b62 
  0x0000018e8fc3d1e0: 61ff 0810 | 6424 1a62 | 61ff 0810 | 5c24 1962 | 61ff 0810 | 5424 1862 | 61ff 0810 | 4c24 1762 
  0x0000018e8fc3d200: 61ff 0810 | 4424 1662 | e1ff 0810 | 7c24 1562 | e1ff 0810 | 7424 1462 | e1ff 0810 | 6c24 1362 
  0x0000018e8fc3d220: e1ff 0810 | 6424 1262 | e1ff 0810 | 5c24 1162 | e1ff 0810 | 5424 1062 | e1ff 0810 | 4c24 0f62 
  0x0000018e8fc3d240: e1ff 0810 | 4424 0ec5 | fb10 6c24 | 68c5 fb10 | 6424 60c5 | fb10 5c24 | 58c5 fb10 | 5424 50c5 
  0x0000018e8fc3d260: fb10 4c24 | 48c5 fb10 | 4424 404c | 8b5c 2430 | 4c8b 5424 | 284c 8b4c | 2420 4c8b | 4424 1848 
  0x0000018e8fc3d280: 8b54 2410 | 488b 4c24 | 0848 8b04 | 2448 81c4 | f000 0000 | c5f8 7748 | 8945 1048 | 83ec 1048 
  0x0000018e8fc3d2a0: 8904 2448 | c744 2408 | 0000 0000 | 4183 bfd0 | 0400 0002 | 0f85 bf00 | 0000 4881 | ec80 0000 
  0x0000018e8fc3d2c0: 0048 8944 | 2478 4889 | 4c24 7048 | 8954 2468 | 4889 5c24 | 6048 896c | 2450 4889 | 7424 4848 
  0x0000018e8fc3d2e0: 897c 2440 | 4c89 4424 | 384c 894c | 2430 4c89 | 5424 284c | 895c 2420 | 4c89 6424 | 184c 896c 
  0x0000018e8fc3d300: 2410 4c89 | 7424 084c | 893c 244c | 8be4 4883 | ec20 4883 | e4f0 48b8 | 8059 d9ea | f97f 0000 
  0x0000018e8fc3d320: ffd0 498b | e44c 8b3c | 244c 8b74 | 2408 4c8b | 6c24 104c | 8b64 2418 | 4c8b 5c24 | 204c 8b54 
  0x0000018e8fc3d340: 2428 4c8b | 4c24 304c | 8b44 2438 | 488b 7c24 | 4048 8b74 | 2448 488b | 6c24 5048 | 8b5c 2460 
  0x0000018e8fc3d360: 488b 5424 | 6848 8b4c | 2470 488b | 4424 7848 | 81c4 8000 | 0000 4d33 | e448 8b5d | e84c 8b6b 
  0x0000018e8fc3d380: 084d 8d6d | 3849 837f | 0800 0f84 | bb00 0000 | e805 0000 | 00e9 9600 | 0000 488d | 4424 084c 
  0x0000018e8fc3d3a0: 896d c049 | 8bcf c5f8 | 7749 89af | b803 0000 | 4989 87a8 | 0300 0048 | 83ec 2040 | f6c4 0f0f 
  0x0000018e8fc3d3c0: 8419 0000 | 0048 83ec | 0848 b880 | 78a0 eaf9 | 7f00 00ff | d048 83c4 | 08e9 0c00 | 0000 48b8 
  0x0000018e8fc3d3e0: 8078 a0ea | f97f 0000 | ffd0 4883 | c420 49c7 | 87a8 0300 | 0000 0000 | 0049 c787 | b803 0000 
  0x0000018e8fc3d400: 0000 0000 | 49c7 87b0 | 0300 0000 | 0000 00c5 | f877 4983 | 7f08 000f | 8405 0000 | 00e9 9e3a 
  0x0000018e8fc3d420: ffff 4c8b | 6dc0 4c8b | 75c8 4e8d | 74f5 00c3 | 48b9 08ec | ffea f97f | 0000 4883 | e4f0 48b8 
  0x0000018e8fc3d440: 00a9 c6ea | f97f 0000 | ffd0 f444 | 8b5b 2841 | f6c3 200f | 8472 0100 | 0048 8d55 | a84c 8b5a 
  0x0000018e8fc3d460: 084d 85db | 0f85 bb00 | 0000 e805 | 0000 00e9 | 9600 0000 | 488d 4424 | 084c 896d | c049 8bcf 
  0x0000018e8fc3d480: c5f8 7749 | 89af b803 | 0000 4989 | 87a8 0300 | 0048 83ec | 2040 f6c4 | 0f0f 8419 | 0000 0048 
  0x0000018e8fc3d4a0: 83ec 0848 | b8b0 77a0 | eaf9 7f00 | 00ff d048 | 83c4 08e9 | 0c00 0000 | 48b8 b077 | a0ea f97f 
  0x0000018e8fc3d4c0: 0000 ffd0 | 4883 c420 | 49c7 87a8 | 0300 0000 | 0000 0049 | c787 b803 | 0000 0000 | 0000 49c7 
  0x0000018e8fc3d4e0: 87b0 0300 | 0000 0000 | 00c5 f877 | 4983 7f08 | 000f 8405 | 0000 00e9 | c439 ffff | 4c8b 6dc0 
  0x0000018e8fc3d500: 4c8b 75c8 | 4e8d 74f5 | 00c3 48b9 | 08ec ffea | f97f 0000 | 4883 e4f0 | 48b8 00a9 | c6ea f97f 
  0x0000018e8fc3d520: 0000 ffd0 | f44c 896d | c04c 8b4a | 0848 c742 | 0800 0000 | 0045 8b87 | 5806 0000 | 4f3b 4c07 
  0x0000018e8fc3d540: f80f 8542 | 0000 0041 | 83af 5806 | 0000 084f | 3b4c 07f0 | 0f84 2a00 | 0000 498b | 01a8 020f 
  0x0000018e8fc3d560: 8512 0000 | 004c 8bc0 | 4983 c801 | f04d 0fb1 | 010f 840d | 0000 0041 | 8387 5806 | 0000 08e9 
  0x0000018e8fc3d580: 0500 0000 | e93e 0000 | 004c 894a | 0848 8bca | 4883 ec20 | 40f6 c40f | 0f84 1900 | 0000 4883 
  0x0000018e8fc3d5a0: ec08 48b8 | d049 a0ea | f97f 0000 | ffd0 4883 | c408 e90c | 0000 0048 | b8d0 49a0 | eaf9 7f00 
  0x0000018e8fc3d5c0: 00ff d048 | 83c4 204c | 8b6d c048 | 8b04 2448 | 83c4 10c5 | fb10 0424 | 4883 c410 | 4c8b 5d18 
  0x0000018e8fc3d5e0: 41ff d34c | 8b5d f8c9 | 5f49 8be3 | ffe7 ba00 | 0000 00e8 | 0500 0000 | e996 0000 | 0048 8d44 
  0x0000018e8fc3d600: 2408 4c89 | 6dc0 498b | cfc5 f877 | 4989 afb8 | 0300 0049 | 8987 a803 | 0000 4883 | ec20 40f6 
  0x0000018e8fc3d620: c40f 0f84 | 1900 0000 | 4883 ec08 | 48b8 703e | a0ea f97f | 0000 ffd0 | 4883 c408 | e90c 0000 
  0x0000018e8fc3d640: 0048 b870 | 3ea0 eaf9 | 7f00 00ff | d048 83c4 | 2049 c787 | a803 0000 | 0000 0000 | 49c7 87b8 
  0x0000018e8fc3d660: 0300 0000 | 0000 0049 | c787 b003 | 0000 0000 | 0000 c5f8 | 7749 837f | 0800 0f84 | 0500 0000 
  0x0000018e8fc3d680: e93b 38ff | ff4c 8b6d | c04c 8b75 | c84e 8d74 | f500 c348 | 8b5d e8e9 | 3af6 ffff | 0f1f 4000 
[/MachCode]

---------------  P R O C E S S  ---------------

Threads class SMR info:
_java_thread_list=0x0000018ee1c3d930, length=27, elements={
0x0000018ef79e2ed0, 0x0000018edf0044b0, 0x0000018edf004cf0, 0x0000018effc7d780,
0x0000018effc7e2b0, 0x0000018edf007440, 0x0000018edf0096c0, 0x0000018edf012940,
0x0000018edf026990, 0x0000018edf0b7f20, 0x0000018edf0ccef0, 0x0000018ee39b7d00,
0x0000018ee39b5fc0, 0x0000018ee39b6e60, 0x0000018ee4b0fb50, 0x0000018ee4b12730,
0x0000018ee4b13d20, 0x0000018ee4b109f0, 0x0000018ee4b11890, 0x0000018ee4b135d0,
0x0000018ee4b14470, 0x0000018ee4b14bc0, 0x0000018ee4b15310, 0x0000018ee4b161b0,
0x0000018ee4b102a0, 0x0000018ee4b11fe0, 0x0000018ee4b11140
}

Java Threads: ( => current thread )
  0x0000018ef79e2ed0 JavaThread "main"                              [_thread_blocked, id=24964, stack(0x00000029fe300000,0x00000029fe400000) (1024K)]
  0x0000018edf0044b0 JavaThread "Reference Handler"          daemon [_thread_blocked, id=24960, stack(0x00000029feb00000,0x00000029fec00000) (1024K)]
  0x0000018edf004cf0 JavaThread "Finalizer"                  daemon [_thread_blocked, id=3348, stack(0x00000029fec00000,0x00000029fed00000) (1024K)]
  0x0000018effc7d780 JavaThread "Signal Dispatcher"          daemon [_thread_blocked, id=25640, stack(0x00000029fed00000,0x00000029fee00000) (1024K)]
  0x0000018effc7e2b0 JavaThread "Attach Listener"            daemon [_thread_blocked, id=21920, stack(0x00000029fee00000,0x00000029fef00000) (1024K)]
  0x0000018edf007440 JavaThread "Service Thread"             daemon [_thread_blocked, id=24244, stack(0x00000029fef00000,0x00000029ff000000) (1024K)]
  0x0000018edf0096c0 JavaThread "Monitor Deflation Thread"   daemon [_thread_blocked, id=2904, stack(0x00000029ff000000,0x00000029ff100000) (1024K)]
  0x0000018edf012940 JavaThread "C2 CompilerThread0"         daemon [_thread_blocked, id=23744, stack(0x00000029ff100000,0x00000029ff200000) (1024K)]
  0x0000018edf026990 JavaThread "C1 CompilerThread0"         daemon [_thread_blocked, id=23456, stack(0x00000029ff200000,0x00000029ff300000) (1024K)]
  0x0000018edf0b7f20 JavaThread "Notification Thread"        daemon [_thread_blocked, id=22808, stack(0x00000029ff300000,0x00000029ff400000) (1024K)]
  0x0000018edf0ccef0 JavaThread "Common-Cleaner"             daemon [_thread_blocked, id=25948, stack(0x00000029ff400000,0x00000029ff500000) (1024K)]
  0x0000018ee39b7d00 JavaThread "qtp117885704-88"                   [_thread_in_native, id=3704, stack(0x0000002980e00000,0x0000002980f00000) (1024K)]
  0x0000018ee39b5fc0 JavaThread "qtp117885704-89"                   [_thread_in_native, id=6500, stack(0x0000002980f00000,0x0000002981000000) (1024K)]
  0x0000018ee39b6e60 JavaThread "qtp117885704-90"                   [_thread_in_native, id=19404, stack(0x0000002981000000,0x0000002981100000) (1024K)]
  0x0000018ee4b0fb50 JavaThread "qtp117885704-91"                   [_thread_in_native, id=22684, stack(0x0000002981100000,0x0000002981200000) (1024K)]
  0x0000018ee4b12730 JavaThread "qtp117885704-94-acceptor-0@77904a48-ServerConnector@6edcd0d8{HTTP/1.1, (http/1.1)}{0.0.0.0:54950}"        [_thread_blocked, id=25540, stack(0x0000002981400000,0x0000002981500000) (1024K)]
  0x0000018ee4b13d20 JavaThread "qtp117885704-95-acceptor-1@1c5627df-ServerConnector@6edcd0d8{HTTP/1.1, (http/1.1)}{0.0.0.0:54950}"        [_thread_in_native, id=16492, stack(0x0000002981500000,0x0000002981600000) (1024K)]
  0x0000018ee4b109f0 JavaThread "Java2D Disposer"            daemon [_thread_blocked, id=25960, stack(0x0000002980300000,0x0000002980400000) (1024K)]
  0x0000018ee4b11890 JavaThread "AWT-Windows"                daemon [_thread_in_native, id=15864, stack(0x0000002981700000,0x0000002981800000) (1024K)]
  0x0000018ee4b135d0 JavaThread "Swing-Shell"                daemon [_thread_blocked, id=25372, stack(0x0000002981800000,0x0000002981900000) (1024K)]
  0x0000018ee4b14470 JavaThread "qtp117885704-102"                  [_thread_in_native, id=2232, stack(0x0000002980100000,0x0000002980200000) (1024K)]
  0x0000018ee4b14bc0 JavaThread "Connector-Scheduler-6edcd0d8-1"        [_thread_blocked, id=25620, stack(0x0000002981900000,0x0000002981a00000) (1024K)]
  0x0000018ee4b15310 JavaThread "qtp117885704-107"                  [_thread_in_native, id=1844, stack(0x0000002982000000,0x0000002982100000) (1024K)]
  0x0000018ee4b161b0 JavaThread "qtp117885704-108"                  [_thread_in_native, id=21224, stack(0x0000002982100000,0x0000002982200000) (1024K)]
  0x0000018ee4b102a0 JavaThread "qtp117885704-111"                  [_thread_in_native, id=976, stack(0x0000002981a00000,0x0000002981b00000) (1024K)]
  0x0000018ee4b11fe0 JavaThread "AWT-Shutdown"                      [_thread_blocked, id=27348, stack(0x0000002980200000,0x0000002980300000) (1024K)]
=>0x0000018ee4b11140 JavaThread "AWT-EventQueue-0"                  [_thread_in_native, id=29036, stack(0x0000002980500000,0x0000002980600000) (1024K)]
Total: 27

Other Threads:
  0x0000018effc6fb40 VMThread "VM Thread"                           [id=25104, stack(0x00000029fea00000,0x00000029feb00000) (1024K)]
  0x0000018effc5d800 WatcherThread "VM Periodic Task Thread"        [id=19080, stack(0x00000029fe900000,0x00000029fea00000) (1024K)]
  0x0000018ef9dd7230 WorkerThread "GC Thread#0"                     [id=23968, stack(0x00000029fe400000,0x00000029fe500000) (1024K)]
  0x0000018edffaa7d0 WorkerThread "GC Thread#1"                     [id=6348, stack(0x00000029ffa00000,0x00000029ffb00000) (1024K)]
  0x0000018edffab690 WorkerThread "GC Thread#2"                     [id=26280, stack(0x00000029ffb00000,0x00000029ffc00000) (1024K)]
  0x0000018edffaa070 WorkerThread "GC Thread#3"                     [id=15780, stack(0x00000029ffc00000,0x00000029ffd00000) (1024K)]
  0x0000018edffaa420 WorkerThread "GC Thread#4"                     [id=20988, stack(0x00000029ffd00000,0x00000029ffe00000) (1024K)]
  0x0000018edffaaf30 WorkerThread "GC Thread#5"                     [id=17352, stack(0x00000029ffe00000,0x00000029fff00000) (1024K)]
  0x0000018edffab2e0 WorkerThread "GC Thread#6"                     [id=6532, stack(0x00000029fff00000,0x0000002a00000000) (1024K)]
  0x0000018ee01ec680 WorkerThread "GC Thread#7"                     [id=26496, stack(0x0000002980000000,0x0000002980100000) (1024K)]
  0x0000018ee01eca30 WorkerThread "GC Thread#8"                     [id=25984, stack(0x0000002980600000,0x0000002980700000) (1024K)]
  0x0000018ee01ecde0 WorkerThread "GC Thread#9"                     [id=24496, stack(0x0000002980700000,0x0000002980800000) (1024K)]
  0x0000018ee01ee7b0 WorkerThread "GC Thread#10"                    [id=7944, stack(0x0000002980800000,0x0000002980900000) (1024K)]
  0x0000018ee01ed540 WorkerThread "GC Thread#11"                    [id=1552, stack(0x0000002980900000,0x0000002980a00000) (1024K)]
  0x0000018ee136f0d0 WorkerThread "GC Thread#12"                    [id=12584, stack(0x0000002980400000,0x0000002980500000) (1024K)]
  0x0000018ef9decc50 ConcurrentGCThread "G1 Main Marker"            [id=24256, stack(0x00000029fe500000,0x00000029fe600000) (1024K)]
  0x0000018ef9dee560 WorkerThread "G1 Conc#0"                       [id=8624, stack(0x00000029fe600000,0x00000029fe700000) (1024K)]
  0x0000018ee01ee400 WorkerThread "G1 Conc#1"                       [id=5076, stack(0x0000002980a00000,0x0000002980b00000) (1024K)]
  0x0000018ee01eef10 WorkerThread "G1 Conc#2"                       [id=3752, stack(0x0000002980b00000,0x0000002980c00000) (1024K)]
  0x0000018effb184d0 ConcurrentGCThread "G1 Refine#0"               [id=25884, stack(0x00000029fe700000,0x00000029fe800000) (1024K)]
  0x0000018effb19e10 ConcurrentGCThread "G1 Service"                [id=17760, stack(0x00000029fe800000,0x00000029fe900000) (1024K)]
Total: 21

Threads with active compile tasks:
Total: 0

VM state: not at safepoint (normal execution)

VM Mutex/Monitor currently owned by a thread: None

Heap address: 0x0000000704400000, size: 4028 MB, Compressed Oops mode: Zero based, Oop shift amount: 3

CDS archive(s) mapped at: [0x0000018e9a000000-0x0000018e9ad40000-0x0000018e9ad40000), size 13893632, SharedBaseAddress: 0x0000018e9a000000, ArchiveRelocationMode: 1.
Compressed class space mapped at: 0x0000018e9b000000-0x0000018edb000000, reserved size: 1073741824
UseCompressedClassPointers 1, UseCompactObjectHeaders 0
Narrow klass pointer bits 32, Max shift 3
Narrow klass base: 0x0000018e9a000000, Narrow klass shift: 0
Encoding Range: [0x0000018e9a000000 - 0x0000018f9a000000), (4294967296 bytes)
Klass Range:    [0x0000018e9a000000 - 0x0000018edb000000), (1090519040 bytes)
Klass ID Range:  [8 - 1090519033) (1090519025)

GC Precious Log:
 CardTable entry size: 512
 Card Set container configuration: InlinePtr #cards 4 size 8 Array Of Cards #cards 16 size 48 Howl #buckets 8 coarsen threshold 3686 Howl Bitmap #cards 512 size 80 coarsen threshold 460 Card regions per heap region 1 cards per card region 4096
 CPUs: 16 total, 16 available
 Memory: 16106M
 Large Page Support: Disabled
 NUMA Support: Disabled
 Compressed Oops: Enabled (Zero based)
 Heap Region Size: 2M
 Heap Min Capacity: 8M
 Heap Initial Capacity: 252M
 Heap Max Capacity: 4028M
 Pre-touch: Disabled
 Parallel Workers: 13
 Concurrent Workers: 3
 Concurrent Refinement Workers: 13
 Periodic GC: Disabled

Heap:
 garbage-first heap   total reserved 4124672K, committed 63488K, used 40552K [0x0000000704400000, 0x0000000800000000)
  region size 2048K, 14 young (28672K), 1 survivors (2048K)
 Metaspace       used 34052K, committed 34368K, reserved 1114112K
  class space    used 3406K, committed 3520K, reserved 1048576K

Heap Regions: E=young(eden), S=young(survivor), O=old, HS=humongous(starts), HC=humongous(continues), CS=collection set, F=free, TAMS=top-at-mark-start, PB=parsable bottom
|   0|0x0000000704400000, 0x000000070440cff0, 0x0000000704600000|  2%| O|  |TAMS 0x0000000704400000| PB 0x0000000704400000| Untracked |  0
|   1|0x0000000704600000, 0x0000000704800000, 0x0000000704800000|100%| O|  |TAMS 0x0000000704600000| PB 0x0000000704600000| Untracked |  0
|   2|0x0000000704800000, 0x0000000704a00000, 0x0000000704a00000|100%| O|  |TAMS 0x0000000704800000| PB 0x0000000704800000| Untracked |  0
|   3|0x0000000704a00000, 0x0000000704c00000, 0x0000000704c00000|100%| O|  |TAMS 0x0000000704a00000| PB 0x0000000704a00000| Untracked |  0
|   4|0x0000000704c00000, 0x0000000704d93ab0, 0x0000000704e00000| 78%| O|  |TAMS 0x0000000704c00000| PB 0x0000000704c00000| Untracked |  0
|   5|0x0000000704e00000, 0x0000000704e00000, 0x0000000705000000|  0%| F|  |TAMS 0x0000000704e00000| PB 0x0000000704e00000| Untracked |  0
|   6|0x0000000705000000, 0x0000000705000000, 0x0000000705200000|  0%| F|  |TAMS 0x0000000705000000| PB 0x0000000705000000| Untracked |  0
|   7|0x0000000705200000, 0x0000000705200000, 0x0000000705400000|  0%| F|  |TAMS 0x0000000705200000| PB 0x0000000705200000| Untracked |  0
|   8|0x0000000705400000, 0x0000000705400000, 0x0000000705600000|  0%| F|  |TAMS 0x0000000705400000| PB 0x0000000705400000| Untracked |  0
|   9|0x0000000705600000, 0x00000007057f98c0, 0x0000000705800000| 98%| S|CS|TAMS 0x0000000705600000| PB 0x0000000705600000| Complete |  0
|  10|0x0000000705800000, 0x0000000705800000, 0x0000000705a00000|  0%| F|  |TAMS 0x0000000705800000| PB 0x0000000705800000| Untracked |  0
|  11|0x0000000705a00000, 0x0000000705a00000, 0x0000000705c00000|  0%| F|  |TAMS 0x0000000705a00000| PB 0x0000000705a00000| Untracked |  0
|  12|0x0000000705c00000, 0x0000000705c00000, 0x0000000705e00000|  0%| F|  |TAMS 0x0000000705c00000| PB 0x0000000705c00000| Untracked |  0
|  13|0x0000000705e00000, 0x0000000705e00000, 0x0000000706000000|  0%| F|  |TAMS 0x0000000705e00000| PB 0x0000000705e00000| Untracked |  0
|  14|0x0000000706000000, 0x0000000706000000, 0x0000000706200000|  0%| F|  |TAMS 0x0000000706000000| PB 0x0000000706000000| Untracked |  0
|  15|0x0000000706200000, 0x0000000706397d20, 0x0000000706400000| 79%| E|  |TAMS 0x0000000706200000| PB 0x0000000706200000| Complete |  0
|  16|0x0000000706400000, 0x0000000706600000, 0x0000000706600000|100%| E|CS|TAMS 0x0000000706400000| PB 0x0000000706400000| Complete |  0
|  17|0x0000000706600000, 0x0000000706800000, 0x0000000706800000|100%| E|CS|TAMS 0x0000000706600000| PB 0x0000000706600000| Complete |  0
|  18|0x0000000706800000, 0x0000000706a00000, 0x0000000706a00000|100%| E|CS|TAMS 0x0000000706800000| PB 0x0000000706800000| Complete |  0
|  19|0x0000000706a00000, 0x0000000706c00000, 0x0000000706c00000|100%| E|CS|TAMS 0x0000000706a00000| PB 0x0000000706a00000| Complete |  0
|  20|0x0000000706c00000, 0x0000000706e00000, 0x0000000706e00000|100%| E|CS|TAMS 0x0000000706c00000| PB 0x0000000706c00000| Complete |  0
|  93|0x000000070fe00000, 0x0000000710000000, 0x0000000710000000|100%| E|CS|TAMS 0x000000070fe00000| PB 0x000000070fe00000| Complete |  0
|  94|0x0000000710000000, 0x0000000710200000, 0x0000000710200000|100%| E|CS|TAMS 0x0000000710000000| PB 0x0000000710000000| Complete |  0
|  95|0x0000000710200000, 0x0000000710400000, 0x0000000710400000|100%| E|CS|TAMS 0x0000000710200000| PB 0x0000000710200000| Complete |  0
|  96|0x0000000710400000, 0x0000000710600000, 0x0000000710600000|100%| E|CS|TAMS 0x0000000710400000| PB 0x0000000710400000| Complete |  0
|  97|0x0000000710600000, 0x0000000710800000, 0x0000000710800000|100%| E|CS|TAMS 0x0000000710600000| PB 0x0000000710600000| Complete |  0
| 125|0x0000000713e00000, 0x0000000714000000, 0x0000000714000000|100%| E|CS|TAMS 0x0000000713e00000| PB 0x0000000713e00000| Complete |  0
|2010|0x00000007ff800000, 0x00000007ffa00000, 0x00000007ffa00000|100%| O|  |TAMS 0x00000007ff800000| PB 0x00000007ff800000| Untracked |  0
|2011|0x00000007ffa00000, 0x00000007ffc00000, 0x00000007ffc00000|100%| O|  |TAMS 0x00000007ffa00000| PB 0x00000007ffa00000| Untracked |  0
|2012|0x00000007ffc00000, 0x00000007ffe00000, 0x00000007ffe00000|100%| O|  |TAMS 0x00000007ffc00000| PB 0x00000007ffc00000| Untracked |  0
|2013|0x00000007ffe00000, 0x0000000800000000, 0x0000000800000000|100%| E|CS|TAMS 0x00000007ffe00000| PB 0x00000007ffe00000| Complete |  0

Card table byte_map: [0x0000018efaea0000,0x0000018efb680000] _byte_map_base: 0x0000018ef767e000

Marking Bits: (CMBitMap*) 0x0000018ef9dd8860
 Bits: [0x0000018efb680000, 0x0000018eff570000)

Polling page: 0x0000018ef7d10000

Metaspace:

Usage:
  Non-class:     29.93 MB used.
      Class:      3.33 MB used.
       Both:     33.25 MB used.

Virtual space:
  Non-class space:       64.00 MB reserved,      30.12 MB ( 47%) committed,  1 nodes.
      Class space:        1.00 GB reserved,       3.44 MB ( <1%) committed,  1 nodes.
             Both:        1.06 GB reserved,      33.56 MB (  3%) committed. 

Chunk freelists:
   Non-Class:  1.00 MB
       Class:  12.47 MB
        Both:  13.47 MB

MaxMetaspaceSize: unlimited
CompressedClassSpaceSize: 1.00 GB
Initial GC threshold: 21.00 MB
Current GC threshold: 35.12 MB
CDS: on
 - commit_granule_bytes: 65536.
 - commit_granule_words: 8192.
 - virtual_space_node_default_size: 8388608.
 - enlarge_chunks_in_place: 1.
UseCompressedClassPointers 1, UseCompactObjectHeaders 0
Narrow klass pointer bits 32, Max shift 3
Narrow klass base: 0x0000018e9a000000, Narrow klass shift: 0
Encoding Range: [0x0000018e9a000000 - 0x0000018f9a000000), (4294967296 bytes)
Klass Range:    [0x0000018e9a000000 - 0x0000018edb000000), (1090519040 bytes)
Klass ID Range:  [8 - 1090519033) (1090519025)


Internal statistics:

num_allocs_failed_limit: 3.
num_arena_births: 246.
num_arena_deaths: 0.
num_vsnodes_births: 2.
num_vsnodes_deaths: 0.
num_space_committed: 537.
num_space_uncommitted: 0.
num_chunks_returned_to_freelist: 3.
num_chunks_taken_from_freelist: 1090.
num_chunk_merges: 3.
num_chunk_splits: 773.
num_chunks_enlarged: 629.
num_inconsistent_stats: 0.

CodeHeap 'non-profiled nmethods': size=119232Kb used=1716Kb max_used=1716Kb free=117515Kb
 bounds [0x0000018e90370000, 0x0000018e905e0000, 0x0000018e977e0000]
CodeHeap 'profiled nmethods': size=119104Kb used=8079Kb max_used=8079Kb free=111025Kb
 bounds [0x0000018e887e0000, 0x0000018e88fd0000, 0x0000018e8fc30000]
CodeHeap 'non-nmethods': size=7424Kb used=1679Kb max_used=3497Kb free=5744Kb
 bounds [0x0000018e8fc30000, 0x0000018e8ffb0000, 0x0000018e90370000]
CodeCache: size=245760Kb, used=11474Kb, max_used=13292Kb, free=234284Kb
 total_blobs=5316, nmethods=4636, adapters=585, full_count=0
Compilation: enabled, stopped_count=0, restarted_count=0

Compilation events (20 events):
Event: 330726.953 Thread 0x0000018edf026990 4624       3       java.lang.Thread::setDaemon (50 bytes)
Event: 330726.955 Thread 0x0000018edf026990 nmethod 4624 0x0000018e88fbe488 code [0x0000018e88fbe600, 0x0000018e88fbef70]
Event: 334667.956 Thread 0x0000018edf026990 4626       3       sun.awt.AppContext::stopEventDispatchThreads (108 bytes)
Event: 334667.963 Thread 0x0000018edf026990 nmethod 4626 0x0000018e88fbf008 code [0x0000018e88fbf2c0, 0x0000018e88fc09f0]
Event: 334974.857 Thread 0x0000018edf026990 4627       3       java.awt.AWTEvent::<init> (73 bytes)
Event: 334974.862 Thread 0x0000018edf026990 nmethod 4627 0x0000018e88fc0a88 code [0x0000018e88fc0bc0, 0x0000018e88fc0fa8]
Event: 334974.862 Thread 0x0000018edf026990 4628       3       java.util.EventObject::<init> (24 bytes)
Event: 334974.862 Thread 0x0000018edf026990 nmethod 4628 0x0000018e88fc1008 code [0x0000018e88fc1140, 0x0000018e88fc1400]
Event: 334974.862 Thread 0x0000018edf026990 4629   !   3       sun.awt.PostEventQueue::flush (168 bytes)
Event: 334974.863 Thread 0x0000018edf026990 nmethod 4629 0x0000018e88fc1488 code [0x0000018e88fc16c0, 0x0000018e88fc2900]
Event: 334974.863 Thread 0x0000018edf026990 4630   !   3       java.awt.EventQueue::postEventPrivate (104 bytes)
Event: 334974.865 Thread 0x0000018edf026990 nmethod 4630 0x0000018e88fc2988 code [0x0000018e88fc2b60, 0x0000018e88fc3438]
Event: 367351.708 Thread 0x0000018edf012940 4631       4       java.lang.Integer::numberOfLeadingZeros (78 bytes)
Event: 367351.714 Thread 0x0000018edf012940 nmethod 4631 0x0000018e9051c788 code [0x0000018e9051c880, 0x0000018e9051c938]
Event: 498256.055 Thread 0x0000018edf026990 4632       1       java.util.logging.LogManager::getUserContext (5 bytes)
Event: 498256.060 Thread 0x0000018edf026990 nmethod 4632 0x0000018e9051ca88 code [0x0000018e9051cb80, 0x0000018e9051cc48]
Event: 498256.221 Thread 0x0000018edf026990 4633       3       java.util.concurrent.ConcurrentHashMap$Traverser::<init> (36 bytes)
Event: 498256.225 Thread 0x0000018edf026990 nmethod 4633 0x0000018e88fc3488 code [0x0000018e88fc35a0, 0x0000018e88fc37a8]
Event: 498256.225 Thread 0x0000018edf026990 4634       3       java.util.concurrent.ConcurrentHashMap$BaseIterator::<init> (21 bytes)
Event: 498256.226 Thread 0x0000018edf026990 nmethod 4634 0x0000018e88fc3808 code [0x0000018e88fc3940, 0x0000018e88fc3ba8]

GC Heap History (8 events):
Event: 0.779 GC heap before
{Heap before GC invocations=0 (full 0):
 garbage-first heap   total reserved 4124672K, committed 260096K, used 50292K [0x0000000704400000, 0x0000000800000000)
  region size 2048K, 24 young (49152K), 0 survivors (0K)
 Metaspace       used 14583K, committed 14784K, reserved 1114112K
  class space    used 1407K, committed 1472K, reserved 1048576K
}
Event: 0.784 GC heap after
{Heap after GC invocations=1 (full 0):
 garbage-first heap   total reserved 4124672K, committed 260096K, used 7336K [0x0000000704400000, 0x0000000800000000)
  region size 2048K, 3 young (6144K), 3 survivors (6144K)
 Metaspace       used 14583K, committed 14784K, reserved 1114112K
  class space    used 1407K, committed 1472K, reserved 1048576K
}
Event: 1.397 GC heap before
{Heap before GC invocations=1 (full 0):
 garbage-first heap   total reserved 4124672K, committed 260096K, used 56488K [0x0000000704400000, 0x0000000800000000)
  region size 2048K, 28 young (57344K), 3 survivors (6144K)
 Metaspace       used 21288K, committed 21504K, reserved 1114112K
  class space    used 2143K, committed 2240K, reserved 1048576K
}
Event: 1.404 GC heap after
{Heap after GC invocations=2 (full 0):
 garbage-first heap   total reserved 4124672K, committed 260096K, used 11077K [0x0000000704400000, 0x0000000800000000)
  region size 2048K, 5 young (10240K), 5 survivors (10240K)
 Metaspace       used 21288K, committed 21504K, reserved 1114112K
  class space    used 2143K, committed 2240K, reserved 1048576K
}
Event: 2.075 GC heap before
{Heap before GC invocations=3 (full 0):
 garbage-first heap   total reserved 4124672K, committed 49152K, used 45893K [0x0000000704400000, 0x0000000800000000)
  region size 2048K, 22 young (45056K), 5 survivors (10240K)
 Metaspace       used 30261K, committed 30592K, reserved 1114112K
  class space    used 3083K, committed 3264K, reserved 1048576K
}
Event: 2.083 GC heap after
{Heap after GC invocations=4 (full 0):
 garbage-first heap   total reserved 4124672K, committed 63488K, used 14264K [0x0000000704400000, 0x0000000800000000)
  region size 2048K, 4 young (8192K), 4 survivors (8192K)
 Metaspace       used 30261K, committed 30592K, reserved 1114112K
  class space    used 3083K, committed 3264K, reserved 1048576K
}
Event: 253196.230 GC heap before
{Heap before GC invocations=4 (full 0):
 garbage-first heap   total reserved 4124672K, committed 63488K, used 40888K [0x0000000704400000, 0x0000000800000000)
  region size 2048K, 17 young (34816K), 4 survivors (8192K)
 Metaspace       used 33537K, committed 33856K, reserved 1114112K
  class space    used 3370K, committed 3520K, reserved 1048576K
}
Event: 253196.280 GC heap after
{Heap after GC invocations=5 (full 0):
 garbage-first heap   total reserved 4124672K, committed 63488K, used 15976K [0x0000000704400000, 0x0000000800000000)
  region size 2048K, 1 young (2048K), 1 survivors (2048K)
 Metaspace       used 33537K, committed 33856K, reserved 1114112K
  class space    used 3370K, committed 3520K, reserved 1048576K
}

Dll operation events (12 events):
Event: 0.008 Loaded shared library C:\Program Files\Java\jdk-24\bin\java.dll
Event: 0.030 Loaded shared library C:\Program Files\Java\jdk-24\bin\jsvml.dll
Event: 0.065 Loaded shared library C:\Program Files\Java\jdk-24\bin\net.dll
Event: 0.067 Loaded shared library C:\Program Files\Java\jdk-24\bin\nio.dll
Event: 0.069 Loaded shared library C:\Program Files\Java\jdk-24\bin\zip.dll
Event: 0.129 Loaded shared library C:\Program Files\Java\jdk-24\bin\jimage.dll
Event: 1.131 Loaded shared library C:\Program Files\Java\jdk-24\bin\verify.dll
Event: 1.704 Loaded shared library C:\Program Files\Java\jdk-24\bin\extnet.dll
Event: 1.768 Loaded shared library C:\Program Files\Java\jdk-24\bin\sunmscapi.dll
Event: 2.035 Loaded shared library C:\Program Files\Java\jdk-24\bin\management.dll
Event: 2.037 Loaded shared library C:\Program Files\Java\jdk-24\bin\management_ext.dll
Event: 2.479 Loaded shared library C:\Program Files\Java\jdk-24\bin\awt.dll

Deoptimization events (20 events):
Event: 2.014 Thread 0x0000018ee39b6e60 Uncommon trap: trap_request=0xffffffde fr.pc=0x0000018e904978c4 relative=0x0000000000008e24
Event: 2.014 Thread 0x0000018ee39b6e60 Uncommon trap: reason=class_check action=maybe_recompile pc=0x0000018e904978c4 method=jdk.internal.util.ReferencedKeyMap.existingKey(Ljdk/internal/util/ReferencedKeyMap;Ljava/lang/Object;)Ljava/lang/Object; @ 13 c2
Event: 2.014 Thread 0x0000018ee39b6e60 DEOPT PACKING pc=0x0000018e904978c4 sp=0x00000029805feb30
Event: 2.014 Thread 0x0000018ee39b6e60 DEOPT UNPACKING pc=0x0000018e8fd57b82 sp=0x00000029805fea10 mode 2
Event: 3.281 Thread 0x0000018ee4b12730 Uncommon trap: trap_request=0xffffff4d fr.pc=0x0000018e9048a734 relative=0x0000000000000c34
Event: 3.281 Thread 0x0000018ee4b12730 Uncommon trap: reason=unstable_if action=reinterpret pc=0x0000018e9048a734 method=java.util.concurrent.ConcurrentHashMap.putVal(Ljava/lang/Object;Ljava/lang/Object;Z)Ljava/lang/Object; @ 97 c2
Event: 3.281 Thread 0x0000018ee4b12730 DEOPT PACKING pc=0x0000018e9048a734 sp=0x00000029814fe840
Event: 3.281 Thread 0x0000018ee4b12730 DEOPT UNPACKING pc=0x0000018e8fd57b82 sp=0x00000029814fe7b8 mode 2
Event: 3.282 Thread 0x0000018ee4b11fe0 Uncommon trap: trap_request=0xffffff54 fr.pc=0x0000018e904a1cd8 relative=0x0000000000006f38
Event: 3.282 Thread 0x0000018ee4b11fe0 Uncommon trap: reason=speculate_null_assert action=make_not_entrant pc=0x0000018e904a1cd8 method=jdk.internal.util.ReferencedKeyMap.internKey(Ljdk/internal/util/ReferencedKeyMap;Ljava/lang/Object;)Ljava/lang/Object; @ 28 c2
Event: 3.282 Thread 0x0000018ee4b11fe0 DEOPT PACKING pc=0x0000018e904a1cd8 sp=0x00000029812fe3b0
Event: 3.282 Thread 0x0000018ee4b11fe0 DEOPT UNPACKING pc=0x0000018e8fd57b82 sp=0x00000029812fe200 mode 2
Event: 3.286 Thread 0x0000018ee4b14470 Uncommon trap: trap_request=0xffffff54 fr.pc=0x0000018e90490f38 relative=0x0000000000002498
Event: 3.286 Thread 0x0000018ee4b14470 Uncommon trap: reason=speculate_null_assert action=make_not_entrant pc=0x0000018e90490f38 method=jdk.internal.util.ReferencedKeyMap.internKey(Ljdk/internal/util/ReferencedKeyMap;Ljava/lang/Object;)Ljava/lang/Object; @ 28 c2
Event: 3.286 Thread 0x0000018ee4b14470 DEOPT PACKING pc=0x0000018e90490f38 sp=0x00000029801fdfb0
Event: 3.286 Thread 0x0000018ee4b14470 DEOPT UNPACKING pc=0x0000018e8fd57b82 sp=0x00000029801fde98 mode 2
Event: 3.322 Thread 0x0000018ee4b14470 Uncommon trap: trap_request=0xffffffde fr.pc=0x0000018e9046eb80 relative=0x0000000000000060
Event: 3.322 Thread 0x0000018ee4b14470 Uncommon trap: reason=class_check action=maybe_recompile pc=0x0000018e9046eb80 method=java.lang.Thread.yield()V @ 5 c2
Event: 3.322 Thread 0x0000018ee4b14470 DEOPT PACKING pc=0x0000018e9046eb80 sp=0x00000029801fec60
Event: 3.322 Thread 0x0000018ee4b14470 DEOPT UNPACKING pc=0x0000018e8fd57b82 sp=0x00000029801febf0 mode 2

Classes loaded (20 events):
Event: 498258.066 Loading class sun/awt/image/SurfaceManager$ProxyCache
Event: 498258.067 Loading class sun/awt/image/SurfaceManager$ProxyCache done
Event: 498258.194 Loading class sun/awt/Win32GraphicsConfig
Event: 498258.221 Loading class sun/awt/image/SurfaceManager$ProxiedGraphicsConfig
Event: 498258.222 Loading class sun/awt/image/SurfaceManager$ProxiedGraphicsConfig done
Event: 498258.222 Loading class java/awt/GraphicsConfiguration
Event: 498258.222 Loading class java/awt/GraphicsConfiguration done
Event: 498258.222 Loading class sun/awt/Win32GraphicsConfig done
Event: 498258.239 Loading class java/awt/Rectangle
Event: 498258.246 Loading class java/awt/Shape
Event: 498258.246 Loading class java/awt/Shape done
Event: 498258.252 Loading class java/awt/geom/Rectangle2D
Event: 498258.258 Loading class java/awt/geom/RectangularShape
Event: 498258.258 Loading class java/awt/geom/RectangularShape done
Event: 498258.258 Loading class java/awt/geom/Rectangle2D done
Event: 498258.258 Loading class java/awt/Rectangle done
Event: 498259.262 Loading class java/awt/MenuComponent
Event: 498259.263 Loading class java/awt/MenuComponent done
Event: 498259.264 Loading class java/awt/TrayIcon
Event: 498259.266 Loading class java/awt/TrayIcon done

Classes unloaded (0 events):
No events

Classes redefined (0 events):
No events

Internal exceptions (20 events):
Event: 1.996 Thread 0x0000018ee39b8ba0 Exception <a 'java/lang/NoSuchMethodError'{0x000000070529a730}: 'void java.lang.invoke.DelegatingMethodHandle$Holder.delegate(java.lang.Object, java.lang.Object, int, java.lang.Object)'> (0x000000070529a730) 
thrown [s\open\src\hotspot\share\interpreter\linkResolver.cpp, line 805]
Event: 2.004 Thread 0x0000018ef79e2ed0 Exception <a 'sun/nio/fs/WindowsException'{0x00000007064a7d68}> (0x00000007064a7d68) 
thrown [s\open\src\hotspot\share\prims\jni.cpp, line 518]
Event: 2.008 Thread 0x0000018ef79e2ed0 Exception <a 'sun/nio/fs/WindowsException'{0x00000007064e9358}> (0x00000007064e9358) 
thrown [s\open\src\hotspot\share\prims\jni.cpp, line 518]
Event: 2.011 Thread 0x0000018ef79e2ed0 Exception <a 'java/lang/ClassNotFoundException'{0x00000007050a7410}: io/qameta/allure/csv/CsvExportBehaviorBeanInfo> (0x00000007050a7410) 
thrown [s\open\src\hotspot\share\classfile\systemDictionary.cpp, line 327]
Event: 2.011 Thread 0x0000018ef79e2ed0 Exception <a 'java/lang/ClassNotFoundException'{0x00000007050a8960}: io/qameta/allure/csv/CsvExportBehaviorCustomizer> (0x00000007050a8960) 
thrown [s\open\src\hotspot\share\classfile\systemDictionary.cpp, line 327]
Event: 2.015 Thread 0x0000018ef79e2ed0 Exception <a 'sun/nio/fs/WindowsException'{0x00000007050ed390}> (0x00000007050ed390) 
thrown [s\open\src\hotspot\share\prims\jni.cpp, line 518]
Event: 2.019 Thread 0x0000018ef79e2ed0 Exception <a 'sun/nio/fs/WindowsException'{0x0000000704bfa2a8}> (0x0000000704bfa2a8) 
thrown [s\open\src\hotspot\share\prims\jni.cpp, line 518]
Event: 2.041 Thread 0x0000018ef79e2ed0 Exception <a 'java/lang/NoSuchMethodError'{0x0000000704952c68}: 'java.lang.Object java.lang.invoke.DirectMethodHandle$Holder.invokeStatic(java.lang.Object, int, java.lang.Object)'> (0x0000000704952c68) 
thrown [s\open\src\hotspot\share\interpreter\linkResolver.cpp, line 805]
Event: 2.044 Thread 0x0000018ef79e2ed0 Exception <a 'java/lang/NoSuchMethodError'{0x0000000704984e98}: 'void java.lang.invoke.DirectMethodHandle$Holder.invokeStaticInit(java.lang.Object)'> (0x0000000704984e98) 
thrown [s\open\src\hotspot\share\interpreter\linkResolver.cpp, line 805]
Event: 2.064 Thread 0x0000018ef79e2ed0 Exception <a 'java/lang/NoSuchMethodError'{0x00000007047167d8}: 'int java.lang.invoke.DirectMethodHandle$Holder.invokeSpecial(java.lang.Object, java.lang.Object, int)'> (0x00000007047167d8) 
thrown [s\open\src\hotspot\share\interpreter\linkResolver.cpp, line 805]
Event: 2.109 Thread 0x0000018ef79e2ed0 Exception <a 'java/lang/NoSuchMethodError'{0x00000007106383a8}: 'void java.lang.invoke.DirectMethodHandle$Holder.invokeInterface(java.lang.Object, java.lang.Object)'> (0x00000007106383a8) 
thrown [s\open\src\hotspot\share\interpreter\linkResolver.cpp, line 805]
Event: 2.122 Thread 0x0000018ef79e2ed0 Exception <a 'java/lang/ClassNotFoundException'{0x0000000710656a48}: sun/awt/resources/spi/awtProvider> (0x0000000710656a48) 
thrown [s\open\src\hotspot\share\classfile\systemDictionary.cpp, line 327]
Event: 2.481 Thread 0x0000018ef79e2ed0 Exception <a 'java/io/FileNotFoundException'{0x000000071066aef0}> (0x000000071066aef0) 
thrown [s\open\src\hotspot\share\prims\jni.cpp, line 518]
Event: 2.482 Thread 0x0000018ef79e2ed0 Exception <a 'java/io/FileNotFoundException'{0x000000071067c9f8}> (0x000000071067c9f8) 
thrown [s\open\src\hotspot\share\prims\jni.cpp, line 518]
Event: 3.331 Thread 0x0000018ee4b11140 Exception <a 'java/lang/NoSuchMethodError'{0x00000007105cc3f0}: 'void java.lang.invoke.DirectMethodHandle$Holder.invokeVirtual(java.lang.Object, java.lang.Object, int)'> (0x00000007105cc3f0) 
thrown [s\open\src\hotspot\share\interpreter\linkResolver.cpp, line 805]
Event: 498257.304 Thread 0x0000018ee4b11140 Exception <a 'java/lang/NoSuchMethodError'{0x0000000706341b38}: 'long java.lang.invoke.DirectMethodHandle$Holder.invokeStatic(java.lang.Object, java.lang.Object)'> (0x0000000706341b38) 
thrown [s\open\src\hotspot\share\interpreter\linkResolver.cpp, line 805]
Event: 498257.389 Thread 0x0000018ee4b11140 Exception <a 'java/lang/NoSuchMethodError'{0x0000000706349b58}: 'long java.lang.invoke.DirectMethodHandle$Holder.invokeStaticInit(java.lang.Object, java.lang.Object)'> (0x0000000706349b58) 
thrown [s\open\src\hotspot\share\interpreter\linkResolver.cpp, line 805]
Event: 498257.404 Thread 0x0000018ee4b11140 Exception <a 'java/lang/NoSuchMethodError'{0x000000070634e048}: 'java.lang.Object java.lang.invoke.DirectMethodHandle$Holder.invokeStatic(java.lang.Object, long, java.lang.Object)'> (0x000000070634e048) 
thrown [s\open\src\hotspot\share\interpreter\linkResolver.cpp, line 805]
Event: 498257.408 Thread 0x0000018ee4b11140 Exception <a 'java/lang/NoSuchMethodError'{0x000000070635a3f8}: 'java.lang.Object java.lang.invoke.DirectMethodHandle$Holder.invokeStaticInit(java.lang.Object, long, java.lang.Object)'> (0x000000070635a3f8) 
thrown [s\open\src\hotspot\share\interpreter\linkResolver.cpp, line 805]
Event: 498257.414 Thread 0x0000018ee4b11140 Exception <a 'java/lang/NoSuchMethodError'{0x0000000706362650}: 'java.lang.Object java.lang.invoke.DirectMethodHandle$Holder.invokeStaticInit(java.lang.Object, long)'> (0x0000000706362650) 
thrown [s\open\src\hotspot\share\interpreter\linkResolver.cpp, line 805]

VM Operations (20 events):
Event: 496719.977 Executing VM operation: HandshakeAllThreads (HandshakeForDeflation)
Event: 496719.977 Executing VM operation: HandshakeAllThreads (HandshakeForDeflation) done
Event: 496719.978 Executing VM operation: RendezvousGCThreads
Event: 496719.978 Executing VM operation: RendezvousGCThreads done
Event: 497020.553 Executing VM operation: HandshakeAllThreads (HandshakeForDeflation)
Event: 497020.553 Executing VM operation: HandshakeAllThreads (HandshakeForDeflation) done
Event: 497020.554 Executing VM operation: RendezvousGCThreads
Event: 497020.554 Executing VM operation: RendezvousGCThreads done
Event: 497080.657 Executing VM operation: HandshakeAllThreads (HandshakeForDeflation)
Event: 497080.658 Executing VM operation: HandshakeAllThreads (HandshakeForDeflation) done
Event: 497080.658 Executing VM operation: RendezvousGCThreads
Event: 497080.658 Executing VM operation: RendezvousGCThreads done
Event: 497621.714 Executing VM operation: HandshakeAllThreads (HandshakeForDeflation)
Event: 497621.714 Executing VM operation: HandshakeAllThreads (HandshakeForDeflation) done
Event: 497621.714 Executing VM operation: RendezvousGCThreads
Event: 497621.714 Executing VM operation: RendezvousGCThreads done
Event: 498256.347 Executing VM operation: HandshakeAllThreads (Deoptimize)
Event: 498256.348 Executing VM operation: HandshakeAllThreads (Deoptimize) done
Event: 498257.106 Executing VM operation: HandshakeAllThreads (Deoptimize)
Event: 498257.106 Executing VM operation: HandshakeAllThreads (Deoptimize) done

Memory protections (0 events):
No events

Nmethod flushes (0 events):
No events

Events (20 events):
Event: 496667.902 Thread 0x0000018ee4b11890 Thread added: 0x0000018ee4b11140
Event: 496668.945 Thread 0x0000018ee4b11140 Thread exited: 0x0000018ee4b11140
Event: 496984.567 Thread 0x0000018ee4b11890 Thread added: 0x0000018ee4b11140
Event: 496985.569 Thread 0x0000018ee4b11140 Thread exited: 0x0000018ee4b11140
Event: 497047.143 Thread 0x0000018ee4b11890 Thread added: 0x0000018ee4b11140
Event: 497048.222 Thread 0x0000018ee4b11140 Thread exited: 0x0000018ee4b11140
Event: 497606.862 Thread 0x0000018ee4b11890 Thread added: 0x0000018ee4b11140
Event: 497607.876 Thread 0x0000018ee4b11140 Thread exited: 0x0000018ee4b11140
Event: 497610.365 Thread 0x0000018ee4b11890 Thread added: 0x0000018ee4b11fe0
Event: 497611.382 Thread 0x0000018ee4b11fe0 Thread exited: 0x0000018ee4b11fe0
Event: 498247.865 Thread 0x0000018ee4b11890 Thread added: 0x0000018ee4b11fe0
Event: 498250.588 Thread 0x0000018ee4b11fe0 Thread exited: 0x0000018ee4b11fe0
Event: 498251.308 Thread 0x0000018ee4b11890 Thread added: 0x0000018ee4b11140
Event: 498254.628 Thread 0x0000018ee4b11140 Thread exited: 0x0000018ee4b11140
Event: 498255.362 Thread 0x0000018ee4b11890 Thread added: 0x0000018ee4b11fe0
Event: 498256.063 Thread 0x0000018ee4b11890 Thread added: 0x0000018ee4b11140
Event: 498259.262 Thread 0x0000018ee4b11fe0 Thread exited: 0x0000018ee4b11fe0
Event: 498259.266 Thread 0x0000018ee4b11140 Thread exited: 0x0000018ee4b11140
Event: 498260.077 Thread 0x0000018ee4b11890 Thread added: 0x0000018ee4b11fe0
Event: 498260.293 Thread 0x0000018ee4b11890 Thread added: 0x0000018ee4b11140


Dynamic libraries:
0x00007ff610e70000 - 0x00007ff610e80000 	C:\Program Files\Java\jdk-24\bin\java.exe
0x00007ffa9fd80000 - 0x00007ffa9ffe7000 	C:\Windows\SYSTEM32\ntdll.dll
0x00007ffa9e490000 - 0x00007ffa9e559000 	C:\Windows\System32\KERNEL32.DLL
0x00007ffa9ceb0000 - 0x00007ffa9d2a0000 	C:\Windows\System32\KERNELBASE.dll
0x00007ffa9d3f0000 - 0x00007ffa9d53b000 	C:\Windows\System32\ucrtbase.dll
0x00007ffa96a40000 - 0x00007ffa96a5b000 	C:\Program Files\Java\jdk-24\bin\VCRUNTIME140.dll
0x00007ffa96a20000 - 0x00007ffa96a36000 	C:\Program Files\Java\jdk-24\bin\jli.dll
0x00007ffa9ea90000 - 0x00007ffa9ec55000 	C:\Windows\System32\USER32.dll
0x00007ffa9d5d0000 - 0x00007ffa9d5f7000 	C:\Windows\System32\win32u.dll
0x00007ffa80060000 - 0x00007ffa802fa000 	C:\Windows\WinSxS\amd64_microsoft.windows.common-controls_6595b64144ccf1df_6.0.26100.4768_none_3e0c112ce331287c\COMCTL32.dll
0x00007ffa9f190000 - 0x00007ffa9f1bb000 	C:\Windows\System32\GDI32.dll
0x00007ffa9e8f0000 - 0x00007ffa9e999000 	C:\Windows\System32\msvcrt.dll
0x00007ffa9d2b0000 - 0x00007ffa9d3e8000 	C:\Windows\System32\gdi32full.dll
0x00007ffa9d8e0000 - 0x00007ffa9d983000 	C:\Windows\System32\msvcp_win.dll
0x00007ffa9e2c0000 - 0x00007ffa9e2ef000 	C:\Windows\System32\IMM32.DLL
0x00007ffa98ad0000 - 0x00007ffa98adc000 	C:\Program Files\Java\jdk-24\bin\vcruntime140_1.dll
0x00007ffa85ff0000 - 0x00007ffa8607e000 	C:\Program Files\Java\jdk-24\bin\msvcp140.dll
0x00007ff9ea5f0000 - 0x00007ff9eb391000 	C:\Program Files\Java\jdk-24\bin\server\jvm.dll
0x00007ffa9e9d0000 - 0x00007ffa9ea84000 	C:\Windows\System32\ADVAPI32.dll
0x00007ffa9eee0000 - 0x00007ffa9ef86000 	C:\Windows\System32\sechost.dll
0x00007ffa9e300000 - 0x00007ffa9e418000 	C:\Windows\System32\RPCRT4.dll
0x00007ffa9fc40000 - 0x00007ffa9fcb4000 	C:\Windows\System32\WS2_32.dll
0x00007ffa9cd10000 - 0x00007ffa9cd6e000 	C:\Windows\SYSTEM32\POWRPROF.dll
0x00007ffa92fb0000 - 0x00007ffa92fbb000 	C:\Windows\SYSTEM32\VERSION.dll
0x00007ffa91e10000 - 0x00007ffa91e45000 	C:\Windows\SYSTEM32\WINMM.dll
0x00007ffa9ccf0000 - 0x00007ffa9cd04000 	C:\Windows\SYSTEM32\UMPDC.dll
0x00007ffa9bac0000 - 0x00007ffa9badb000 	C:\Windows\SYSTEM32\kernel.appcore.dll
0x00007ffa989e0000 - 0x00007ffa989ea000 	C:\Program Files\Java\jdk-24\bin\jimage.dll
0x00007ffa9a180000 - 0x00007ffa9a3c1000 	C:\Windows\SYSTEM32\DBGHELP.DLL
0x00007ffa9e560000 - 0x00007ffa9e8e5000 	C:\Windows\System32\combase.dll
0x00007ffa9ec60000 - 0x00007ffa9ed40000 	C:\Windows\System32\OLEAUT32.dll
0x00007ffa62480000 - 0x00007ffa624c3000 	C:\Windows\SYSTEM32\dbgcore.DLL
0x00007ffa9d840000 - 0x00007ffa9d8d9000 	C:\Windows\System32\bcryptPrimitives.dll
0x00007ffa96a00000 - 0x00007ffa96a1e000 	C:\Program Files\Java\jdk-24\bin\java.dll
0x00007ffa9efe0000 - 0x00007ffa9f180000 	C:\Windows\System32\ole32.dll
0x00007ffa9f230000 - 0x00007ffa9f97d000 	C:\Windows\System32\SHELL32.dll
0x00007ffa9d600000 - 0x00007ffa9d773000 	C:\Windows\System32\wintypes.dll
0x00007ffa9a860000 - 0x00007ffa9b0c0000 	C:\Windows\SYSTEM32\windows.storage.dll
0x00007ffa9f980000 - 0x00007ffa9fa75000 	C:\Windows\System32\SHCORE.dll
0x00007ffa9f1c0000 - 0x00007ffa9f22a000 	C:\Windows\System32\shlwapi.dll
0x00007ffa9cdd0000 - 0x00007ffa9cdf9000 	C:\Windows\SYSTEM32\profapi.dll
0x00007ffa6ed80000 - 0x00007ffa6ee57000 	C:\Program Files\Java\jdk-24\bin\jsvml.dll
0x00007ffa969e0000 - 0x00007ffa969f0000 	C:\Program Files\Java\jdk-24\bin\net.dll
0x00007ffa9c160000 - 0x00007ffa9c1cb000 	C:\Windows\system32\mswsock.dll
0x00007ffa939c0000 - 0x00007ffa939d6000 	C:\Program Files\Java\jdk-24\bin\nio.dll
0x00007ffa86160000 - 0x00007ffa86177000 	C:\Program Files\Java\jdk-24\bin\zip.dll
0x00007ffa9c540000 - 0x00007ffa9c55b000 	C:\Windows\SYSTEM32\CRYPTSP.dll
0x00007ffa9ba20000 - 0x00007ffa9ba5b000 	C:\Windows\system32\rsaenh.dll
0x00007ffa9c200000 - 0x00007ffa9c22b000 	C:\Windows\SYSTEM32\USERENV.dll
0x00007ffa9cda0000 - 0x00007ffa9cdc6000 	C:\Windows\SYSTEM32\bcrypt.dll
0x00007ffa9c520000 - 0x00007ffa9c52c000 	C:\Windows\SYSTEM32\CRYPTBASE.dll
0x00007ffa9b2f0000 - 0x00007ffa9b323000 	C:\Windows\SYSTEM32\IPHLPAPI.DLL
0x00007ffa9eed0000 - 0x00007ffa9eeda000 	C:\Windows\System32\NSI.dll
0x00007ffa969d0000 - 0x00007ffa969e0000 	C:\Program Files\Java\jdk-24\bin\verify.dll
0x00007ffa9bd20000 - 0x00007ffa9bd56000 	C:\Windows\SYSTEM32\ntmarta.dll
0x00007ffa6b130000 - 0x00007ffa6b148000 	C:\Windows\system32\napinsp.dll
0x00007ffa9b390000 - 0x00007ffa9b4b6000 	C:\Windows\SYSTEM32\DNSAPI.dll
0x00007ffa6a590000 - 0x00007ffa6a5a2000 	C:\Windows\System32\winrnr.dll
0x00007ffa65540000 - 0x00007ffa65570000 	C:\Windows\system32\nlansp_c.dll
0x00007ffa91350000 - 0x00007ffa91370000 	C:\Windows\system32\wshbth.dll
0x00007ffa91e00000 - 0x00007ffa91e0b000 	C:\Windows\System32\rasadhlp.dll
0x00007ffa95920000 - 0x00007ffa959a6000 	C:\Windows\System32\fwpuclnt.dll
0x00007ffa96900000 - 0x00007ffa96909000 	C:\Program Files\Java\jdk-24\bin\extnet.dll
0x00007ffa939b0000 - 0x00007ffa939be000 	C:\Program Files\Java\jdk-24\bin\sunmscapi.dll
0x00007ffa9d990000 - 0x00007ffa9db07000 	C:\Windows\System32\CRYPT32.dll
0x00007ffa9c6a0000 - 0x00007ffa9c6d0000 	C:\Windows\SYSTEM32\ncrypt.dll
0x00007ffa9c650000 - 0x00007ffa9c68f000 	C:\Windows\SYSTEM32\NTASN1.dll
0x00007ffa913d0000 - 0x00007ffa913da000 	C:\Program Files\Java\jdk-24\bin\management.dll
0x00007ffa91340000 - 0x00007ffa9134b000 	C:\Program Files\Java\jdk-24\bin\management_ext.dll
0x00007ffa9fb30000 - 0x00007ffa9fb38000 	C:\Windows\System32\PSAPI.DLL
0x00007ffa4a1b0000 - 0x00007ffa4a1b8000 	C:\Windows\system32\wshunix.dll
0x00007ffa4cc10000 - 0x00007ffa4cd8f000 	C:\Program Files\Java\jdk-24\bin\awt.dll
0x00007ffa99220000 - 0x00007ffa992be000 	C:\Windows\SYSTEM32\apphelp.dll
0x00007ffa99760000 - 0x00007ffa9980f000 	C:\Windows\system32\uxtheme.dll
0x00007ffa9ed50000 - 0x00007ffa9eeb1000 	C:\Windows\System32\MSCTF.dll
0x00007ffa99640000 - 0x00007ffa99656000 	C:\Windows\system32\Wtsapi32.dll
0x00007ffa9cac0000 - 0x00007ffa9cb2a000 	C:\Windows\SYSTEM32\WINSTA.dll
0x00007ffa9a560000 - 0x00007ffa9a66d000 	C:\Windows\SYSTEM32\PROPSYS.dll
0x00007ffa856c0000 - 0x00007ffa858a5000 	C:\Windows\SYSTEM32\urlmon.dll
0x00007ffa852e0000 - 0x00007ffa855aa000 	C:\Windows\SYSTEM32\iertutil.dll
0x00007ffa87160000 - 0x00007ffa87189000 	C:\Windows\SYSTEM32\srvcli.dll
0x00007ffa9b240000 - 0x00007ffa9b24d000 	C:\Windows\SYSTEM32\netutils.dll
0x00007ffa9fa80000 - 0x00007ffa9fb28000 	C:\Windows\System32\clbcatq.dll
0x00007ffa53840000 - 0x00007ffa5385f000 	C:\Windows\System32\Windows.Shell.ServiceHostBuilder.dll
0x00007ffa88690000 - 0x00007ffa88cd4000 	C:\Windows\System32\OneCoreUAPCommonProxyStub.dll
0x00007ffa624d0000 - 0x00007ffa62651000 	C:\Windows\System32\Windows.System.Launcher.dll
0x00007ffa867e0000 - 0x00007ffa867fa000 	C:\Windows\SYSTEM32\windows.staterepositorycore.dll
0x00007ffa99620000 - 0x00007ffa9962d000 	C:\Windows\SYSTEM32\Secur32.dll
0x00007ffa9bea0000 - 0x00007ffa9bee9000 	C:\Windows\SYSTEM32\SSPICLI.DLL
0x00007ffa44940000 - 0x00007ffa44984000 	C:\Windows\SYSTEM32\MLANG.dll
0x00007ffa80300000 - 0x00007ffa80589000 	C:\Windows\SYSTEM32\WININET.dll
0x00007ffa63180000 - 0x00007ffa63244000 	C:\Windows\System32\Windows.StateRepositoryPS.dll
0x00007ffa872b0000 - 0x00007ffa87300000 	C:\Windows\SYSTEM32\windows.staterepositoryclient.dll
0x00007ffa81020000 - 0x00007ffa8113f000 	C:\Windows\SYSTEM32\mrmcorer.dll
0x00007ffa644c0000 - 0x00007ffa644f4000 	C:\Windows\SYSTEM32\bcp47mrm.dll
0x00007ffa87bb0000 - 0x00007ffa87d08000 	C:\Windows\System32\Windows.UI.dll
0x00007ffa62450000 - 0x00007ffa62479000 	C:\Windows\SYSTEM32\edputil.dll
0x00007ffa9ca30000 - 0x00007ffa9ca87000 	C:\Windows\SYSTEM32\CFGMGR32.dll
0x00007ffa99ae0000 - 0x00007ffa99b15000 	C:\Windows\system32\DWMAPI.DLL
0x00007ffa55850000 - 0x00007ffa55968000 	C:\Windows\system32\opengl32.dll
0x00007ffa55c30000 - 0x00007ffa55c5d000 	C:\Windows\SYSTEM32\GLU32.dll
0x00007ffa99a70000 - 0x00007ffa99abd000 	C:\Windows\SYSTEM32\dxcore.dll

JVMTI agents: none

dbghelp: loaded successfully - version: 4.0.5 - missing functions: none
symbol engine: initialized successfully - sym options: 0x614 - pdb path: .;C:\Program Files\Java\jdk-24\bin;C:\Windows\SYSTEM32;C:\Windows\WinSxS\amd64_microsoft.windows.common-controls_6595b64144ccf1df_6.0.26100.4768_none_3e0c112ce331287c;C:\Program Files\Java\jdk-24\bin\server

VM Arguments:
java_command: io.qameta.allure.CommandLine serve C:\Users\cmirzac\IdeaProjects\AutomationUpskilling\target\allure-results
java_class_path (initial): C:\Users\cmirzac\IdeaProjects\AutomationUpskilling\.allure\allure-2.20.1\lib\activation-1.1.jar;C:\Users\cmirzac\IdeaProjects\AutomationUpskilling\.allure\allure-2.20.1\lib\allure-commandline-2.20.1.jar;C:\Users\cmirzac\IdeaProjects\AutomationUpskilling\.allure\allure-2.20.1\lib\allure-generator-2.20.1.jar;C:\Users\cmirzac\IdeaProjects\AutomationUpskilling\.allure\allure-2.20.1\lib\allure-model-2.20.0.jar;C:\Users\cmirzac\IdeaProjects\AutomationUpskilling\.allure\allure-2.20.1\lib\allure-plugin-api-2.20.1.jar;C:\Users\cmirzac\IdeaProjects\AutomationUpskilling\.allure\allure-2.20.1\lib\allure1-model-1.0.jar;C:\Users\cmirzac\IdeaProjects\AutomationUpskilling\.allure\allure-2.20.1\lib\annotations-15.0.jar;C:\Users\cmirzac\IdeaProjects\AutomationUpskilling\.allure\allure-2.20.1\lib\commons-beanutils-1.9.4.jar;C:\Users\cmirzac\IdeaProjects\AutomationUpskilling\.allure\allure-2.20.1\lib\commons-codec-1.11.jar;C:\Users\cmirzac\IdeaProjects\AutomationUpskilling\.allure\allure-2.20.1\lib\commons-collections-3.2.2.jar;C:\Users\cmirzac\IdeaProjects\AutomationUpskilling\.allure\allure-2.20.1\lib\commons-collections4-4.2.jar;C:\Users\cmirzac\IdeaProjects\AutomationUpskilling\.allure\allure-2.20.1\lib\commons-io-2.11.0.jar;C:\Users\cmirzac\IdeaProjects\AutomationUpskilling\.allure\allure-2.20.1\lib\commons-lang3-3.12.0.jar;C:\Users\cmirzac\IdeaProjects\AutomationUpskilling\.allure\allure-2.20.1\lib\commons-logging-1.2.jar;C:\Users\cmirzac\IdeaProjects\AutomationUpskilling\.allure\allure-2.20.1\lib\commons-text-1.3.jar;C:\Users\cmirzac\IdeaProjects\AutomationUpskilling\.allure\allure-2.20.1\lib\flexmark-0.62.2.jar;C:\Users\cmirzac\IdeaProjects\AutomationUpskilling\.allure\allure-2.20.1\lib\flexmark-ext-tables-0.62.2.jar;C:\Users\cmirzac\IdeaProjects\AutomationUpskilling\.allure\allure-2.20.1\lib\flexmark-util-0.62.2.jar;C:\Users\cmirzac\IdeaProjects\AutomationUpskilling\.allure\allure-2.20.1\lib\flexmark-util-ast-0.62.2.jar;C:\Users\cmirzac\IdeaProjects\AutomationUpskilling\.allure\allure-2.20.1\lib\flexmark-util-builder-0.62.2.jar;C:\Users\cmirzac\IdeaProjects\AutomationUpskilling\.allure\allure-2.20.1\lib\flexmark-util-collection-0.62.2.jar;C:\Users\cmirzac\IdeaProjects\AutomationUpskilling\.allure\allure-2.20.1\lib\flexmark-util-data-0.62.2.jar;C:\Users\cmirzac\IdeaProjects\AutomationUpskilling\.allure\allure-2.20.1\lib\flexmark-util-dependency-0.62.2.jar;C:\Users\cmirzac\IdeaProjects\AutomationUpskilling\.allure\allure-2.20.1\lib\flexmark-util-format-0.62.2.jar;C:\Users\cmirzac\IdeaProjects\AutomationUpskilling\.allure\allure-2.20.1\lib\flexmark-util-html-0.62.2.jar;C:\Users\cmirzac\IdeaProjects\AutomationUpskilling\.allure\allure-2.20.1\lib\flexmark-util-misc-0.62.2.jar;C:\Users\cmirzac\IdeaProjects\AutomationUpskilling\.allure\allure-2.20.1\lib\flexmark-util-options-0.62.2.jar;C:\Users\cmirzac\IdeaProjects\AutomationUpskilling\.allure\allure-2.20.1\lib\flexmark-util-sequence-0.62.2.jar;C:\Users\cmirzac\IdeaProjects\AutomationUpskilling\.allure\allure-2.20.1\lib\flexmark-util-visitor-0.62.2.jar;C:\Users\cmirzac\IdeaProjects\AutomationUpskilling\.allure\allure-2.20.1\lib\freemarker-2.3.31.jar;C:\Users\cmirzac\IdeaProjects\AutomationUpskilling\.allure\allure-2.20.1\lib\httpclient-4.5.13.jar;C:\Users\cmirzac\IdeaProjects\AutomationUpskilling\.allure\allure-2.20.1\lib\httpcore-4.4.13.jar;C:\Users\cmirzac\IdeaProjects\AutomationUpskilling\.allure\allure-2.20.1\lib\jackson-annotations-2.14.0.jar;C:\Users\cmirzac\IdeaProjects\AutomationUpskilling\.allure\allure-2.20.1\lib\jackson-core-2.14.0.jar;C:\Users\cmirzac\IdeaProjects\AutomationUpskilling\.allure\allure-2.20.1\lib\jackson-databind-2.14.0.jar;C:\Users\cmirzac\IdeaProjects\AutomationUpskilling\.allure\allure-2.20.1\lib\jackson-dataformat-xml-2.14.0.jar;C:\Users\cmirzac\IdeaProjects\AutomationUpskilling\.allure\allure-2.20.1\lib\jackson-dataformat-yaml-2.14.0.jar;C:\Users\cmirzac\IdeaProjects\AutomationUpskilling\.allure\allure-2.20.1\lib\jackson-module-jaxb-annotations-2.14.0.jar;C:\Users\cmirzac\IdeaProjects\AutomationUpskilling\.allure\allure-2.20.1\lib\jakarta.activation-api-1.2.2.jar;C:\Users\cmirzac\IdeaProjects\AutomationUpskilling\.allure\allure-2.20.1\lib\jakarta.xml.bind-api-2.3.3.jar;C:\Users\cmirzac\IdeaProjects\AutomationUpskilling\.allure\allure-2.20.1\lib\javax.activation-api-1.2.0.jar;C:\Users\cmirzac\IdeaProjects\AutomationUpskilling\.allure\allure-2.20.1\lib\javax.mail-1.6.2.jar;C:\Users\cmirzac\IdeaProjects\AutomationUpskilling\.allure\allure-2.20.1\lib\javax.servlet-api-3.1.0.jar;C:\Users\cmirzac\IdeaProjects\AutomationUpskilling\.allure\allure-2.20.1\lib\jaxb-api-2.3.1.jar;C:\Users\cmirzac\IdeaProjects\AutomationUpskilling\.allure\allure-2.20.1\lib\jaxb-utils-1.0.jar;C:\Users\cmirzac\IdeaProjects\AutomationUpskilling\.allure\allure-2.20.1\lib\jcommander-1.82.jar;C:\Users\cmirzac\IdeaProjects\AutomationUpskilling\.allure\allure-2.20.1\lib\jetty-http-9.4.49.v20220914.jar;C:\Users\cmirzac\IdeaProjects\AutomationUpskilling\.allure\allure-2.20.1\lib\jetty-io-9.4.49.v20220914.jar;C:\Users\cmirzac\IdeaProjects\AutomationUpskilling\.allure\allure-2.20.1\lib\jetty-server-9.4.49.v20220914.jar;C:\Users\cmirzac\IdeaProjects\AutomationUpskilling\.allure\allure-2.20.1\lib\jetty-util-9.4.49.v20220914.jar;C:\Users\cmirzac\IdeaProjects\AutomationUpskilling\.allure\allure-2.20.1\lib\logback-classic-1.3.4.jar;C:\Users\cmirzac\IdeaProjects\AutomationUpskilling\.allure\allure-2.20.1\lib\logback-core-1.3.4.jar;C:\Users\cmirzac\IdeaProjects\AutomationUpskilling\.allure\allure-2.20.1\lib\opencsv-4.6.jar;C:\Users\cmirzac\IdeaProjects\AutomationUpskilling\.allure\allure-2.20.1\lib\properties-2.0.RC5.jar;C:\Users\cmirzac\IdeaProjects\AutomationUpskilling\.allure\allure-2.20.1\lib\slf4j-api-2.0.3.jar;C:\Users\cmirzac\IdeaProjects\AutomationUpskilling\.allure\allure-2.20.1\lib\snakeyaml-1.33.jar;C:\Users\cmirzac\IdeaProjects\AutomationUpskilling\.allure\allure-2.20.1\lib\stax2-api-4.2.1.jar;C:\Users\cmirzac\IdeaProjects\AutomationUpskilling\.allure\allure-2.20.1\lib\tika-core-2.6.0.jar;C:\Users\cmirzac\IdeaProjects\AutomationUpskilling\.allure\allure-2.20.1\lib\woodstox-core-6.4.0.jar;C:\Users\cmirzac\IdeaProjects\AutomationUpskilling\.allure\allure-2.20.1\lib\config
Launcher Type: SUN_STANDARD

[Global flags]
     intx CICompilerCount                          = 12                                        {product} {ergonomic}
     uint ConcGCThreads                            = 3                                         {product} {ergonomic}
     uint G1ConcRefinementThreads                  = 13                                        {product} {ergonomic}
   size_t G1HeapRegionSize                         = 2097152                                   {product} {ergonomic}
   size_t InitialHeapSize                          = 264241152                                 {product} {ergonomic}
   size_t MarkStackSize                            = 4194304                                   {product} {ergonomic}
   size_t MarkStackSizeMax                         = 536870912                                 {product} {ergonomic}
   size_t MaxHeapSize                              = 4223664128                                {product} {ergonomic}
   size_t MaxNewSize                               = 2533359616                                {product} {ergonomic}
   size_t MinHeapDeltaBytes                        = 2097152                                   {product} {ergonomic}
   size_t MinHeapSize                              = 8388608                                   {product} {ergonomic}
    uintx NonNMethodCodeHeapSize                   = 7602176                                {pd product} {ergonomic}
    uintx NonProfiledCodeHeapSize                  = 122093568                              {pd product} {ergonomic}
    uintx ProfiledCodeHeapSize                     = 121962496                              {pd product} {ergonomic}
    uintx ReservedCodeCacheSize                    = 251658240                              {pd product} {ergonomic}
     bool SegmentedCodeCache                       = true                                      {product} {ergonomic}
   size_t SoftMaxHeapSize                          = 4223664128                             {manageable} {ergonomic}
     bool UseCompressedOops                        = true                           {product lp64_product} {ergonomic}
     bool UseG1GC                                  = true                                      {product} {ergonomic}
     bool UseLargePagesIndividualAllocation        = false                                  {pd product} {ergonomic}

Logging:
Log output configuration:
 #0: stdout all=warning uptime,level,tags foldmultilines=false
 #1: stderr all=off uptime,level,tags foldmultilines=false

Environment Variables:
JAVA_HOME=C:\Program Files\Java\jdk-24
CLASSPATH=C:\Users\cmirzac\IdeaProjects\AutomationUpskilling\.allure\allure-2.20.1\lib\*;C:\Users\cmirzac\IdeaProjects\AutomationUpskilling\.allure\allure-2.20.1\lib\config
PATH=C:\Program Files\Common Files\Oracle\Java\javapath;C:\Windows\system32;C:\Windows;C:\Windows\System32\Wbem;C:\Windows\System32\WindowsPowerShell\v1.0\;C:\Windows\System32\OpenSSH\;C:\Program Files\dotnet\;C:\allure\bin;C:\Program Files\Git\cmd;C:\Users\cmirzac\AppData\Local\Microsoft\WindowsApps;C:\allure\bin;
USERNAME=cmirzac
OS=Windows_NT
PROCESSOR_IDENTIFIER=Intel64 Family 6 Model 141 Stepping 1, GenuineIntel
TMP=C:\Users\cmirzac\AppData\Local\Temp
TEMP=C:\Users\cmirzac\AppData\Local\Temp




Periodic native trim disabled

---------------  S Y S T E M  ---------------

OS:
 Windows 11 , 64 bit Build 26100 (10.0.26100.4768)
OS uptime: 5 days 23:41 hours
Hyper-V role detected

CPU: total 16 (initial active 16) (8 cores per cpu, 2 threads per core) family 6 model 141 stepping 1 microcode 0x56, cx8, cmov, fxsr, ht, mmx, 3dnowpref, sse, sse2, sse3, ssse3, sse4.1, sse4.2, popcnt, lzcnt, tsc, tscinvbit, avx, avx2, aes, erms, clmul, bmi1, bmi2, adx, avx512f, avx512dq, avx512cd, avx512bw, avx512vl, sha, fma, vzeroupper, avx512_vpopcntdq, avx512_vpclmulqdq, avx512_vaes, avx512_vnni, clflush, clflushopt, clwb, avx512_vbmi2, avx512_vbmi, hv, rdtscp, rdpid, fsrm, gfni, avx512_bitalg, f16c, cet_ibt, cet_ss, avx512_ifma
Processor Information for processor 0
  Max Mhz: 2496, Current Mhz: 2496, Mhz Limit: 2496
Processor Information for processor 1
  Max Mhz: 2496, Current Mhz: 2496, Mhz Limit: 2496
Processor Information for processor 2
  Max Mhz: 2496, Current Mhz: 1996, Mhz Limit: 2496
Processor Information for processor 3
  Max Mhz: 2496, Current Mhz: 1996, Mhz Limit: 2496
Processor Information for processor 4
  Max Mhz: 2496, Current Mhz: 2496, Mhz Limit: 2496
Processor Information for processor 5
  Max Mhz: 2496, Current Mhz: 1996, Mhz Limit: 2496
Processor Information for processor 6
  Max Mhz: 2496, Current Mhz: 1996, Mhz Limit: 2496
Processor Information for processor 7
  Max Mhz: 2496, Current Mhz: 1996, Mhz Limit: 2496
Processor Information for processor 8
  Max Mhz: 2496, Current Mhz: 2496, Mhz Limit: 2496
Processor Information for processor 9
  Max Mhz: 2496, Current Mhz: 1996, Mhz Limit: 2496
Processor Information for processor 10
  Max Mhz: 2496, Current Mhz: 1996, Mhz Limit: 2496
Processor Information for processor 11
  Max Mhz: 2496, Current Mhz: 2496, Mhz Limit: 2496
Processor Information for processor 12
  Max Mhz: 2496, Current Mhz: 2496, Mhz Limit: 2496
Processor Information for processor 13
  Max Mhz: 2496, Current Mhz: 2496, Mhz Limit: 2496
Processor Information for processor 14
  Max Mhz: 2496, Current Mhz: 1996, Mhz Limit: 2496
Processor Information for processor 15
  Max Mhz: 2496, Current Mhz: 1996, Mhz Limit: 2496

Memory: 4k page, system-wide physical 16106M (3945M free)
TotalPageFile size 24667M (AvailPageFile size 1756M)
current process WorkingSet (physical memory assigned to process): 44M, peak: 243M
current process commit charge ("private bytes"): 218M, peak: 450M

vm_info: Java HotSpot(TM) 64-Bit Server VM (24.0.2+12-54) for windows-amd64 JRE (24.0.2+12-54), built on 2025-07-08T12:10:27Z with MS VC++ 17.6 (VS2022)

END.
